Archive member included to satisfy reference by file (symbol)

C:\Users\Bernd\Documents\Atmel Studio\7.0\Cass2SD\Cass2SD\ff_avr\Debug_debugwire\libff_avr.a(diskio.o)
                              main.o (disk_timerproc)
C:\Users\Bernd\Documents\Atmel Studio\7.0\Cass2SD\Cass2SD\ff_avr\Debug_debugwire\libff_avr.a(ff.o)
                              main.o (f_mount)
C:\Users\Bernd\Documents\Atmel Studio\7.0\Cass2SD\Cass2SD\ff_avr\Debug_debugwire\libff_avr.a(mmc_avr_spi.o)
                              C:\Users\Bernd\Documents\Atmel Studio\7.0\Cass2SD\Cass2SD\ff_avr\Debug_debugwire\libff_avr.a(diskio.o) (mmc_disk_initialize)
C:\Users\Bernd\Documents\Atmel Studio\7.0\Cass2SD\Cass2SD\ff_avr\Debug_debugwire\libff_avr.a(xitoa.o)
                              main.o (xfunc_out)
C:\Users\Bernd\Documents\Atmel Studio\7.0\Cass2SD\Cass2SD\lcd\Debug_debugwire\liblcd.a(lcd.o)
                              display_util.o (lcd_gotoxy)
c:/program files (x86)/atmel/studio/7.0/toolchain/avr8/avr8-gnu-toolchain/bin/../lib/gcc/avr/5.4.0/avr5\libgcc.a(_udivmodsi4.o)
                              C:\Users\Bernd\Documents\Atmel Studio\7.0\Cass2SD\Cass2SD\ff_avr\Debug_debugwire\libff_avr.a(ff.o) (__udivmodsi4)
c:/program files (x86)/atmel/studio/7.0/toolchain/avr8/avr8-gnu-toolchain/bin/../lib/gcc/avr/5.4.0/avr5\libgcc.a(_exit.o)
                              C:/Program Files (x86)/Atmel/Studio/7.0/Packs/atmel/ATmega_DFP/1.2.132/gcc/dev/atmega328p/avr5/crtatmega328p.o (exit)
c:/program files (x86)/atmel/studio/7.0/toolchain/avr8/avr8-gnu-toolchain/bin/../lib/gcc/avr/5.4.0/avr5\libgcc.a(_tablejump2.o)
                              C:\Users\Bernd\Documents\Atmel Studio\7.0\Cass2SD\Cass2SD\ff_avr\Debug_debugwire\libff_avr.a(mmc_avr_spi.o) (__tablejump2__)
c:/program files (x86)/atmel/studio/7.0/toolchain/avr8/avr8-gnu-toolchain/bin/../lib/gcc/avr/5.4.0/avr5\libgcc.a(_copy_data.o)
                              debounced_keys.o (__do_copy_data)
c:/program files (x86)/atmel/studio/7.0/toolchain/avr8/avr8-gnu-toolchain/bin/../lib/gcc/avr/5.4.0/avr5\libgcc.a(_clear_bss.o)
                              debounced_keys.o (__do_clear_bss)
c:/program files (x86)/atmel/studio/7.0/toolchain/avr8/avr8-gnu-toolchain/bin/../lib/gcc/avr/5.4.0/avr5\libgcc.a(_umulhisi3.o)
                              C:\Users\Bernd\Documents\Atmel Studio\7.0\Cass2SD\Cass2SD\ff_avr\Debug_debugwire\libff_avr.a(mmc_avr_spi.o) (__umulhisi3)
c:/program files (x86)/atmel/studio/7.0/toolchain/avr8/avr8-gnu-toolchain/bin/../lib/gcc/avr/5.4.0/avr5\libgcc.a(_muluhisi3.o)
                              C:\Users\Bernd\Documents\Atmel Studio\7.0\Cass2SD\Cass2SD\ff_avr\Debug_debugwire\libff_avr.a(ff.o) (__muluhisi3)
c:/program files (x86)/atmel/studio/7.0/toolchain/avr8/avr8-gnu-toolchain/bin/../lib/gcc/avr/5.4.0/../../../../avr/lib/avr5\libc.a(strcmp_P.o)
                              kc_cass_send_file.o (strcmp_P)
c:/program files (x86)/atmel/studio/7.0/toolchain/avr8/avr8-gnu-toolchain/bin/../lib/gcc/avr/5.4.0/../../../../avr/lib/avr5\libc.a(strncmp_P.o)
                              kc_cass_send_file.o (strncmp_P)
c:/program files (x86)/atmel/studio/7.0/toolchain/avr8/avr8-gnu-toolchain/bin/../lib/gcc/avr/5.4.0/../../../../avr/lib/avr5\libc.a(memset.o)
                              kc_cass_send_file.o (memset)
c:/program files (x86)/atmel/studio/7.0/toolchain/avr8/avr8-gnu-toolchain/bin/../lib/gcc/avr/5.4.0/../../../../avr/lib/avr5\libc.a(strchr.o)
                              kc_cass_send_file.o (strchr)

Allocating common symbols
Common symbol       size              file

FatFs               0x233             main.o
Finfo               0x16              main.o
keys_changed_bitmap
                    0x1               debounced_keys.o
fhdl                0x22              kc_cass_send_file.o
dir_name            0xd               display_util.o
Dir                 0x28              main.o
fr                  0x2               kc_cass_send_file.o
buf                 0x82              kc_cass_send_file.o
select_key_pressed  0x1               debounced_keys.o
keys_bitmap         0x1               debounced_keys.o

Discarded input sections

 .data          0x00000000        0x0 C:/Program Files (x86)/Atmel/Studio/7.0/Packs/atmel/ATmega_DFP/1.2.132/gcc/dev/atmega328p/avr5/crtatmega328p.o
 .bss           0x00000000        0x0 C:/Program Files (x86)/Atmel/Studio/7.0/Packs/atmel/ATmega_DFP/1.2.132/gcc/dev/atmega328p/avr5/crtatmega328p.o
 .group         0x00000000        0x8 debounced_keys.o
 .group         0x00000000        0x8 debounced_keys.o
 .group         0x00000000        0x8 debounced_keys.o
 .group         0x00000000        0x8 debounced_keys.o
 .group         0x00000000        0x8 debounced_keys.o
 .group         0x00000000        0x8 debounced_keys.o
 .group         0x00000000        0x8 debounced_keys.o
 .group         0x00000000        0x8 debounced_keys.o
 .group         0x00000000        0x8 debounced_keys.o
 .group         0x00000000        0x8 debounced_keys.o
 .group         0x00000000        0x8 debounced_keys.o
 .group         0x00000000        0x8 debounced_keys.o
 .group         0x00000000        0x8 debounced_keys.o
 .text          0x00000000        0x0 debounced_keys.o
 .data          0x00000000        0x0 debounced_keys.o
 .bss           0x00000000        0x0 debounced_keys.o
 .group         0x00000000        0x8 display_util.o
 .group         0x00000000        0x8 display_util.o
 .group         0x00000000        0x8 display_util.o
 .group         0x00000000        0x8 display_util.o
 .group         0x00000000        0x8 display_util.o
 .group         0x00000000        0x8 display_util.o
 .group         0x00000000        0x8 display_util.o
 .group         0x00000000        0x8 display_util.o
 .group         0x00000000        0x8 display_util.o
 .group         0x00000000        0x8 display_util.o
 .group         0x00000000        0x8 display_util.o
 .group         0x00000000        0x8 display_util.o
 .group         0x00000000        0x8 display_util.o
 .group         0x00000000        0x8 display_util.o
 .group         0x00000000        0x8 display_util.o
 .group         0x00000000        0x8 display_util.o
 .group         0x00000000        0x8 display_util.o
 .group         0x00000000        0x8 display_util.o
 .group         0x00000000        0x8 display_util.o
 .group         0x00000000        0x8 display_util.o
 .group         0x00000000        0x8 display_util.o
 .group         0x00000000        0x8 display_util.o
 .group         0x00000000        0x8 display_util.o
 .text          0x00000000        0x0 display_util.o
 .data          0x00000000        0x0 display_util.o
 .bss           0x00000000        0x0 display_util.o
 .text.display_debug_and_block
                0x00000000       0x70 display_util.o
 .progmem.data.pct_X_str
                0x00000000       0x15 display_util.o
 .debug_macro   0x00000000      0xa54 display_util.o
 .debug_macro   0x00000000      0x1c9 display_util.o
 .debug_macro   0x00000000     0x1410 display_util.o
 .debug_macro   0x00000000      0x13a display_util.o
 .debug_macro   0x00000000       0xbd display_util.o
 .debug_macro   0x00000000       0x34 display_util.o
 .debug_macro   0x00000000       0x18 display_util.o
 .debug_macro   0x00000000       0x6c display_util.o
 .debug_macro   0x00000000       0x22 display_util.o
 .group         0x00000000        0x8 kc_cass_format_def.o
 .group         0x00000000        0x8 kc_cass_format_def.o
 .group         0x00000000        0x8 kc_cass_format_def.o
 .group         0x00000000        0x8 kc_cass_format_def.o
 .group         0x00000000        0x8 kc_cass_format_def.o
 .group         0x00000000        0x8 kc_cass_format_def.o
 .group         0x00000000        0x8 kc_cass_format_def.o
 .group         0x00000000        0x8 kc_cass_format_def.o
 .group         0x00000000        0x8 kc_cass_format_def.o
 .group         0x00000000        0x8 kc_cass_format_def.o
 .group         0x00000000        0x8 kc_cass_format_def.o
 .group         0x00000000        0x8 kc_cass_format_def.o
 .group         0x00000000        0x8 kc_cass_format_def.o
 .group         0x00000000        0x8 kc_cass_format_def.o
 .text          0x00000000        0x0 kc_cass_format_def.o
 .data          0x00000000        0x0 kc_cass_format_def.o
 .bss           0x00000000        0x0 kc_cass_format_def.o
 .debug_macro   0x00000000      0xa54 kc_cass_format_def.o
 .debug_macro   0x00000000       0x10 kc_cass_format_def.o
 .debug_macro   0x00000000      0x1c9 kc_cass_format_def.o
 .debug_macro   0x00000000      0x2fc kc_cass_format_def.o
 .debug_macro   0x00000000       0x89 kc_cass_format_def.o
 .debug_macro   0x00000000       0xaa kc_cass_format_def.o
 .debug_macro   0x00000000     0x1410 kc_cass_format_def.o
 .debug_macro   0x00000000      0x13a kc_cass_format_def.o
 .debug_macro   0x00000000       0xbd kc_cass_format_def.o
 .debug_macro   0x00000000       0x34 kc_cass_format_def.o
 .debug_macro   0x00000000       0x18 kc_cass_format_def.o
 .debug_macro   0x00000000       0x6c kc_cass_format_def.o
 .debug_macro   0x00000000       0xee kc_cass_format_def.o
 .debug_macro   0x00000000       0x28 kc_cass_format_def.o
 .group         0x00000000        0x8 kc_cass_recv_file.o
 .group         0x00000000        0x8 kc_cass_recv_file.o
 .group         0x00000000        0x8 kc_cass_recv_file.o
 .group         0x00000000        0x8 kc_cass_recv_file.o
 .group         0x00000000        0x8 kc_cass_recv_file.o
 .group         0x00000000        0x8 kc_cass_recv_file.o
 .group         0x00000000        0x8 kc_cass_recv_file.o
 .group         0x00000000        0x8 kc_cass_recv_file.o
 .group         0x00000000        0x8 kc_cass_recv_file.o
 .group         0x00000000        0x8 kc_cass_recv_file.o
 .group         0x00000000        0x8 kc_cass_recv_file.o
 .group         0x00000000        0x8 kc_cass_recv_file.o
 .group         0x00000000        0x8 kc_cass_recv_file.o
 .group         0x00000000        0x8 kc_cass_recv_file.o
 .group         0x00000000        0x8 kc_cass_recv_file.o
 .group         0x00000000        0x8 kc_cass_recv_file.o
 .group         0x00000000        0x8 kc_cass_recv_file.o
 .group         0x00000000        0x8 kc_cass_recv_file.o
 .group         0x00000000        0x8 kc_cass_recv_file.o
 .group         0x00000000        0x8 kc_cass_recv_file.o
 .group         0x00000000        0x8 kc_cass_recv_file.o
 .group         0x00000000        0x8 kc_cass_recv_file.o
 .group         0x00000000        0x8 kc_cass_recv_file.o
 .group         0x00000000        0x8 kc_cass_recv_file.o
 .group         0x00000000        0x8 kc_cass_recv_file.o
 .group         0x00000000        0x8 kc_cass_recv_file.o
 .text          0x00000000        0x0 kc_cass_recv_file.o
 .data          0x00000000        0x0 kc_cass_recv_file.o
 .bss           0x00000000        0x0 kc_cass_recv_file.o
 .debug_macro   0x00000000      0xa54 kc_cass_recv_file.o
 .debug_macro   0x00000000       0x10 kc_cass_recv_file.o
 .debug_macro   0x00000000      0x1c9 kc_cass_recv_file.o
 .debug_macro   0x00000000      0x2fc kc_cass_recv_file.o
 .debug_macro   0x00000000       0x9e kc_cass_recv_file.o
 .debug_macro   0x00000000     0x1410 kc_cass_recv_file.o
 .debug_macro   0x00000000      0x13a kc_cass_recv_file.o
 .debug_macro   0x00000000       0xbd kc_cass_recv_file.o
 .debug_macro   0x00000000       0x34 kc_cass_recv_file.o
 .debug_macro   0x00000000       0x18 kc_cass_recv_file.o
 .debug_macro   0x00000000       0x6c kc_cass_recv_file.o
 .debug_macro   0x00000000       0x10 kc_cass_recv_file.o
 .debug_macro   0x00000000       0x89 kc_cass_recv_file.o
 .debug_macro   0x00000000       0xee kc_cass_recv_file.o
 .debug_macro   0x00000000       0x10 kc_cass_recv_file.o
 .debug_macro   0x00000000      0x160 kc_cass_recv_file.o
 .debug_macro   0x00000000       0x22 kc_cass_recv_file.o
 .debug_macro   0x00000000       0x16 kc_cass_recv_file.o
 .debug_macro   0x00000000       0xe9 kc_cass_recv_file.o
 .debug_macro   0x00000000       0xe2 kc_cass_recv_file.o
 .debug_macro   0x00000000      0x1e3 kc_cass_recv_file.o
 .group         0x00000000        0x8 kc_cass_send_file.o
 .group         0x00000000        0x8 kc_cass_send_file.o
 .group         0x00000000        0x8 kc_cass_send_file.o
 .group         0x00000000        0x8 kc_cass_send_file.o
 .group         0x00000000        0x8 kc_cass_send_file.o
 .group         0x00000000        0x8 kc_cass_send_file.o
 .group         0x00000000        0x8 kc_cass_send_file.o
 .group         0x00000000        0x8 kc_cass_send_file.o
 .group         0x00000000        0x8 kc_cass_send_file.o
 .group         0x00000000        0x8 kc_cass_send_file.o
 .group         0x00000000        0x8 kc_cass_send_file.o
 .group         0x00000000        0x8 kc_cass_send_file.o
 .group         0x00000000        0x8 kc_cass_send_file.o
 .group         0x00000000        0x8 kc_cass_send_file.o
 .group         0x00000000        0x8 kc_cass_send_file.o
 .group         0x00000000        0x8 kc_cass_send_file.o
 .group         0x00000000        0x8 kc_cass_send_file.o
 .group         0x00000000        0x8 kc_cass_send_file.o
 .group         0x00000000        0x8 kc_cass_send_file.o
 .group         0x00000000        0x8 kc_cass_send_file.o
 .group         0x00000000        0x8 kc_cass_send_file.o
 .group         0x00000000        0x8 kc_cass_send_file.o
 .group         0x00000000        0x8 kc_cass_send_file.o
 .group         0x00000000        0x8 kc_cass_send_file.o
 .group         0x00000000        0x8 kc_cass_send_file.o
 .group         0x00000000        0x8 kc_cass_send_file.o
 .group         0x00000000        0x8 kc_cass_send_file.o
 .group         0x00000000        0x8 kc_cass_send_file.o
 .text          0x00000000        0x0 kc_cass_send_file.o
 .data          0x00000000        0x0 kc_cass_send_file.o
 .bss           0x00000000        0x0 kc_cass_send_file.o
 .bss.has_checksum
                0x00000000        0x1 kc_cass_send_file.o
 .debug_macro   0x00000000      0xa54 kc_cass_send_file.o
 .debug_macro   0x00000000       0x10 kc_cass_send_file.o
 .debug_macro   0x00000000      0x1c9 kc_cass_send_file.o
 .debug_macro   0x00000000      0x2fc kc_cass_send_file.o
 .debug_macro   0x00000000       0x9e kc_cass_send_file.o
 .debug_macro   0x00000000     0x1410 kc_cass_send_file.o
 .debug_macro   0x00000000      0x13a kc_cass_send_file.o
 .debug_macro   0x00000000       0xbd kc_cass_send_file.o
 .debug_macro   0x00000000       0x34 kc_cass_send_file.o
 .debug_macro   0x00000000       0x18 kc_cass_send_file.o
 .debug_macro   0x00000000       0x6c kc_cass_send_file.o
 .debug_macro   0x00000000       0x69 kc_cass_send_file.o
 .debug_macro   0x00000000       0x10 kc_cass_send_file.o
 .debug_macro   0x00000000       0x89 kc_cass_send_file.o
 .debug_macro   0x00000000       0xee kc_cass_send_file.o
 .debug_macro   0x00000000       0x16 kc_cass_send_file.o
 .debug_macro   0x00000000       0x20 kc_cass_send_file.o
 .debug_macro   0x00000000       0x10 kc_cass_send_file.o
 .debug_macro   0x00000000      0x160 kc_cass_send_file.o
 .debug_macro   0x00000000       0x22 kc_cass_send_file.o
 .debug_macro   0x00000000       0x16 kc_cass_send_file.o
 .debug_macro   0x00000000       0xe9 kc_cass_send_file.o
 .debug_macro   0x00000000       0xe2 kc_cass_send_file.o
 .debug_macro   0x00000000       0xd6 kc_cass_send_file.o
 .debug_macro   0x00000000      0x1e3 kc_cass_send_file.o
 .debug_macro   0x00000000       0x28 kc_cass_send_file.o
 .group         0x00000000        0x8 main.o
 .group         0x00000000        0x8 main.o
 .group         0x00000000        0x8 main.o
 .group         0x00000000        0x8 main.o
 .group         0x00000000        0x8 main.o
 .group         0x00000000        0x8 main.o
 .group         0x00000000        0x8 main.o
 .group         0x00000000        0x8 main.o
 .group         0x00000000        0x8 main.o
 .group         0x00000000        0x8 main.o
 .group         0x00000000        0x8 main.o
 .group         0x00000000        0x8 main.o
 .group         0x00000000        0x8 main.o
 .group         0x00000000        0x8 main.o
 .group         0x00000000        0x8 main.o
 .group         0x00000000        0x8 main.o
 .group         0x00000000        0x8 main.o
 .group         0x00000000        0x8 main.o
 .group         0x00000000        0x8 main.o
 .group         0x00000000        0x8 main.o
 .group         0x00000000        0x8 main.o
 .group         0x00000000        0x8 main.o
 .group         0x00000000        0x8 main.o
 .group         0x00000000        0x8 main.o
 .group         0x00000000        0x8 main.o
 .group         0x00000000        0x8 main.o
 .group         0x00000000        0x8 main.o
 .group         0x00000000        0x8 main.o
 .group         0x00000000        0x8 main.o
 .group         0x00000000        0x8 main.o
 .group         0x00000000        0x8 main.o
 .group         0x00000000        0x8 main.o
 .text          0x00000000        0x0 main.o
 .data          0x00000000        0x0 main.o
 .bss           0x00000000        0x0 main.o
 .debug_macro   0x00000000      0xa54 main.o
 .debug_macro   0x00000000       0x10 main.o
 .debug_macro   0x00000000      0x1c9 main.o
 .debug_macro   0x00000000      0x2fc main.o
 .debug_macro   0x00000000       0x9e main.o
 .debug_macro   0x00000000     0x1410 main.o
 .debug_macro   0x00000000      0x13a main.o
 .debug_macro   0x00000000       0xbd main.o
 .debug_macro   0x00000000       0x34 main.o
 .debug_macro   0x00000000       0x18 main.o
 .debug_macro   0x00000000       0x6c main.o
 .debug_macro   0x00000000       0x69 main.o
 .debug_macro   0x00000000       0x10 main.o
 .debug_macro   0x00000000       0x89 main.o
 .debug_macro   0x00000000       0xee main.o
 .debug_macro   0x00000000       0x16 main.o
 .debug_macro   0x00000000       0x20 main.o
 .debug_macro   0x00000000       0x10 main.o
 .debug_macro   0x00000000      0x160 main.o
 .debug_macro   0x00000000       0x22 main.o
 .debug_macro   0x00000000       0x16 main.o
 .debug_macro   0x00000000       0xe9 main.o
 .debug_macro   0x00000000       0xe2 main.o
 .debug_macro   0x00000000       0xd6 main.o
 .debug_macro   0x00000000      0x1e3 main.o
 .debug_macro   0x00000000       0x46 main.o
 .debug_macro   0x00000000       0x28 main.o
 .debug_macro   0x00000000       0x22 main.o
 .debug_macro   0x00000000       0x34 main.o
 .debug_macro   0x00000000       0x1c main.o
 .text          0x00000000        0x0 C:\Users\Bernd\Documents\Atmel Studio\7.0\Cass2SD\Cass2SD\ff_avr\Debug_debugwire\libff_avr.a(diskio.o)
 .data          0x00000000        0x0 C:\Users\Bernd\Documents\Atmel Studio\7.0\Cass2SD\Cass2SD\ff_avr\Debug_debugwire\libff_avr.a(diskio.o)
 .bss           0x00000000        0x0 C:\Users\Bernd\Documents\Atmel Studio\7.0\Cass2SD\Cass2SD\ff_avr\Debug_debugwire\libff_avr.a(diskio.o)
 .text          0x00000000        0x0 C:\Users\Bernd\Documents\Atmel Studio\7.0\Cass2SD\Cass2SD\ff_avr\Debug_debugwire\libff_avr.a(ff.o)
 .data          0x00000000        0x0 C:\Users\Bernd\Documents\Atmel Studio\7.0\Cass2SD\Cass2SD\ff_avr\Debug_debugwire\libff_avr.a(ff.o)
 .bss           0x00000000        0x0 C:\Users\Bernd\Documents\Atmel Studio\7.0\Cass2SD\Cass2SD\ff_avr\Debug_debugwire\libff_avr.a(ff.o)
 .text.dir_remove
                0x00000000       0x38 C:\Users\Bernd\Documents\Atmel Studio\7.0\Cass2SD\Cass2SD\ff_avr\Debug_debugwire\libff_avr.a(ff.o)
 .text.f_write  0x00000000      0x3ca C:\Users\Bernd\Documents\Atmel Studio\7.0\Cass2SD\Cass2SD\ff_avr\Debug_debugwire\libff_avr.a(ff.o)
 .text.f_stat   0x00000000       0x82 C:\Users\Bernd\Documents\Atmel Studio\7.0\Cass2SD\Cass2SD\ff_avr\Debug_debugwire\libff_avr.a(ff.o)
 .text.f_getfree
                0x00000000      0x22c C:\Users\Bernd\Documents\Atmel Studio\7.0\Cass2SD\Cass2SD\ff_avr\Debug_debugwire\libff_avr.a(ff.o)
 .text.f_truncate
                0x00000000      0x13c C:\Users\Bernd\Documents\Atmel Studio\7.0\Cass2SD\Cass2SD\ff_avr\Debug_debugwire\libff_avr.a(ff.o)
 .text.f_unlink
                0x00000000      0x182 C:\Users\Bernd\Documents\Atmel Studio\7.0\Cass2SD\Cass2SD\ff_avr\Debug_debugwire\libff_avr.a(ff.o)
 .text.f_mkdir  0x00000000      0x2e4 C:\Users\Bernd\Documents\Atmel Studio\7.0\Cass2SD\Cass2SD\ff_avr\Debug_debugwire\libff_avr.a(ff.o)
 .text.f_rename
                0x00000000      0x22a C:\Users\Bernd\Documents\Atmel Studio\7.0\Cass2SD\Cass2SD\ff_avr\Debug_debugwire\libff_avr.a(ff.o)
 .text          0x00000000        0x0 C:\Users\Bernd\Documents\Atmel Studio\7.0\Cass2SD\Cass2SD\ff_avr\Debug_debugwire\libff_avr.a(mmc_avr_spi.o)
 .data          0x00000000        0x0 C:\Users\Bernd\Documents\Atmel Studio\7.0\Cass2SD\Cass2SD\ff_avr\Debug_debugwire\libff_avr.a(mmc_avr_spi.o)
 .bss           0x00000000        0x0 C:\Users\Bernd\Documents\Atmel Studio\7.0\Cass2SD\Cass2SD\ff_avr\Debug_debugwire\libff_avr.a(mmc_avr_spi.o)
 .data          0x00000000        0x0 C:\Users\Bernd\Documents\Atmel Studio\7.0\Cass2SD\Cass2SD\ff_avr\Debug_debugwire\libff_avr.a(xitoa.o)
 .text          0x00000000        0x0 C:\Users\Bernd\Documents\Atmel Studio\7.0\Cass2SD\Cass2SD\lcd\Debug_debugwire\liblcd.a(lcd.o)
 .data          0x00000000        0x0 C:\Users\Bernd\Documents\Atmel Studio\7.0\Cass2SD\Cass2SD\lcd\Debug_debugwire\liblcd.a(lcd.o)
 .bss           0x00000000        0x0 C:\Users\Bernd\Documents\Atmel Studio\7.0\Cass2SD\Cass2SD\lcd\Debug_debugwire\liblcd.a(lcd.o)
 .text.lcd_data
                0x00000000       0x14 C:\Users\Bernd\Documents\Atmel Studio\7.0\Cass2SD\Cass2SD\lcd\Debug_debugwire\liblcd.a(lcd.o)
 .text.lcd_getxy
                0x00000000        0x8 C:\Users\Bernd\Documents\Atmel Studio\7.0\Cass2SD\Cass2SD\lcd\Debug_debugwire\liblcd.a(lcd.o)
 .text.lcd_home
                0x00000000        0x8 C:\Users\Bernd\Documents\Atmel Studio\7.0\Cass2SD\Cass2SD\lcd\Debug_debugwire\liblcd.a(lcd.o)
 .text.lcd_puts
                0x00000000       0x1e C:\Users\Bernd\Documents\Atmel Studio\7.0\Cass2SD\Cass2SD\lcd\Debug_debugwire\liblcd.a(lcd.o)
 .text.lcd_puts_p
                0x00000000       0x1e C:\Users\Bernd\Documents\Atmel Studio\7.0\Cass2SD\Cass2SD\lcd\Debug_debugwire\liblcd.a(lcd.o)
 .text          0x00000000        0x0 c:/program files (x86)/atmel/studio/7.0/toolchain/avr8/avr8-gnu-toolchain/bin/../lib/gcc/avr/5.4.0/avr5\libgcc.a(_udivmodsi4.o)
 .data          0x00000000        0x0 c:/program files (x86)/atmel/studio/7.0/toolchain/avr8/avr8-gnu-toolchain/bin/../lib/gcc/avr/5.4.0/avr5\libgcc.a(_udivmodsi4.o)
 .bss           0x00000000        0x0 c:/program files (x86)/atmel/studio/7.0/toolchain/avr8/avr8-gnu-toolchain/bin/../lib/gcc/avr/5.4.0/avr5\libgcc.a(_udivmodsi4.o)
 .text.libgcc.mul
                0x00000000        0x0 c:/program files (x86)/atmel/studio/7.0/toolchain/avr8/avr8-gnu-toolchain/bin/../lib/gcc/avr/5.4.0/avr5\libgcc.a(_udivmodsi4.o)
 .text.libgcc   0x00000000        0x0 c:/program files (x86)/atmel/studio/7.0/toolchain/avr8/avr8-gnu-toolchain/bin/../lib/gcc/avr/5.4.0/avr5\libgcc.a(_udivmodsi4.o)
 .text.libgcc.prologue
                0x00000000        0x0 c:/program files (x86)/atmel/studio/7.0/toolchain/avr8/avr8-gnu-toolchain/bin/../lib/gcc/avr/5.4.0/avr5\libgcc.a(_udivmodsi4.o)
 .text.libgcc.builtins
                0x00000000        0x0 c:/program files (x86)/atmel/studio/7.0/toolchain/avr8/avr8-gnu-toolchain/bin/../lib/gcc/avr/5.4.0/avr5\libgcc.a(_udivmodsi4.o)
 .text.libgcc.fmul
                0x00000000        0x0 c:/program files (x86)/atmel/studio/7.0/toolchain/avr8/avr8-gnu-toolchain/bin/../lib/gcc/avr/5.4.0/avr5\libgcc.a(_udivmodsi4.o)
 .text.libgcc.fixed
                0x00000000        0x0 c:/program files (x86)/atmel/studio/7.0/toolchain/avr8/avr8-gnu-toolchain/bin/../lib/gcc/avr/5.4.0/avr5\libgcc.a(_udivmodsi4.o)
 .text          0x00000000        0x0 c:/program files (x86)/atmel/studio/7.0/toolchain/avr8/avr8-gnu-toolchain/bin/../lib/gcc/avr/5.4.0/avr5\libgcc.a(_exit.o)
 .data          0x00000000        0x0 c:/program files (x86)/atmel/studio/7.0/toolchain/avr8/avr8-gnu-toolchain/bin/../lib/gcc/avr/5.4.0/avr5\libgcc.a(_exit.o)
 .bss           0x00000000        0x0 c:/program files (x86)/atmel/studio/7.0/toolchain/avr8/avr8-gnu-toolchain/bin/../lib/gcc/avr/5.4.0/avr5\libgcc.a(_exit.o)
 .text.libgcc.mul
                0x00000000        0x0 c:/program files (x86)/atmel/studio/7.0/toolchain/avr8/avr8-gnu-toolchain/bin/../lib/gcc/avr/5.4.0/avr5\libgcc.a(_exit.o)
 .text.libgcc.div
                0x00000000        0x0 c:/program files (x86)/atmel/studio/7.0/toolchain/avr8/avr8-gnu-toolchain/bin/../lib/gcc/avr/5.4.0/avr5\libgcc.a(_exit.o)
 .text.libgcc   0x00000000        0x0 c:/program files (x86)/atmel/studio/7.0/toolchain/avr8/avr8-gnu-toolchain/bin/../lib/gcc/avr/5.4.0/avr5\libgcc.a(_exit.o)
 .text.libgcc.prologue
                0x00000000        0x0 c:/program files (x86)/atmel/studio/7.0/toolchain/avr8/avr8-gnu-toolchain/bin/../lib/gcc/avr/5.4.0/avr5\libgcc.a(_exit.o)
 .text.libgcc.builtins
                0x00000000        0x0 c:/program files (x86)/atmel/studio/7.0/toolchain/avr8/avr8-gnu-toolchain/bin/../lib/gcc/avr/5.4.0/avr5\libgcc.a(_exit.o)
 .text.libgcc.fmul
                0x00000000        0x0 c:/program files (x86)/atmel/studio/7.0/toolchain/avr8/avr8-gnu-toolchain/bin/../lib/gcc/avr/5.4.0/avr5\libgcc.a(_exit.o)
 .text.libgcc.fixed
                0x00000000        0x0 c:/program files (x86)/atmel/studio/7.0/toolchain/avr8/avr8-gnu-toolchain/bin/../lib/gcc/avr/5.4.0/avr5\libgcc.a(_exit.o)
 .text          0x00000000        0x0 c:/program files (x86)/atmel/studio/7.0/toolchain/avr8/avr8-gnu-toolchain/bin/../lib/gcc/avr/5.4.0/avr5\libgcc.a(_tablejump2.o)
 .data          0x00000000        0x0 c:/program files (x86)/atmel/studio/7.0/toolchain/avr8/avr8-gnu-toolchain/bin/../lib/gcc/avr/5.4.0/avr5\libgcc.a(_tablejump2.o)
 .bss           0x00000000        0x0 c:/program files (x86)/atmel/studio/7.0/toolchain/avr8/avr8-gnu-toolchain/bin/../lib/gcc/avr/5.4.0/avr5\libgcc.a(_tablejump2.o)
 .text.libgcc.mul
                0x00000000        0x0 c:/program files (x86)/atmel/studio/7.0/toolchain/avr8/avr8-gnu-toolchain/bin/../lib/gcc/avr/5.4.0/avr5\libgcc.a(_tablejump2.o)
 .text.libgcc.div
                0x00000000        0x0 c:/program files (x86)/atmel/studio/7.0/toolchain/avr8/avr8-gnu-toolchain/bin/../lib/gcc/avr/5.4.0/avr5\libgcc.a(_tablejump2.o)
 .text.libgcc.prologue
                0x00000000        0x0 c:/program files (x86)/atmel/studio/7.0/toolchain/avr8/avr8-gnu-toolchain/bin/../lib/gcc/avr/5.4.0/avr5\libgcc.a(_tablejump2.o)
 .text.libgcc.builtins
                0x00000000        0x0 c:/program files (x86)/atmel/studio/7.0/toolchain/avr8/avr8-gnu-toolchain/bin/../lib/gcc/avr/5.4.0/avr5\libgcc.a(_tablejump2.o)
 .text.libgcc.fmul
                0x00000000        0x0 c:/program files (x86)/atmel/studio/7.0/toolchain/avr8/avr8-gnu-toolchain/bin/../lib/gcc/avr/5.4.0/avr5\libgcc.a(_tablejump2.o)
 .text.libgcc.fixed
                0x00000000        0x0 c:/program files (x86)/atmel/studio/7.0/toolchain/avr8/avr8-gnu-toolchain/bin/../lib/gcc/avr/5.4.0/avr5\libgcc.a(_tablejump2.o)
 .text          0x00000000        0x0 c:/program files (x86)/atmel/studio/7.0/toolchain/avr8/avr8-gnu-toolchain/bin/../lib/gcc/avr/5.4.0/avr5\libgcc.a(_copy_data.o)
 .data          0x00000000        0x0 c:/program files (x86)/atmel/studio/7.0/toolchain/avr8/avr8-gnu-toolchain/bin/../lib/gcc/avr/5.4.0/avr5\libgcc.a(_copy_data.o)
 .bss           0x00000000        0x0 c:/program files (x86)/atmel/studio/7.0/toolchain/avr8/avr8-gnu-toolchain/bin/../lib/gcc/avr/5.4.0/avr5\libgcc.a(_copy_data.o)
 .text.libgcc.mul
                0x00000000        0x0 c:/program files (x86)/atmel/studio/7.0/toolchain/avr8/avr8-gnu-toolchain/bin/../lib/gcc/avr/5.4.0/avr5\libgcc.a(_copy_data.o)
 .text.libgcc.div
                0x00000000        0x0 c:/program files (x86)/atmel/studio/7.0/toolchain/avr8/avr8-gnu-toolchain/bin/../lib/gcc/avr/5.4.0/avr5\libgcc.a(_copy_data.o)
 .text.libgcc   0x00000000        0x0 c:/program files (x86)/atmel/studio/7.0/toolchain/avr8/avr8-gnu-toolchain/bin/../lib/gcc/avr/5.4.0/avr5\libgcc.a(_copy_data.o)
 .text.libgcc.prologue
                0x00000000        0x0 c:/program files (x86)/atmel/studio/7.0/toolchain/avr8/avr8-gnu-toolchain/bin/../lib/gcc/avr/5.4.0/avr5\libgcc.a(_copy_data.o)
 .text.libgcc.builtins
                0x00000000        0x0 c:/program files (x86)/atmel/studio/7.0/toolchain/avr8/avr8-gnu-toolchain/bin/../lib/gcc/avr/5.4.0/avr5\libgcc.a(_copy_data.o)
 .text.libgcc.fmul
                0x00000000        0x0 c:/program files (x86)/atmel/studio/7.0/toolchain/avr8/avr8-gnu-toolchain/bin/../lib/gcc/avr/5.4.0/avr5\libgcc.a(_copy_data.o)
 .text.libgcc.fixed
                0x00000000        0x0 c:/program files (x86)/atmel/studio/7.0/toolchain/avr8/avr8-gnu-toolchain/bin/../lib/gcc/avr/5.4.0/avr5\libgcc.a(_copy_data.o)
 .text          0x00000000        0x0 c:/program files (x86)/atmel/studio/7.0/toolchain/avr8/avr8-gnu-toolchain/bin/../lib/gcc/avr/5.4.0/avr5\libgcc.a(_clear_bss.o)
 .data          0x00000000        0x0 c:/program files (x86)/atmel/studio/7.0/toolchain/avr8/avr8-gnu-toolchain/bin/../lib/gcc/avr/5.4.0/avr5\libgcc.a(_clear_bss.o)
 .bss           0x00000000        0x0 c:/program files (x86)/atmel/studio/7.0/toolchain/avr8/avr8-gnu-toolchain/bin/../lib/gcc/avr/5.4.0/avr5\libgcc.a(_clear_bss.o)
 .text.libgcc.mul
                0x00000000        0x0 c:/program files (x86)/atmel/studio/7.0/toolchain/avr8/avr8-gnu-toolchain/bin/../lib/gcc/avr/5.4.0/avr5\libgcc.a(_clear_bss.o)
 .text.libgcc.div
                0x00000000        0x0 c:/program files (x86)/atmel/studio/7.0/toolchain/avr8/avr8-gnu-toolchain/bin/../lib/gcc/avr/5.4.0/avr5\libgcc.a(_clear_bss.o)
 .text.libgcc   0x00000000        0x0 c:/program files (x86)/atmel/studio/7.0/toolchain/avr8/avr8-gnu-toolchain/bin/../lib/gcc/avr/5.4.0/avr5\libgcc.a(_clear_bss.o)
 .text.libgcc.prologue
                0x00000000        0x0 c:/program files (x86)/atmel/studio/7.0/toolchain/avr8/avr8-gnu-toolchain/bin/../lib/gcc/avr/5.4.0/avr5\libgcc.a(_clear_bss.o)
 .text.libgcc.builtins
                0x00000000        0x0 c:/program files (x86)/atmel/studio/7.0/toolchain/avr8/avr8-gnu-toolchain/bin/../lib/gcc/avr/5.4.0/avr5\libgcc.a(_clear_bss.o)
 .text.libgcc.fmul
                0x00000000        0x0 c:/program files (x86)/atmel/studio/7.0/toolchain/avr8/avr8-gnu-toolchain/bin/../lib/gcc/avr/5.4.0/avr5\libgcc.a(_clear_bss.o)
 .text.libgcc.fixed
                0x00000000        0x0 c:/program files (x86)/atmel/studio/7.0/toolchain/avr8/avr8-gnu-toolchain/bin/../lib/gcc/avr/5.4.0/avr5\libgcc.a(_clear_bss.o)
 .text          0x00000000        0x0 c:/program files (x86)/atmel/studio/7.0/toolchain/avr8/avr8-gnu-toolchain/bin/../lib/gcc/avr/5.4.0/avr5\libgcc.a(_umulhisi3.o)
 .data          0x00000000        0x0 c:/program files (x86)/atmel/studio/7.0/toolchain/avr8/avr8-gnu-toolchain/bin/../lib/gcc/avr/5.4.0/avr5\libgcc.a(_umulhisi3.o)
 .bss           0x00000000        0x0 c:/program files (x86)/atmel/studio/7.0/toolchain/avr8/avr8-gnu-toolchain/bin/../lib/gcc/avr/5.4.0/avr5\libgcc.a(_umulhisi3.o)
 .text.libgcc.div
                0x00000000        0x0 c:/program files (x86)/atmel/studio/7.0/toolchain/avr8/avr8-gnu-toolchain/bin/../lib/gcc/avr/5.4.0/avr5\libgcc.a(_umulhisi3.o)
 .text.libgcc   0x00000000        0x0 c:/program files (x86)/atmel/studio/7.0/toolchain/avr8/avr8-gnu-toolchain/bin/../lib/gcc/avr/5.4.0/avr5\libgcc.a(_umulhisi3.o)
 .text.libgcc.prologue
                0x00000000        0x0 c:/program files (x86)/atmel/studio/7.0/toolchain/avr8/avr8-gnu-toolchain/bin/../lib/gcc/avr/5.4.0/avr5\libgcc.a(_umulhisi3.o)
 .text.libgcc.builtins
                0x00000000        0x0 c:/program files (x86)/atmel/studio/7.0/toolchain/avr8/avr8-gnu-toolchain/bin/../lib/gcc/avr/5.4.0/avr5\libgcc.a(_umulhisi3.o)
 .text.libgcc.fmul
                0x00000000        0x0 c:/program files (x86)/atmel/studio/7.0/toolchain/avr8/avr8-gnu-toolchain/bin/../lib/gcc/avr/5.4.0/avr5\libgcc.a(_umulhisi3.o)
 .text.libgcc.fixed
                0x00000000        0x0 c:/program files (x86)/atmel/studio/7.0/toolchain/avr8/avr8-gnu-toolchain/bin/../lib/gcc/avr/5.4.0/avr5\libgcc.a(_umulhisi3.o)
 .text          0x00000000        0x0 c:/program files (x86)/atmel/studio/7.0/toolchain/avr8/avr8-gnu-toolchain/bin/../lib/gcc/avr/5.4.0/avr5\libgcc.a(_muluhisi3.o)
 .data          0x00000000        0x0 c:/program files (x86)/atmel/studio/7.0/toolchain/avr8/avr8-gnu-toolchain/bin/../lib/gcc/avr/5.4.0/avr5\libgcc.a(_muluhisi3.o)
 .bss           0x00000000        0x0 c:/program files (x86)/atmel/studio/7.0/toolchain/avr8/avr8-gnu-toolchain/bin/../lib/gcc/avr/5.4.0/avr5\libgcc.a(_muluhisi3.o)
 .text.libgcc.div
                0x00000000        0x0 c:/program files (x86)/atmel/studio/7.0/toolchain/avr8/avr8-gnu-toolchain/bin/../lib/gcc/avr/5.4.0/avr5\libgcc.a(_muluhisi3.o)
 .text.libgcc   0x00000000        0x0 c:/program files (x86)/atmel/studio/7.0/toolchain/avr8/avr8-gnu-toolchain/bin/../lib/gcc/avr/5.4.0/avr5\libgcc.a(_muluhisi3.o)
 .text.libgcc.prologue
                0x00000000        0x0 c:/program files (x86)/atmel/studio/7.0/toolchain/avr8/avr8-gnu-toolchain/bin/../lib/gcc/avr/5.4.0/avr5\libgcc.a(_muluhisi3.o)
 .text.libgcc.builtins
                0x00000000        0x0 c:/program files (x86)/atmel/studio/7.0/toolchain/avr8/avr8-gnu-toolchain/bin/../lib/gcc/avr/5.4.0/avr5\libgcc.a(_muluhisi3.o)
 .text.libgcc.fmul
                0x00000000        0x0 c:/program files (x86)/atmel/studio/7.0/toolchain/avr8/avr8-gnu-toolchain/bin/../lib/gcc/avr/5.4.0/avr5\libgcc.a(_muluhisi3.o)
 .text.libgcc.fixed
                0x00000000        0x0 c:/program files (x86)/atmel/studio/7.0/toolchain/avr8/avr8-gnu-toolchain/bin/../lib/gcc/avr/5.4.0/avr5\libgcc.a(_muluhisi3.o)
 .text          0x00000000        0x0 c:/program files (x86)/atmel/studio/7.0/toolchain/avr8/avr8-gnu-toolchain/bin/../lib/gcc/avr/5.4.0/../../../../avr/lib/avr5\libc.a(strcmp_P.o)
 .data          0x00000000        0x0 c:/program files (x86)/atmel/studio/7.0/toolchain/avr8/avr8-gnu-toolchain/bin/../lib/gcc/avr/5.4.0/../../../../avr/lib/avr5\libc.a(strcmp_P.o)
 .bss           0x00000000        0x0 c:/program files (x86)/atmel/studio/7.0/toolchain/avr8/avr8-gnu-toolchain/bin/../lib/gcc/avr/5.4.0/../../../../avr/lib/avr5\libc.a(strcmp_P.o)
 .text          0x00000000        0x0 c:/program files (x86)/atmel/studio/7.0/toolchain/avr8/avr8-gnu-toolchain/bin/../lib/gcc/avr/5.4.0/../../../../avr/lib/avr5\libc.a(strncmp_P.o)
 .data          0x00000000        0x0 c:/program files (x86)/atmel/studio/7.0/toolchain/avr8/avr8-gnu-toolchain/bin/../lib/gcc/avr/5.4.0/../../../../avr/lib/avr5\libc.a(strncmp_P.o)
 .bss           0x00000000        0x0 c:/program files (x86)/atmel/studio/7.0/toolchain/avr8/avr8-gnu-toolchain/bin/../lib/gcc/avr/5.4.0/../../../../avr/lib/avr5\libc.a(strncmp_P.o)
 .text          0x00000000        0x0 c:/program files (x86)/atmel/studio/7.0/toolchain/avr8/avr8-gnu-toolchain/bin/../lib/gcc/avr/5.4.0/../../../../avr/lib/avr5\libc.a(memset.o)
 .data          0x00000000        0x0 c:/program files (x86)/atmel/studio/7.0/toolchain/avr8/avr8-gnu-toolchain/bin/../lib/gcc/avr/5.4.0/../../../../avr/lib/avr5\libc.a(memset.o)
 .bss           0x00000000        0x0 c:/program files (x86)/atmel/studio/7.0/toolchain/avr8/avr8-gnu-toolchain/bin/../lib/gcc/avr/5.4.0/../../../../avr/lib/avr5\libc.a(memset.o)
 .text          0x00000000        0x0 c:/program files (x86)/atmel/studio/7.0/toolchain/avr8/avr8-gnu-toolchain/bin/../lib/gcc/avr/5.4.0/../../../../avr/lib/avr5\libc.a(strchr.o)
 .data          0x00000000        0x0 c:/program files (x86)/atmel/studio/7.0/toolchain/avr8/avr8-gnu-toolchain/bin/../lib/gcc/avr/5.4.0/../../../../avr/lib/avr5\libc.a(strchr.o)
 .bss           0x00000000        0x0 c:/program files (x86)/atmel/studio/7.0/toolchain/avr8/avr8-gnu-toolchain/bin/../lib/gcc/avr/5.4.0/../../../../avr/lib/avr5\libc.a(strchr.o)

Memory Configuration

Name             Origin             Length             Attributes
text             0x00000000         0x00020000         xr
data             0x00800060         0x0000ffa0         rw !x
eeprom           0x00810000         0x00010000         rw !x
fuse             0x00820000         0x00000003         rw !x
lock             0x00830000         0x00000400         rw !x
signature        0x00840000         0x00000400         rw !x
user_signatures  0x00850000         0x00000400         rw !x
*default*        0x00000000         0xffffffff

Linker script and memory map

Address of section .data set to 0x800100
LOAD C:/Program Files (x86)/Atmel/Studio/7.0/Packs/atmel/ATmega_DFP/1.2.132/gcc/dev/atmega328p/avr5/crtatmega328p.o
LOAD debounced_keys.o
LOAD display_util.o
LOAD kc_cass_format_def.o
LOAD kc_cass_recv_file.o
LOAD kc_cass_send_file.o
LOAD main.o
START GROUP
LOAD c:/program files (x86)/atmel/studio/7.0/toolchain/avr8/avr8-gnu-toolchain/bin/../lib/gcc/avr/5.4.0/../../../../avr/lib/avr5\libm.a
LOAD C:\Users\Bernd\Documents\Atmel Studio\7.0\Cass2SD\Cass2SD\ff_avr\Debug_debugwire\libff_avr.a
LOAD C:\Users\Bernd\Documents\Atmel Studio\7.0\Cass2SD\Cass2SD\lcd\Debug_debugwire\liblcd.a
END GROUP
START GROUP
LOAD c:/program files (x86)/atmel/studio/7.0/toolchain/avr8/avr8-gnu-toolchain/bin/../lib/gcc/avr/5.4.0/avr5\libgcc.a
LOAD c:/program files (x86)/atmel/studio/7.0/toolchain/avr8/avr8-gnu-toolchain/bin/../lib/gcc/avr/5.4.0/../../../../avr/lib/avr5\libm.a
LOAD c:/program files (x86)/atmel/studio/7.0/toolchain/avr8/avr8-gnu-toolchain/bin/../lib/gcc/avr/5.4.0/../../../../avr/lib/avr5\libc.a
LOAD C:/Program Files (x86)/Atmel/Studio/7.0/Packs/atmel/ATmega_DFP/1.2.132/gcc/dev/atmega328p/avr5\libatmega328p.a
END GROUP
                0x00020000                __TEXT_REGION_LENGTH__ = DEFINED (__TEXT_REGION_LENGTH__)?__TEXT_REGION_LENGTH__:0x20000
                0x0000ffa0                __DATA_REGION_LENGTH__ = DEFINED (__DATA_REGION_LENGTH__)?__DATA_REGION_LENGTH__:0xffa0
                0x00010000                __EEPROM_REGION_LENGTH__ = DEFINED (__EEPROM_REGION_LENGTH__)?__EEPROM_REGION_LENGTH__:0x10000
                [0x00000003]                __FUSE_REGION_LENGTH__ = DEFINED (__FUSE_REGION_LENGTH__)?__FUSE_REGION_LENGTH__:0x400
                0x00000400                __LOCK_REGION_LENGTH__ = DEFINED (__LOCK_REGION_LENGTH__)?__LOCK_REGION_LENGTH__:0x400
                0x00000400                __SIGNATURE_REGION_LENGTH__ = DEFINED (__SIGNATURE_REGION_LENGTH__)?__SIGNATURE_REGION_LENGTH__:0x400
                0x00000400                __USER_SIGNATURE_REGION_LENGTH__ = DEFINED (__USER_SIGNATURE_REGION_LENGTH__)?__USER_SIGNATURE_REGION_LENGTH__:0x400

.hash
 *(.hash)

.dynsym
 *(.dynsym)

.dynstr
 *(.dynstr)

.gnu.version
 *(.gnu.version)

.gnu.version_d
 *(.gnu.version_d)

.gnu.version_r
 *(.gnu.version_r)

.rel.init
 *(.rel.init)

.rela.init
 *(.rela.init)

.rel.text
 *(.rel.text)
 *(.rel.text.*)
 *(.rel.gnu.linkonce.t*)

.rela.text
 *(.rela.text)
 *(.rela.text.*)
 *(.rela.gnu.linkonce.t*)

.rel.fini
 *(.rel.fini)

.rela.fini
 *(.rela.fini)

.rel.rodata
 *(.rel.rodata)
 *(.rel.rodata.*)
 *(.rel.gnu.linkonce.r*)

.rela.rodata
 *(.rela.rodata)
 *(.rela.rodata.*)
 *(.rela.gnu.linkonce.r*)

.rel.data
 *(.rel.data)
 *(.rel.data.*)
 *(.rel.gnu.linkonce.d*)

.rela.data
 *(.rela.data)
 *(.rela.data.*)
 *(.rela.gnu.linkonce.d*)

.rel.ctors
 *(.rel.ctors)

.rela.ctors
 *(.rela.ctors)

.rel.dtors
 *(.rel.dtors)

.rela.dtors
 *(.rela.dtors)

.rel.got
 *(.rel.got)

.rela.got
 *(.rela.got)

.rel.bss
 *(.rel.bss)

.rela.bss
 *(.rela.bss)

.rel.plt
 *(.rel.plt)

.rela.plt
 *(.rela.plt)

.text           0x00000000     0x4fdc
 *(.vectors)
 .vectors       0x00000000       0x68 C:/Program Files (x86)/Atmel/Studio/7.0/Packs/atmel/ATmega_DFP/1.2.132/gcc/dev/atmega328p/avr5/crtatmega328p.o
                0x00000000                __vector_default
                0x00000000                __vectors
 *(.vectors)
 *(.progmem.gcc*)
 .progmem.gcc_sw_table.mmc_disk_ioctl
                0x00000068       0x74 C:\Users\Bernd\Documents\Atmel Studio\7.0\Cass2SD\Cass2SD\ff_avr\Debug_debugwire\libff_avr.a(mmc_avr_spi.o)
                0x000000dc                . = ALIGN (0x2)
                0x000000dc                __trampolines_start = .
 *(.trampolines)
 .trampolines   0x000000dc        0x0 linker stubs
 *(.trampolines*)
                0x000000dc                __trampolines_end = .
 *libprintf_flt.a:*(.progmem.data)
 *libc.a:*(.progmem.data)
 *(.progmem*)
 .progmem.data.__c.2263
                0x000000dc        0x5 display_util.o
 .progmem.data.__c.2258
                0x000000e1        0xf display_util.o
 .progmem.data.__c.2248
                0x000000f0        0x7 display_util.o
 .progmem.data.__c.2233
                0x000000f7        0x6 display_util.o
 .progmem.data.__c.2231
                0x000000fd        0x6 display_util.o
 .progmem.data.str.2217
                0x00000103       0xd1 display_util.o
 .progmem.data.pct_d_str
                0x000001d4        0x3 display_util.o
                0x000001d4                pct_d_str
 .progmem.data.pct_s_str
                0x000001d7        0x3 display_util.o
                0x000001d7                pct_s_str
 .progmem.data.empty_dir_str
                0x000001da        0xc display_util.o
                0x000001da                empty_dir_str
 .progmem.data.dir_str
                0x000001e6        0x6 display_util.o
                0x000001e6                dir_str
 .progmem.data.record_cmd_str
                0x000001ec        0xe display_util.o
                0x000001ec                record_cmd_str
 .progmem.data.dotdotdir_str
                0x000001fa        0xb display_util.o
                0x000001fa                dotdotdir_str
 .progmem.data.tap_header_str
                0x00000205       0x11 kc_cass_format_def.o
                0x00000205                tap_header_str
 .progmem.data.__c.2431
                0x00000216        0x4 kc_cass_send_file.o
 .progmem.data.__c.2460
                0x0000021a        0xe kc_cass_send_file.o
 .progmem.data.__c.2458
                0x00000228        0x7 kc_cass_send_file.o
                0x00000230                . = ALIGN (0x2)
 *fill*         0x0000022f        0x1 
 *(.jumptables)
 *(.jumptables*)
 *(.lowtext)
 *(.lowtext*)
                0x00000230                __ctors_start = .
 *(.ctors)
                0x00000230                __ctors_end = .
                0x00000230                __dtors_start = .
 *(.dtors)
                0x00000230                __dtors_end = .
 SORT(*)(.ctors)
 SORT(*)(.dtors)
 *(.init0)
 .init0         0x00000230        0x0 C:/Program Files (x86)/Atmel/Studio/7.0/Packs/atmel/ATmega_DFP/1.2.132/gcc/dev/atmega328p/avr5/crtatmega328p.o
                0x00000230                __init
 *(.init0)
 *(.init1)
 *(.init1)
 *(.init2)
 .init2         0x00000230        0xc C:/Program Files (x86)/Atmel/Studio/7.0/Packs/atmel/ATmega_DFP/1.2.132/gcc/dev/atmega328p/avr5/crtatmega328p.o
 *(.init2)
 *(.init3)
 *(.init3)
 *(.init4)
 .init4         0x0000023c       0x16 c:/program files (x86)/atmel/studio/7.0/toolchain/avr8/avr8-gnu-toolchain/bin/../lib/gcc/avr/5.4.0/avr5\libgcc.a(_copy_data.o)
                0x0000023c                __do_copy_data
 .init4         0x00000252       0x10 c:/program files (x86)/atmel/studio/7.0/toolchain/avr8/avr8-gnu-toolchain/bin/../lib/gcc/avr/5.4.0/avr5\libgcc.a(_clear_bss.o)
                0x00000252                __do_clear_bss
 *(.init4)
 *(.init5)
 *(.init5)
 *(.init6)
 *(.init6)
 *(.init7)
 *(.init7)
 *(.init8)
 *(.init8)
 *(.init9)
 .init9         0x00000262        0x8 C:/Program Files (x86)/Atmel/Studio/7.0/Packs/atmel/ATmega_DFP/1.2.132/gcc/dev/atmega328p/avr5/crtatmega328p.o
 *(.init9)
 *(.text)
 .text          0x0000026a        0x2 C:/Program Files (x86)/Atmel/Studio/7.0/Packs/atmel/ATmega_DFP/1.2.132/gcc/dev/atmega328p/avr5/crtatmega328p.o
                0x0000026a                __vector_22
                0x0000026a                __vector_24
                0x0000026a                __vector_12
                0x0000026a                __bad_interrupt
                0x0000026a                __vector_6
                0x0000026a                __vector_3
                0x0000026a                __vector_23
                0x0000026a                __vector_25
                0x0000026a                __vector_11
                0x0000026a                __vector_13
                0x0000026a                __vector_17
                0x0000026a                __vector_19
                0x0000026a                __vector_5
                0x0000026a                __vector_4
                0x0000026a                __vector_9
                0x0000026a                __vector_2
                0x0000026a                __vector_21
                0x0000026a                __vector_15
                0x0000026a                __vector_8
                0x0000026a                __vector_10
                0x0000026a                __vector_16
                0x0000026a                __vector_18
                0x0000026a                __vector_20
 .text          0x0000026c      0x26a C:\Users\Bernd\Documents\Atmel Studio\7.0\Cass2SD\Cass2SD\ff_avr\Debug_debugwire\libff_avr.a(xitoa.o)
                0x0000026c                xputc
                0x0000028e                xputs
                0x0000029c                xitoa
                0x000003c0                xprintf
                0x000003da                xsprintf
                0x00000420                xatoi
                0x000004d6                . = ALIGN (0x2)
 *(.text.*)
 .text.keys_init
                0x000004d6       0xe2 debounced_keys.o
                0x000004d6                keys_init
 .text.handle_keys
                0x000005b8      0x158 debounced_keys.o
                0x000005b8                handle_keys
 .text.display_fresult
                0x00000710       0x76 display_util.o
                0x00000710                display_fresult
 .text.disp_fr_err
                0x00000786       0x20 display_util.o
                0x00000786                disp_fr_err
 .text.display_fileinfo
                0x000007a6      0x100 display_util.o
                0x000007a6                display_fileinfo
 .text.display_sendinfo
                0x000008a6       0xaa display_util.o
                0x000008a6                display_sendinfo
 .text.display_upd_sendinfo
                0x00000950       0x26 display_util.o
                0x00000950                display_upd_sendinfo
 .text.disp_err
                0x00000976       0x60 display_util.o
                0x00000976                disp_err
 .text.__vector_1
                0x000009d6       0x14 kc_cass_recv_file.o
                0x000009d6                __vector_1
 .text.kc_cass_recv_file_init
                0x000009ea       0x1a kc_cass_recv_file.o
                0x000009ea                kc_cass_recv_file_init
 .text.recv_file
                0x00000a04        0xe kc_cass_recv_file.o
                0x00000a04                recv_file
 .text.config_and_start_timer_sendfile
                0x00000a12       0x14 kc_cass_send_file.o
 .text.send_bit
                0x00000a26       0x52 kc_cass_send_file.o
 .text.send_byte
                0x00000a78       0x44 kc_cass_send_file.o
 .text.check_for_blocknrs
                0x00000abc       0x92 kc_cass_send_file.o
 .text.check_non_tap_types
                0x00000b4e      0x28e kc_cass_send_file.o
 .text.load_first_block_and_check_type
                0x00000ddc      0x1c4 kc_cass_send_file.o
 .text.__vector_14
                0x00000fa0       0x62 kc_cass_send_file.o
                0x00000fa0                __vector_14
 .text.kc_cass_send_file_init
                0x00001002       0x1a kc_cass_send_file.o
                0x00001002                kc_cass_send_file_init
 .text.send_file
                0x0000101c      0x19e kc_cass_send_file.o
                0x0000101c                send_file
 .text.disk_and_debounce_timer_init
                0x000011ba       0x18 main.o
 .text.power_save_config
                0x000011d2       0x3c main.o
 .text.display_prev
                0x0000120e       0x6a main.o
 .text.display_next
                0x00001278       0x56 main.o
 .text.__vector_7
                0x000012ce       0xc4 main.o
                0x000012ce                __vector_7
 .text.main     0x00001392      0x138 main.o
                0x00001392                main
 .text.disk_status
                0x000014ca        0xe C:\Users\Bernd\Documents\Atmel Studio\7.0\Cass2SD\Cass2SD\ff_avr\Debug_debugwire\libff_avr.a(diskio.o)
                0x000014ca                disk_status
 .text.disk_initialize
                0x000014d8        0xe C:\Users\Bernd\Documents\Atmel Studio\7.0\Cass2SD\Cass2SD\ff_avr\Debug_debugwire\libff_avr.a(diskio.o)
                0x000014d8                disk_initialize
 .text.disk_read
                0x000014e6       0x22 C:\Users\Bernd\Documents\Atmel Studio\7.0\Cass2SD\Cass2SD\ff_avr\Debug_debugwire\libff_avr.a(diskio.o)
                0x000014e6                disk_read
 .text.disk_write
                0x00001508       0x22 C:\Users\Bernd\Documents\Atmel Studio\7.0\Cass2SD\Cass2SD\ff_avr\Debug_debugwire\libff_avr.a(diskio.o)
                0x00001508                disk_write
 .text.disk_ioctl
                0x0000152a       0x14 C:\Users\Bernd\Documents\Atmel Studio\7.0\Cass2SD\Cass2SD\ff_avr\Debug_debugwire\libff_avr.a(diskio.o)
                0x0000152a                disk_ioctl
 .text.disk_timerproc
                0x0000153e        0x6 C:\Users\Bernd\Documents\Atmel Studio\7.0\Cass2SD\Cass2SD\ff_avr\Debug_debugwire\libff_avr.a(diskio.o)
                0x0000153e                disk_timerproc
 .text.ld_word  0x00001544       0x14 C:\Users\Bernd\Documents\Atmel Studio\7.0\Cass2SD\Cass2SD\ff_avr\Debug_debugwire\libff_avr.a(ff.o)
 .text.ld_dword
                0x00001558       0x36 C:\Users\Bernd\Documents\Atmel Studio\7.0\Cass2SD\Cass2SD\ff_avr\Debug_debugwire\libff_avr.a(ff.o)
 .text.st_word  0x0000158e        0x8 C:\Users\Bernd\Documents\Atmel Studio\7.0\Cass2SD\Cass2SD\ff_avr\Debug_debugwire\libff_avr.a(ff.o)
 .text.st_dword
                0x00001596        0xc C:\Users\Bernd\Documents\Atmel Studio\7.0\Cass2SD\Cass2SD\ff_avr\Debug_debugwire\libff_avr.a(ff.o)
 .text.mem_cpy  0x000015a2       0x1e C:\Users\Bernd\Documents\Atmel Studio\7.0\Cass2SD\Cass2SD\ff_avr\Debug_debugwire\libff_avr.a(ff.o)
 .text.mem_set  0x000015c0       0x12 C:\Users\Bernd\Documents\Atmel Studio\7.0\Cass2SD\Cass2SD\ff_avr\Debug_debugwire\libff_avr.a(ff.o)
 .text.mem_cmp  0x000015d2       0x30 C:\Users\Bernd\Documents\Atmel Studio\7.0\Cass2SD\Cass2SD\ff_avr\Debug_debugwire\libff_avr.a(ff.o)
 .text.chk_chr  0x00001602       0x22 C:\Users\Bernd\Documents\Atmel Studio\7.0\Cass2SD\Cass2SD\ff_avr\Debug_debugwire\libff_avr.a(ff.o)
 .text.clust2sect
                0x00001624       0x50 C:\Users\Bernd\Documents\Atmel Studio\7.0\Cass2SD\Cass2SD\ff_avr\Debug_debugwire\libff_avr.a(ff.o)
 .text.ld_clust
                0x00001674       0x56 C:\Users\Bernd\Documents\Atmel Studio\7.0\Cass2SD\Cass2SD\ff_avr\Debug_debugwire\libff_avr.a(ff.o)
 .text.st_clust
                0x000016ca       0x46 C:\Users\Bernd\Documents\Atmel Studio\7.0\Cass2SD\Cass2SD\ff_avr\Debug_debugwire\libff_avr.a(ff.o)
 .text.get_fileinfo
                0x00001710       0xac C:\Users\Bernd\Documents\Atmel Studio\7.0\Cass2SD\Cass2SD\ff_avr\Debug_debugwire\libff_avr.a(ff.o)
 .text.create_name
                0x000017bc      0x1c8 C:\Users\Bernd\Documents\Atmel Studio\7.0\Cass2SD\Cass2SD\ff_avr\Debug_debugwire\libff_avr.a(ff.o)
 .text.get_ldnumber
                0x00001984       0x6e C:\Users\Bernd\Documents\Atmel Studio\7.0\Cass2SD\Cass2SD\ff_avr\Debug_debugwire\libff_avr.a(ff.o)
 .text.validate
                0x000019f2       0x58 C:\Users\Bernd\Documents\Atmel Studio\7.0\Cass2SD\Cass2SD\ff_avr\Debug_debugwire\libff_avr.a(ff.o)
 .text.sync_window
                0x00001a4a       0xd0 C:\Users\Bernd\Documents\Atmel Studio\7.0\Cass2SD\Cass2SD\ff_avr\Debug_debugwire\libff_avr.a(ff.o)
 .text.move_window
                0x00001b1a       0x80 C:\Users\Bernd\Documents\Atmel Studio\7.0\Cass2SD\Cass2SD\ff_avr\Debug_debugwire\libff_avr.a(ff.o)
 .text.check_fs
                0x00001b9a       0x86 C:\Users\Bernd\Documents\Atmel Studio\7.0\Cass2SD\Cass2SD\ff_avr\Debug_debugwire\libff_avr.a(ff.o)
 .text.find_volume
                0x00001c20      0x594 C:\Users\Bernd\Documents\Atmel Studio\7.0\Cass2SD\Cass2SD\ff_avr\Debug_debugwire\libff_avr.a(ff.o)
 .text.put_fat  0x000021b4      0x252 C:\Users\Bernd\Documents\Atmel Studio\7.0\Cass2SD\Cass2SD\ff_avr\Debug_debugwire\libff_avr.a(ff.o)
 .text.get_fat  0x00002406      0x1c0 C:\Users\Bernd\Documents\Atmel Studio\7.0\Cass2SD\Cass2SD\ff_avr\Debug_debugwire\libff_avr.a(ff.o)
 .text.dir_sdi  0x000025c6      0x1da C:\Users\Bernd\Documents\Atmel Studio\7.0\Cass2SD\Cass2SD\ff_avr\Debug_debugwire\libff_avr.a(ff.o)
 .text.create_chain
                0x000027a0      0x204 C:\Users\Bernd\Documents\Atmel Studio\7.0\Cass2SD\Cass2SD\ff_avr\Debug_debugwire\libff_avr.a(ff.o)
 .text.remove_chain
                0x000029a4      0x136 C:\Users\Bernd\Documents\Atmel Studio\7.0\Cass2SD\Cass2SD\ff_avr\Debug_debugwire\libff_avr.a(ff.o)
 .text.dir_next
                0x00002ada      0x288 C:\Users\Bernd\Documents\Atmel Studio\7.0\Cass2SD\Cass2SD\ff_avr\Debug_debugwire\libff_avr.a(ff.o)
 .text.dir_find
                0x00002d62       0x86 C:\Users\Bernd\Documents\Atmel Studio\7.0\Cass2SD\Cass2SD\ff_avr\Debug_debugwire\libff_avr.a(ff.o)
 .text.follow_path
                0x00002de8      0x132 C:\Users\Bernd\Documents\Atmel Studio\7.0\Cass2SD\Cass2SD\ff_avr\Debug_debugwire\libff_avr.a(ff.o)
 .text.dir_alloc
                0x00002f1a       0x80 C:\Users\Bernd\Documents\Atmel Studio\7.0\Cass2SD\Cass2SD\ff_avr\Debug_debugwire\libff_avr.a(ff.o)
 .text.dir_register
                0x00002f9a       0x6a C:\Users\Bernd\Documents\Atmel Studio\7.0\Cass2SD\Cass2SD\ff_avr\Debug_debugwire\libff_avr.a(ff.o)
 .text.dir_read
                0x00003004       0x96 C:\Users\Bernd\Documents\Atmel Studio\7.0\Cass2SD\Cass2SD\ff_avr\Debug_debugwire\libff_avr.a(ff.o)
 .text.sync_fs  0x0000309a       0xea C:\Users\Bernd\Documents\Atmel Studio\7.0\Cass2SD\Cass2SD\ff_avr\Debug_debugwire\libff_avr.a(ff.o)
 .text.f_mount  0x00003184       0x9a C:\Users\Bernd\Documents\Atmel Studio\7.0\Cass2SD\Cass2SD\ff_avr\Debug_debugwire\libff_avr.a(ff.o)
                0x00003184                f_mount
 .text.f_open   0x0000321e      0x358 C:\Users\Bernd\Documents\Atmel Studio\7.0\Cass2SD\Cass2SD\ff_avr\Debug_debugwire\libff_avr.a(ff.o)
                0x0000321e                f_open
 .text.f_read   0x00003576      0x2f2 C:\Users\Bernd\Documents\Atmel Studio\7.0\Cass2SD\Cass2SD\ff_avr\Debug_debugwire\libff_avr.a(ff.o)
                0x00003576                f_read
 .text.f_sync   0x00003868       0xb6 C:\Users\Bernd\Documents\Atmel Studio\7.0\Cass2SD\Cass2SD\ff_avr\Debug_debugwire\libff_avr.a(ff.o)
                0x00003868                f_sync
 .text.f_close  0x0000391e       0x3a C:\Users\Bernd\Documents\Atmel Studio\7.0\Cass2SD\Cass2SD\ff_avr\Debug_debugwire\libff_avr.a(ff.o)
                0x0000391e                f_close
 .text.f_chdir  0x00003958       0xb4 C:\Users\Bernd\Documents\Atmel Studio\7.0\Cass2SD\Cass2SD\ff_avr\Debug_debugwire\libff_avr.a(ff.o)
                0x00003958                f_chdir
 .text.f_getcwd
                0x00003a0c      0x20a C:\Users\Bernd\Documents\Atmel Studio\7.0\Cass2SD\Cass2SD\ff_avr\Debug_debugwire\libff_avr.a(ff.o)
                0x00003a0c                f_getcwd
 .text.f_lseek  0x00003c16      0x394 C:\Users\Bernd\Documents\Atmel Studio\7.0\Cass2SD\Cass2SD\ff_avr\Debug_debugwire\libff_avr.a(ff.o)
                0x00003c16                f_lseek
 .text.f_opendir
                0x00003faa       0xd8 C:\Users\Bernd\Documents\Atmel Studio\7.0\Cass2SD\Cass2SD\ff_avr\Debug_debugwire\libff_avr.a(ff.o)
                0x00003faa                f_opendir
 .text.f_closedir
                0x00004082       0x32 C:\Users\Bernd\Documents\Atmel Studio\7.0\Cass2SD\Cass2SD\ff_avr\Debug_debugwire\libff_avr.a(ff.o)
                0x00004082                f_closedir
 .text.f_readdir
                0x000040b4       0x8a C:\Users\Bernd\Documents\Atmel Studio\7.0\Cass2SD\Cass2SD\ff_avr\Debug_debugwire\libff_avr.a(ff.o)
                0x000040b4                f_readdir
 .text.xchg_spi
                0x0000413e        0xc C:\Users\Bernd\Documents\Atmel Studio\7.0\Cass2SD\Cass2SD\ff_avr\Debug_debugwire\libff_avr.a(mmc_avr_spi.o)
 .text.rcvr_spi_multi
                0x0000414a       0x30 C:\Users\Bernd\Documents\Atmel Studio\7.0\Cass2SD\Cass2SD\ff_avr\Debug_debugwire\libff_avr.a(mmc_avr_spi.o)
 .text.xmit_spi_multi
                0x0000417a       0x28 C:\Users\Bernd\Documents\Atmel Studio\7.0\Cass2SD\Cass2SD\ff_avr\Debug_debugwire\libff_avr.a(mmc_avr_spi.o)
 .text.wait_ready
                0x000041a2       0x36 C:\Users\Bernd\Documents\Atmel Studio\7.0\Cass2SD\Cass2SD\ff_avr\Debug_debugwire\libff_avr.a(mmc_avr_spi.o)
 .text.deselect
                0x000041d8        0xc C:\Users\Bernd\Documents\Atmel Studio\7.0\Cass2SD\Cass2SD\ff_avr\Debug_debugwire\libff_avr.a(mmc_avr_spi.o)
 .text.select   0x000041e4       0x2a C:\Users\Bernd\Documents\Atmel Studio\7.0\Cass2SD\Cass2SD\ff_avr\Debug_debugwire\libff_avr.a(mmc_avr_spi.o)
 .text.rcvr_datablock
                0x0000420e       0x48 C:\Users\Bernd\Documents\Atmel Studio\7.0\Cass2SD\Cass2SD\ff_avr\Debug_debugwire\libff_avr.a(mmc_avr_spi.o)
 .text.xmit_datablock
                0x00004256       0x4c C:\Users\Bernd\Documents\Atmel Studio\7.0\Cass2SD\Cass2SD\ff_avr\Debug_debugwire\libff_avr.a(mmc_avr_spi.o)
 .text.send_cmd
                0x000042a2       0x82 C:\Users\Bernd\Documents\Atmel Studio\7.0\Cass2SD\Cass2SD\ff_avr\Debug_debugwire\libff_avr.a(mmc_avr_spi.o)
 .text.mmc_disk_initialize
                0x00004324      0x1aa C:\Users\Bernd\Documents\Atmel Studio\7.0\Cass2SD\Cass2SD\ff_avr\Debug_debugwire\libff_avr.a(mmc_avr_spi.o)
                0x00004324                mmc_disk_initialize
 .text.mmc_disk_status
                0x000044ce        0x6 C:\Users\Bernd\Documents\Atmel Studio\7.0\Cass2SD\Cass2SD\ff_avr\Debug_debugwire\libff_avr.a(mmc_avr_spi.o)
                0x000044ce                mmc_disk_status
 .text.mmc_disk_read
                0x000044d4       0x9a C:\Users\Bernd\Documents\Atmel Studio\7.0\Cass2SD\Cass2SD\ff_avr\Debug_debugwire\libff_avr.a(mmc_avr_spi.o)
                0x000044d4                mmc_disk_read
 .text.mmc_disk_write
                0x0000456e       0xd8 C:\Users\Bernd\Documents\Atmel Studio\7.0\Cass2SD\Cass2SD\ff_avr\Debug_debugwire\libff_avr.a(mmc_avr_spi.o)
                0x0000456e                mmc_disk_write
 .text.mmc_disk_ioctl
                0x00004646      0x702 C:\Users\Bernd\Documents\Atmel Studio\7.0\Cass2SD\Cass2SD\ff_avr\Debug_debugwire\libff_avr.a(mmc_avr_spi.o)
                0x00004646                mmc_disk_ioctl
 .text.mmc_disk_timerproc
                0x00004d48       0x28 C:\Users\Bernd\Documents\Atmel Studio\7.0\Cass2SD\Cass2SD\ff_avr\Debug_debugwire\libff_avr.a(mmc_avr_spi.o)
                0x00004d48                mmc_disk_timerproc
 .text.toggle_e
                0x00004d70       0x16 C:\Users\Bernd\Documents\Atmel Studio\7.0\Cass2SD\Cass2SD\lcd\Debug_debugwire\liblcd.a(lcd.o)
 .text.lcd_write
                0x00004d86       0x46 C:\Users\Bernd\Documents\Atmel Studio\7.0\Cass2SD\Cass2SD\lcd\Debug_debugwire\liblcd.a(lcd.o)
 .text.lcd_read
                0x00004dcc       0x5c C:\Users\Bernd\Documents\Atmel Studio\7.0\Cass2SD\Cass2SD\lcd\Debug_debugwire\liblcd.a(lcd.o)
 .text.lcd_waitbusy
                0x00004e28       0x16 C:\Users\Bernd\Documents\Atmel Studio\7.0\Cass2SD\Cass2SD\lcd\Debug_debugwire\liblcd.a(lcd.o)
 .text.lcd_command
                0x00004e3e       0x10 C:\Users\Bernd\Documents\Atmel Studio\7.0\Cass2SD\Cass2SD\lcd\Debug_debugwire\liblcd.a(lcd.o)
                0x00004e3e                lcd_command
 .text.lcd_gotoxy
                0x00004e4e       0x10 C:\Users\Bernd\Documents\Atmel Studio\7.0\Cass2SD\Cass2SD\lcd\Debug_debugwire\liblcd.a(lcd.o)
                0x00004e4e                lcd_gotoxy
 .text.lcd_clrscr
                0x00004e5e        0x6 C:\Users\Bernd\Documents\Atmel Studio\7.0\Cass2SD\Cass2SD\lcd\Debug_debugwire\liblcd.a(lcd.o)
                0x00004e5e                lcd_clrscr
 .text.lcd_putc
                0x00004e64       0x24 C:\Users\Bernd\Documents\Atmel Studio\7.0\Cass2SD\Cass2SD\lcd\Debug_debugwire\liblcd.a(lcd.o)
                0x00004e64                lcd_putc
 .text.lcd_init
                0x00004e88       0x7c C:\Users\Bernd\Documents\Atmel Studio\7.0\Cass2SD\Cass2SD\lcd\Debug_debugwire\liblcd.a(lcd.o)
                0x00004e88                lcd_init
 .text.libgcc.div
                0x00004f04       0x44 c:/program files (x86)/atmel/studio/7.0/toolchain/avr8/avr8-gnu-toolchain/bin/../lib/gcc/avr/5.4.0/avr5\libgcc.a(_udivmodsi4.o)
                0x00004f04                __udivmodsi4
 .text.libgcc   0x00004f48        0xc c:/program files (x86)/atmel/studio/7.0/toolchain/avr8/avr8-gnu-toolchain/bin/../lib/gcc/avr/5.4.0/avr5\libgcc.a(_tablejump2.o)
                0x00004f48                __tablejump2__
 .text.libgcc.mul
                0x00004f54       0x1e c:/program files (x86)/atmel/studio/7.0/toolchain/avr8/avr8-gnu-toolchain/bin/../lib/gcc/avr/5.4.0/avr5\libgcc.a(_umulhisi3.o)
                0x00004f54                __umulhisi3
 .text.libgcc.mul
                0x00004f72       0x14 c:/program files (x86)/atmel/studio/7.0/toolchain/avr8/avr8-gnu-toolchain/bin/../lib/gcc/avr/5.4.0/avr5\libgcc.a(_muluhisi3.o)
                0x00004f72                __muluhisi3
 .text.avr-libc
                0x00004f86       0x12 c:/program files (x86)/atmel/studio/7.0/toolchain/avr8/avr8-gnu-toolchain/bin/../lib/gcc/avr/5.4.0/../../../../avr/lib/avr5\libc.a(strcmp_P.o)
                0x00004f86                strcmp_P
 .text.avr-libc
                0x00004f98       0x1c c:/program files (x86)/atmel/studio/7.0/toolchain/avr8/avr8-gnu-toolchain/bin/../lib/gcc/avr/5.4.0/../../../../avr/lib/avr5\libc.a(strncmp_P.o)
                0x00004f98                strncmp_P
 .text.avr-libc
                0x00004fb4        0xe c:/program files (x86)/atmel/studio/7.0/toolchain/avr8/avr8-gnu-toolchain/bin/../lib/gcc/avr/5.4.0/../../../../avr/lib/avr5\libc.a(memset.o)
                0x00004fb4                memset
 .text.avr-libc
                0x00004fc2       0x16 c:/program files (x86)/atmel/studio/7.0/toolchain/avr8/avr8-gnu-toolchain/bin/../lib/gcc/avr/5.4.0/../../../../avr/lib/avr5\libc.a(strchr.o)
                0x00004fc2                strchr
                0x00004fd8                . = ALIGN (0x2)
 *(.fini9)
 .fini9         0x00004fd8        0x0 c:/program files (x86)/atmel/studio/7.0/toolchain/avr8/avr8-gnu-toolchain/bin/../lib/gcc/avr/5.4.0/avr5\libgcc.a(_exit.o)
                0x00004fd8                _exit
                0x00004fd8                exit
 *(.fini9)
 *(.fini8)
 *(.fini8)
 *(.fini7)
 *(.fini7)
 *(.fini6)
 *(.fini6)
 *(.fini5)
 *(.fini5)
 *(.fini4)
 *(.fini4)
 *(.fini3)
 *(.fini3)
 *(.fini2)
 *(.fini2)
 *(.fini1)
 *(.fini1)
 *(.fini0)
 .fini0         0x00004fd8        0x4 c:/program files (x86)/atmel/studio/7.0/toolchain/avr8/avr8-gnu-toolchain/bin/../lib/gcc/avr/5.4.0/avr5\libgcc.a(_exit.o)
 *(.fini0)
                0x00004fdc                _etext = .

.data           0x00800100       0x4a load address 0x00004fdc
                0x00800100                PROVIDE (__data_start, .)
 *(.data)
 *(.data*)
 .data.key_pin_map
                0x00800100        0x6 debounced_keys.o
                0x00800100                key_pin_map
 .data.kc_file_type
                0x00800106        0x2 kc_cass_send_file.o
                0x00800106                kc_file_type
 .data.block_len
                0x00800108        0x1 kc_cass_send_file.o
                0x00800108                block_len
 .data.start_buf_ptr
                0x00800109        0x2 kc_cass_send_file.o
                0x00800109                start_buf_ptr
 .data.Stat     0x0080010b        0x1 C:\Users\Bernd\Documents\Atmel Studio\7.0\Cass2SD\Cass2SD\ff_avr\Debug_debugwire\libff_avr.a(mmc_avr_spi.o)
 *(.rodata)
 *(.rodata*)
 .rodata.str1.1
                0x0080010c       0x15 display_util.o
                                 0x1b (size before relaxing)
 .rodata.str1.1
                0x00800121       0x16 kc_cass_send_file.o
 .rodata.str1.1
                0x00800137        0x3 main.o
                                  0x6 (size before relaxing)
 .rodata.str1.1
                0x0080013a        0xf C:\Users\Bernd\Documents\Atmel Studio\7.0\Cass2SD\Cass2SD\ff_avr\Debug_debugwire\libff_avr.a(ff.o)
 *(.gnu.linkonce.d*)
                0x0080014a                . = ALIGN (0x2)
 *fill*         0x00800149        0x1 
                0x0080014a                _edata = .
                0x0080014a                PROVIDE (__data_end, .)

.bss            0x0080014a      0x33c
                0x0080014a                PROVIDE (__bss_start, .)
 *(.bss)
 .bss           0x0080014a        0x2 C:\Users\Bernd\Documents\Atmel Studio\7.0\Cass2SD\Cass2SD\ff_avr\Debug_debugwire\libff_avr.a(xitoa.o)
                0x0080014a                xfunc_out
 *(.bss*)
 .bss.keys_debounce_last_state_bitmap
                0x0080014c        0x1 debounced_keys.o
 .bss.debounce_counter
                0x0080014d        0x3 debounced_keys.o
 .bss.display_task
                0x00800150        0x2 debounced_keys.o
                0x00800150                display_task
 .bss.dir_idx   0x00800152        0x2 display_util.o
                0x00800152                dir_idx
 .bss.bytes_read
                0x00800154        0x2 kc_cass_send_file.o
                0x00800154                bytes_read
 .bss.send_state
                0x00800156        0x2 kc_cass_send_file.o
                0x00800156                send_state
 .bss.Fsid      0x00800158        0x2 C:\Users\Bernd\Documents\Atmel Studio\7.0\Cass2SD\Cass2SD\ff_avr\Debug_debugwire\libff_avr.a(ff.o)
 .bss.FatFs     0x0080015a        0x2 C:\Users\Bernd\Documents\Atmel Studio\7.0\Cass2SD\Cass2SD\ff_avr\Debug_debugwire\libff_avr.a(ff.o)
 .bss.CardType  0x0080015c        0x1 C:\Users\Bernd\Documents\Atmel Studio\7.0\Cass2SD\Cass2SD\ff_avr\Debug_debugwire\libff_avr.a(mmc_avr_spi.o)
 .bss.Timer2    0x0080015d        0x1 C:\Users\Bernd\Documents\Atmel Studio\7.0\Cass2SD\Cass2SD\ff_avr\Debug_debugwire\libff_avr.a(mmc_avr_spi.o)
 .bss.Timer1    0x0080015e        0x1 C:\Users\Bernd\Documents\Atmel Studio\7.0\Cass2SD\Cass2SD\ff_avr\Debug_debugwire\libff_avr.a(mmc_avr_spi.o)
 *(COMMON)
 COMMON         0x0080015f        0x3 debounced_keys.o
                0x0080015f                keys_changed_bitmap
                0x00800160                select_key_pressed
                0x00800161                keys_bitmap
 COMMON         0x00800162        0xd display_util.o
                0x00800162                dir_name
 COMMON         0x0080016f       0xa6 kc_cass_send_file.o
                0x0080016f                fhdl
                0x00800191                fr
                0x00800193                buf
 COMMON         0x00800215      0x271 main.o
                0x00800215                FatFs
                0x00800448                Finfo
                0x0080045e                Dir
                0x00800486                PROVIDE (__bss_end, .)
                0x00004fdc                __data_load_start = LOADADDR (.data)
                0x00005026                __data_load_end = (__data_load_start + SIZEOF (.data))

.noinit         0x00800486        0x0
                [!provide]                PROVIDE (__noinit_start, .)
 *(.noinit*)
                [!provide]                PROVIDE (__noinit_end, .)
                0x00800486                _end = .
                [!provide]                PROVIDE (__heap_start, .)

.eeprom         0x00810000        0x0
 *(.eeprom*)
                0x00810000                __eeprom_end = .

.fuse
 *(.fuse)
 *(.lfuse)
 *(.hfuse)
 *(.efuse)

.lock
 *(.lock*)

.signature
 *(.signature*)

.user_signatures
 *(.user_signatures*)

.stab
 *(.stab)

.stabstr
 *(.stabstr)

.stab.excl
 *(.stab.excl)

.stab.exclstr
 *(.stab.exclstr)

.stab.index
 *(.stab.index)

.stab.indexstr
 *(.stab.indexstr)

.comment        0x00000000       0x30
 *(.comment)
 .comment       0x00000000       0x30 debounced_keys.o
                                 0x31 (size before relaxing)
 .comment       0x00000030       0x31 display_util.o
 .comment       0x00000030       0x31 kc_cass_format_def.o
 .comment       0x00000030       0x31 kc_cass_recv_file.o
 .comment       0x00000030       0x31 kc_cass_send_file.o
 .comment       0x00000030       0x31 main.o
 .comment       0x00000030       0x31 C:\Users\Bernd\Documents\Atmel Studio\7.0\Cass2SD\Cass2SD\ff_avr\Debug_debugwire\libff_avr.a(diskio.o)
 .comment       0x00000030       0x31 C:\Users\Bernd\Documents\Atmel Studio\7.0\Cass2SD\Cass2SD\ff_avr\Debug_debugwire\libff_avr.a(ff.o)
 .comment       0x00000030       0x31 C:\Users\Bernd\Documents\Atmel Studio\7.0\Cass2SD\Cass2SD\ff_avr\Debug_debugwire\libff_avr.a(mmc_avr_spi.o)
 .comment       0x00000030       0x31 C:\Users\Bernd\Documents\Atmel Studio\7.0\Cass2SD\Cass2SD\lcd\Debug_debugwire\liblcd.a(lcd.o)

.note.gnu.avr.deviceinfo
                0x00000000       0x40
 .note.gnu.avr.deviceinfo
                0x00000000       0x40 C:/Program Files (x86)/Atmel/Studio/7.0/Packs/atmel/ATmega_DFP/1.2.132/gcc/dev/atmega328p/avr5/crtatmega328p.o

.note.gnu.build-id
 *(.note.gnu.build-id)

.debug
 *(.debug)

.line
 *(.line)

.debug_srcinfo
 *(.debug_srcinfo)

.debug_sfnames
 *(.debug_sfnames)

.debug_aranges  0x00000000      0x490
 *(.debug_aranges)
 .debug_aranges
                0x00000000       0x28 debounced_keys.o
 .debug_aranges
                0x00000028       0x50 display_util.o
 .debug_aranges
                0x00000078       0x18 kc_cass_format_def.o
 .debug_aranges
                0x00000090       0x30 kc_cass_recv_file.o
 .debug_aranges
                0x000000c0       0x60 kc_cass_send_file.o
 .debug_aranges
                0x00000120       0x48 main.o
 .debug_aranges
                0x00000168       0x48 C:\Users\Bernd\Documents\Atmel Studio\7.0\Cass2SD\Cass2SD\ff_avr\Debug_debugwire\libff_avr.a(diskio.o)
 .debug_aranges
                0x000001b0      0x1a8 C:\Users\Bernd\Documents\Atmel Studio\7.0\Cass2SD\Cass2SD\ff_avr\Debug_debugwire\libff_avr.a(ff.o)
 .debug_aranges
                0x00000358       0x90 C:\Users\Bernd\Documents\Atmel Studio\7.0\Cass2SD\Cass2SD\ff_avr\Debug_debugwire\libff_avr.a(mmc_avr_spi.o)
 .debug_aranges
                0x000003e8       0x20 C:\Users\Bernd\Documents\Atmel Studio\7.0\Cass2SD\Cass2SD\ff_avr\Debug_debugwire\libff_avr.a(xitoa.o)
 .debug_aranges
                0x00000408       0x88 C:\Users\Bernd\Documents\Atmel Studio\7.0\Cass2SD\Cass2SD\lcd\Debug_debugwire\liblcd.a(lcd.o)

.debug_pubnames
 *(.debug_pubnames)

.debug_info     0x00000000     0x7ba5
 *(.debug_info .gnu.linkonce.wi.*)
 .debug_info    0x00000000      0x5f4 C:/Program Files (x86)/Atmel/Studio/7.0/Packs/atmel/ATmega_DFP/1.2.132/gcc/dev/atmega328p/avr5/crtatmega328p.o
 .debug_info    0x000005f4      0x205 debounced_keys.o
 .debug_info    0x000007f9      0x846 display_util.o
 .debug_info    0x0000103f       0xa2 kc_cass_format_def.o
 .debug_info    0x000010e1      0x198 kc_cass_recv_file.o
 .debug_info    0x00001279      0xebe kc_cass_send_file.o
 .debug_info    0x00002137      0x9d7 main.o
 .debug_info    0x00002b0e      0x33c C:\Users\Bernd\Documents\Atmel Studio\7.0\Cass2SD\Cass2SD\ff_avr\Debug_debugwire\libff_avr.a(diskio.o)
 .debug_info    0x00002e4a     0x3674 C:\Users\Bernd\Documents\Atmel Studio\7.0\Cass2SD\Cass2SD\ff_avr\Debug_debugwire\libff_avr.a(ff.o)
 .debug_info    0x000064be      0xed6 C:\Users\Bernd\Documents\Atmel Studio\7.0\Cass2SD\Cass2SD\ff_avr\Debug_debugwire\libff_avr.a(mmc_avr_spi.o)
 .debug_info    0x00007394       0x84 C:\Users\Bernd\Documents\Atmel Studio\7.0\Cass2SD\Cass2SD\ff_avr\Debug_debugwire\libff_avr.a(xitoa.o)
 .debug_info    0x00007418      0x78d C:\Users\Bernd\Documents\Atmel Studio\7.0\Cass2SD\Cass2SD\lcd\Debug_debugwire\liblcd.a(lcd.o)

.debug_abbrev   0x00000000     0x16fb
 *(.debug_abbrev)
 .debug_abbrev  0x00000000      0x5a2 C:/Program Files (x86)/Atmel/Studio/7.0/Packs/atmel/ATmega_DFP/1.2.132/gcc/dev/atmega328p/avr5/crtatmega328p.o
 .debug_abbrev  0x000005a2       0xf3 debounced_keys.o
 .debug_abbrev  0x00000695      0x218 display_util.o
 .debug_abbrev  0x000008ad       0x53 kc_cass_format_def.o
 .debug_abbrev  0x00000900       0xcc kc_cass_recv_file.o
 .debug_abbrev  0x000009cc      0x330 kc_cass_send_file.o
 .debug_abbrev  0x00000cfc      0x265 main.o
 .debug_abbrev  0x00000f61      0x10c C:\Users\Bernd\Documents\Atmel Studio\7.0\Cass2SD\Cass2SD\ff_avr\Debug_debugwire\libff_avr.a(diskio.o)
 .debug_abbrev  0x0000106d      0x204 C:\Users\Bernd\Documents\Atmel Studio\7.0\Cass2SD\Cass2SD\ff_avr\Debug_debugwire\libff_avr.a(ff.o)
 .debug_abbrev  0x00001271      0x218 C:\Users\Bernd\Documents\Atmel Studio\7.0\Cass2SD\Cass2SD\ff_avr\Debug_debugwire\libff_avr.a(mmc_avr_spi.o)
 .debug_abbrev  0x00001489       0x14 C:\Users\Bernd\Documents\Atmel Studio\7.0\Cass2SD\Cass2SD\ff_avr\Debug_debugwire\libff_avr.a(xitoa.o)
 .debug_abbrev  0x0000149d      0x25e C:\Users\Bernd\Documents\Atmel Studio\7.0\Cass2SD\Cass2SD\lcd\Debug_debugwire\liblcd.a(lcd.o)

.debug_line     0x00000000     0x5896
 *(.debug_line .debug_line.* .debug_line_end)
 .debug_line    0x00000000      0x133 C:/Program Files (x86)/Atmel/Studio/7.0/Packs/atmel/ATmega_DFP/1.2.132/gcc/dev/atmega328p/avr5/crtatmega328p.o
 .debug_line    0x00000133      0x37b debounced_keys.o
 .debug_line    0x000004ae      0x58a display_util.o
 .debug_line    0x00000a38      0x254 kc_cass_format_def.o
 .debug_line    0x00000c8c      0x3b1 kc_cass_recv_file.o
 .debug_line    0x0000103d      0x9c6 kc_cass_send_file.o
 .debug_line    0x00001a03      0x670 main.o
 .debug_line    0x00002073      0x133 C:\Users\Bernd\Documents\Atmel Studio\7.0\Cass2SD\Cass2SD\ff_avr\Debug_debugwire\libff_avr.a(diskio.o)
 .debug_line    0x000021a6     0x21b0 C:\Users\Bernd\Documents\Atmel Studio\7.0\Cass2SD\Cass2SD\ff_avr\Debug_debugwire\libff_avr.a(ff.o)
 .debug_line    0x00004356      0x9e8 C:\Users\Bernd\Documents\Atmel Studio\7.0\Cass2SD\Cass2SD\ff_avr\Debug_debugwire\libff_avr.a(mmc_avr_spi.o)
 .debug_line    0x00004d3e      0x742 C:\Users\Bernd\Documents\Atmel Studio\7.0\Cass2SD\Cass2SD\ff_avr\Debug_debugwire\libff_avr.a(xitoa.o)
 .debug_line    0x00005480      0x416 C:\Users\Bernd\Documents\Atmel Studio\7.0\Cass2SD\Cass2SD\lcd\Debug_debugwire\liblcd.a(lcd.o)

.debug_frame    0x00000000     0x1438
 *(.debug_frame)
 .debug_frame   0x00000000       0x34 debounced_keys.o
 .debug_frame   0x00000034      0x1ec display_util.o
 .debug_frame   0x00000220       0x50 kc_cass_recv_file.o
 .debug_frame   0x00000270      0x168 kc_cass_send_file.o
 .debug_frame   0x000003d8       0xc8 main.o
 .debug_frame   0x000004a0       0x8c C:\Users\Bernd\Documents\Atmel Studio\7.0\Cass2SD\Cass2SD\ff_avr\Debug_debugwire\libff_avr.a(diskio.o)
 .debug_frame   0x0000052c      0xbd8 C:\Users\Bernd\Documents\Atmel Studio\7.0\Cass2SD\Cass2SD\ff_avr\Debug_debugwire\libff_avr.a(ff.o)
 .debug_frame   0x00001104      0x1fc C:\Users\Bernd\Documents\Atmel Studio\7.0\Cass2SD\Cass2SD\ff_avr\Debug_debugwire\libff_avr.a(mmc_avr_spi.o)
 .debug_frame   0x00001300      0x138 C:\Users\Bernd\Documents\Atmel Studio\7.0\Cass2SD\Cass2SD\lcd\Debug_debugwire\liblcd.a(lcd.o)

.debug_str      0x00000000     0xaa11
 *(.debug_str)
 .debug_str     0x00000000      0x208 C:/Program Files (x86)/Atmel/Studio/7.0/Packs/atmel/ATmega_DFP/1.2.132/gcc/dev/atmega328p/avr5/crtatmega328p.o
 .debug_str     0x00000208     0x68df debounced_keys.o
                               0x6990 (size before relaxing)
 .debug_str     0x00006ae7     0x254f display_util.o
                               0x8e63 (size before relaxing)
 .debug_str     0x00009036       0x29 kc_cass_format_def.o
                               0x7b23 (size before relaxing)
 .debug_str     0x0000905f      0x7a3 kc_cass_recv_file.o
                               0x90df (size before relaxing)
 .debug_str     0x00009802      0x417 kc_cass_send_file.o
                               0x976f (size before relaxing)
 .debug_str     0x00009c19      0x814 main.o
                               0x9e93 (size before relaxing)
 .debug_str     0x0000a42d      0x17f C:\Users\Bernd\Documents\Atmel Studio\7.0\Cass2SD\Cass2SD\ff_avr\Debug_debugwire\libff_avr.a(diskio.o)
                                0x249 (size before relaxing)
 .debug_str     0x0000a5ac      0x230 C:\Users\Bernd\Documents\Atmel Studio\7.0\Cass2SD\Cass2SD\ff_avr\Debug_debugwire\libff_avr.a(ff.o)
                                0x682 (size before relaxing)
 .debug_str     0x0000a7dc       0xb6 C:\Users\Bernd\Documents\Atmel Studio\7.0\Cass2SD\Cass2SD\ff_avr\Debug_debugwire\libff_avr.a(mmc_avr_spi.o)
                                0x2ec (size before relaxing)
 .debug_str     0x0000a892      0x17f C:\Users\Bernd\Documents\Atmel Studio\7.0\Cass2SD\Cass2SD\lcd\Debug_debugwire\liblcd.a(lcd.o)
                                0x26e (size before relaxing)

.debug_loc      0x00000000     0x88f3
 *(.debug_loc)
 .debug_loc     0x00000000       0x7c debounced_keys.o
 .debug_loc     0x0000007c      0x9b6 display_util.o
 .debug_loc     0x00000a32       0x55 kc_cass_recv_file.o
 .debug_loc     0x00000a87      0x618 kc_cass_send_file.o
 .debug_loc     0x0000109f      0x166 main.o
 .debug_loc     0x00001205      0x38d C:\Users\Bernd\Documents\Atmel Studio\7.0\Cass2SD\Cass2SD\ff_avr\Debug_debugwire\libff_avr.a(diskio.o)
 .debug_loc     0x00001592     0x54f5 C:\Users\Bernd\Documents\Atmel Studio\7.0\Cass2SD\Cass2SD\ff_avr\Debug_debugwire\libff_avr.a(ff.o)
 .debug_loc     0x00006a87     0x16ef C:\Users\Bernd\Documents\Atmel Studio\7.0\Cass2SD\Cass2SD\ff_avr\Debug_debugwire\libff_avr.a(mmc_avr_spi.o)
 .debug_loc     0x00008176      0x77d C:\Users\Bernd\Documents\Atmel Studio\7.0\Cass2SD\Cass2SD\lcd\Debug_debugwire\liblcd.a(lcd.o)

.debug_macinfo
 *(.debug_macinfo)

.debug_weaknames
 *(.debug_weaknames)

.debug_funcnames
 *(.debug_funcnames)

.debug_typenames
 *(.debug_typenames)

.debug_varnames
 *(.debug_varnames)

.debug_pubtypes
 *(.debug_pubtypes)

.debug_ranges   0x00000000      0x3e0
 *(.debug_ranges)
 .debug_ranges  0x00000000       0x18 debounced_keys.o
 .debug_ranges  0x00000018       0x40 display_util.o
 .debug_ranges  0x00000058       0x20 kc_cass_recv_file.o
 .debug_ranges  0x00000078       0x68 kc_cass_send_file.o
 .debug_ranges  0x000000e0       0x38 main.o
 .debug_ranges  0x00000118       0x38 C:\Users\Bernd\Documents\Atmel Studio\7.0\Cass2SD\Cass2SD\ff_avr\Debug_debugwire\libff_avr.a(diskio.o)
 .debug_ranges  0x00000150      0x198 C:\Users\Bernd\Documents\Atmel Studio\7.0\Cass2SD\Cass2SD\ff_avr\Debug_debugwire\libff_avr.a(ff.o)
 .debug_ranges  0x000002e8       0x80 C:\Users\Bernd\Documents\Atmel Studio\7.0\Cass2SD\Cass2SD\ff_avr\Debug_debugwire\libff_avr.a(mmc_avr_spi.o)
 .debug_ranges  0x00000368       0x78 C:\Users\Bernd\Documents\Atmel Studio\7.0\Cass2SD\Cass2SD\lcd\Debug_debugwire\liblcd.a(lcd.o)

.debug_macro    0x00000000     0x3ae6
 *(.debug_macro)
 .debug_macro   0x00000000       0x99 debounced_keys.o
 .debug_macro   0x00000099      0xa54 debounced_keys.o
 .debug_macro   0x00000aed      0x1c9 debounced_keys.o
 .debug_macro   0x00000cb6       0x22 debounced_keys.o
 .debug_macro   0x00000cd8       0x40 debounced_keys.o
 .debug_macro   0x00000d18       0x10 debounced_keys.o
 .debug_macro   0x00000d28      0x302 debounced_keys.o
 .debug_macro   0x0000102a       0x9e debounced_keys.o
 .debug_macro   0x000010c8     0x1410 debounced_keys.o
 .debug_macro   0x000024d8      0x13a debounced_keys.o
 .debug_macro   0x00002612       0xbd debounced_keys.o
 .debug_macro   0x000026cf       0x34 debounced_keys.o
 .debug_macro   0x00002703       0x18 debounced_keys.o
 .debug_macro   0x0000271b       0x6c debounced_keys.o
 .debug_macro   0x00002787      0x119 display_util.o
 .debug_macro   0x000028a0       0x10 display_util.o
 .debug_macro   0x000028b0      0x2fc display_util.o
 .debug_macro   0x00002bac       0x89 display_util.o
 .debug_macro   0x00002c35       0xaa display_util.o
 .debug_macro   0x00002cdf       0xee display_util.o
 .debug_macro   0x00002dcd       0x10 display_util.o
 .debug_macro   0x00002ddd      0x160 display_util.o
 .debug_macro   0x00002f3d       0xe9 display_util.o
 .debug_macro   0x00003026       0xe2 display_util.o
 .debug_macro   0x00003108       0x16 display_util.o
 .debug_macro   0x0000311e      0x1e3 display_util.o
 .debug_macro   0x00003301       0x28 display_util.o
 .debug_macro   0x00003329       0x22 display_util.o
 .debug_macro   0x0000334b       0x46 display_util.o
 .debug_macro   0x00003391       0xa8 kc_cass_format_def.o
 .debug_macro   0x00003439      0x130 kc_cass_recv_file.o
 .debug_macro   0x00003569       0x69 kc_cass_recv_file.o
 .debug_macro   0x000035d2       0x16 kc_cass_recv_file.o
 .debug_macro   0x000035e8       0x20 kc_cass_recv_file.o
 .debug_macro   0x00003608       0xd6 kc_cass_recv_file.o
 .debug_macro   0x000036de       0x1c kc_cass_recv_file.o
 .debug_macro   0x000036fa      0x15a kc_cass_send_file.o
 .debug_macro   0x00003854       0x34 kc_cass_send_file.o
 .debug_macro   0x00003888       0x28 kc_cass_send_file.o
 .debug_macro   0x000038b0      0x16c main.o
 .debug_macro   0x00003a1c       0x49 main.o
 .debug_macro   0x00003a65       0x81 main.o
OUTPUT(main.elf elf32-avr)
LOAD linker stubs
