Archive member included to satisfy reference by file (symbol)

C:\Users\Bernd\Documents\Atmel Studio\7.0\Cass2SD\Cass2SD\ff_avr\Debug_debugwire\libff_avr.a(diskio.o)
                              main.o (disk_timerproc)
C:\Users\Bernd\Documents\Atmel Studio\7.0\Cass2SD\Cass2SD\ff_avr\Debug_debugwire\libff_avr.a(ff.o)
                              main.o (f_mount)
C:\Users\Bernd\Documents\Atmel Studio\7.0\Cass2SD\Cass2SD\ff_avr\Debug_debugwire\libff_avr.a(mmc_avr_spi.o)
                              C:\Users\Bernd\Documents\Atmel Studio\7.0\Cass2SD\Cass2SD\ff_avr\Debug_debugwire\libff_avr.a(diskio.o) (mmc_disk_initialize)
C:\Users\Bernd\Documents\Atmel Studio\7.0\Cass2SD\Cass2SD\ff_avr\Debug_debugwire\libff_avr.a(xitoa.o)
                              main.o (xfunc_out)
C:\Users\Bernd\Documents\Atmel Studio\7.0\Cass2SD\Cass2SD\lcd\Debug_debugwire\liblcd.a(lcd.o)
                              display_util.o (lcd_gotoxy)
c:/program files (x86)/atmel/studio/7.0/toolchain/avr8/avr8-gnu-toolchain/bin/../lib/gcc/avr/5.4.0/avr5\libgcc.a(_udivmodsi4.o)
                              kc_cass_send_file.o (__udivmodsi4)
c:/program files (x86)/atmel/studio/7.0/toolchain/avr8/avr8-gnu-toolchain/bin/../lib/gcc/avr/5.4.0/avr5\libgcc.a(_exit.o)
                              C:/Program Files (x86)/Atmel/Studio/7.0/Packs/atmel/ATmega_DFP/1.2.132/gcc/dev/atmega328p/avr5/crtatmega328p.o (exit)
c:/program files (x86)/atmel/studio/7.0/toolchain/avr8/avr8-gnu-toolchain/bin/../lib/gcc/avr/5.4.0/avr5\libgcc.a(_tablejump2.o)
                              C:\Users\Bernd\Documents\Atmel Studio\7.0\Cass2SD\Cass2SD\ff_avr\Debug_debugwire\libff_avr.a(mmc_avr_spi.o) (__tablejump2__)
c:/program files (x86)/atmel/studio/7.0/toolchain/avr8/avr8-gnu-toolchain/bin/../lib/gcc/avr/5.4.0/avr5\libgcc.a(_copy_data.o)
                              debounced_keys.o (__do_copy_data)
c:/program files (x86)/atmel/studio/7.0/toolchain/avr8/avr8-gnu-toolchain/bin/../lib/gcc/avr/5.4.0/avr5\libgcc.a(_clear_bss.o)
                              debounced_keys.o (__do_clear_bss)
c:/program files (x86)/atmel/studio/7.0/toolchain/avr8/avr8-gnu-toolchain/bin/../lib/gcc/avr/5.4.0/avr5\libgcc.a(_umulhisi3.o)
                              C:\Users\Bernd\Documents\Atmel Studio\7.0\Cass2SD\Cass2SD\ff_avr\Debug_debugwire\libff_avr.a(mmc_avr_spi.o) (__umulhisi3)
c:/program files (x86)/atmel/studio/7.0/toolchain/avr8/avr8-gnu-toolchain/bin/../lib/gcc/avr/5.4.0/avr5\libgcc.a(_muluhisi3.o)
                              C:\Users\Bernd\Documents\Atmel Studio\7.0\Cass2SD\Cass2SD\ff_avr\Debug_debugwire\libff_avr.a(ff.o) (__muluhisi3)
c:/program files (x86)/atmel/studio/7.0/toolchain/avr8/avr8-gnu-toolchain/bin/../lib/gcc/avr/5.4.0/../../../../avr/lib/avr5\libc.a(strlcpy_P.o)
                              kc_cass_recv_file.o (strlcpy_P)
c:/program files (x86)/atmel/studio/7.0/toolchain/avr8/avr8-gnu-toolchain/bin/../lib/gcc/avr/5.4.0/../../../../avr/lib/avr5\libc.a(strncmp_P.o)
                              kc_cass_send_file.o (strncmp_P)
c:/program files (x86)/atmel/studio/7.0/toolchain/avr8/avr8-gnu-toolchain/bin/../lib/gcc/avr/5.4.0/../../../../avr/lib/avr5\libc.a(memset.o)
                              kc_cass_send_file.o (memset)
c:/program files (x86)/atmel/studio/7.0/toolchain/avr8/avr8-gnu-toolchain/bin/../lib/gcc/avr/5.4.0/../../../../avr/lib/avr5\libc.a(strchr.o)
                              kc_cass_send_file.o (strchr)

Allocating common symbols
Common symbol       size              file

file_type           0x4               kc_cass_recv_file.o
FatFs               0x233             kc_cass_common.o
Finfo               0x16              kc_cass_common.o
keys_changed_bitmap
                    0x1               debounced_keys.o
fhdl                0x22              kc_cass_common.o
dir_name            0xd               display_util.o
Dir                 0x28              kc_cass_common.o
fr                  0x2               kc_cass_common.o
buf                 0x82              kc_cass_common.o
select_key_pressed  0x1               debounced_keys.o
keys_bitmap         0x1               debounced_keys.o
file_name_on_disk   0xd               kc_cass_recv_file.o

Discarded input sections

 .data          0x00000000        0x0 C:/Program Files (x86)/Atmel/Studio/7.0/Packs/atmel/ATmega_DFP/1.2.132/gcc/dev/atmega328p/avr5/crtatmega328p.o
 .bss           0x00000000        0x0 C:/Program Files (x86)/Atmel/Studio/7.0/Packs/atmel/ATmega_DFP/1.2.132/gcc/dev/atmega328p/avr5/crtatmega328p.o
 .group         0x00000000        0x8 debounced_keys.o
 .group         0x00000000        0x8 debounced_keys.o
 .group         0x00000000        0x8 debounced_keys.o
 .group         0x00000000        0x8 debounced_keys.o
 .group         0x00000000        0x8 debounced_keys.o
 .group         0x00000000        0x8 debounced_keys.o
 .group         0x00000000        0x8 debounced_keys.o
 .group         0x00000000        0x8 debounced_keys.o
 .group         0x00000000        0x8 debounced_keys.o
 .group         0x00000000        0x8 debounced_keys.o
 .group         0x00000000        0x8 debounced_keys.o
 .group         0x00000000        0x8 debounced_keys.o
 .group         0x00000000        0x8 debounced_keys.o
 .text          0x00000000        0x0 debounced_keys.o
 .data          0x00000000        0x0 debounced_keys.o
 .bss           0x00000000        0x0 debounced_keys.o
 .group         0x00000000        0x8 display_util.o
 .group         0x00000000        0x8 display_util.o
 .group         0x00000000        0x8 display_util.o
 .group         0x00000000        0x8 display_util.o
 .group         0x00000000        0x8 display_util.o
 .group         0x00000000        0x8 display_util.o
 .group         0x00000000        0x8 display_util.o
 .group         0x00000000        0x8 display_util.o
 .group         0x00000000        0x8 display_util.o
 .group         0x00000000        0x8 display_util.o
 .group         0x00000000        0x8 display_util.o
 .group         0x00000000        0x8 display_util.o
 .group         0x00000000        0x8 display_util.o
 .group         0x00000000        0x8 display_util.o
 .group         0x00000000        0x8 display_util.o
 .group         0x00000000        0x8 display_util.o
 .group         0x00000000        0x8 display_util.o
 .group         0x00000000        0x8 display_util.o
 .group         0x00000000        0x8 display_util.o
 .group         0x00000000        0x8 display_util.o
 .group         0x00000000        0x8 display_util.o
 .group         0x00000000        0x8 display_util.o
 .group         0x00000000        0x8 display_util.o
 .group         0x00000000        0x8 display_util.o
 .group         0x00000000        0x8 display_util.o
 .text          0x00000000        0x0 display_util.o
 .data          0x00000000        0x0 display_util.o
 .bss           0x00000000        0x0 display_util.o
 .text.display_upd_recvinfo
                0x00000000       0x28 display_util.o
 .text.display_debug_and_block
                0x00000000       0x70 display_util.o
 .progmem.data.__c.2308
                0x00000000        0x5 display_util.o
 .progmem.data.msg_info_str
                0x00000000        0x5 display_util.o
 .progmem.data.pct_X_str
                0x00000000       0x15 display_util.o
 .debug_macro   0x00000000      0xa54 display_util.o
 .debug_macro   0x00000000      0x1c9 display_util.o
 .debug_macro   0x00000000     0x1410 display_util.o
 .debug_macro   0x00000000      0x13a display_util.o
 .debug_macro   0x00000000       0xbd display_util.o
 .debug_macro   0x00000000       0x34 display_util.o
 .debug_macro   0x00000000       0x18 display_util.o
 .debug_macro   0x00000000       0x6c display_util.o
 .debug_macro   0x00000000       0x22 display_util.o
 .group         0x00000000        0x8 kc_cass_common.o
 .group         0x00000000        0x8 kc_cass_common.o
 .group         0x00000000        0x8 kc_cass_common.o
 .group         0x00000000        0x8 kc_cass_common.o
 .group         0x00000000        0x8 kc_cass_common.o
 .group         0x00000000        0x8 kc_cass_common.o
 .group         0x00000000        0x8 kc_cass_common.o
 .group         0x00000000        0x8 kc_cass_common.o
 .group         0x00000000        0x8 kc_cass_common.o
 .group         0x00000000        0x8 kc_cass_common.o
 .group         0x00000000        0x8 kc_cass_common.o
 .group         0x00000000        0x8 kc_cass_common.o
 .group         0x00000000        0x8 kc_cass_common.o
 .group         0x00000000        0x8 kc_cass_common.o
 .group         0x00000000        0x8 kc_cass_common.o
 .group         0x00000000        0x8 kc_cass_common.o
 .group         0x00000000        0x8 kc_cass_common.o
 .text          0x00000000        0x0 kc_cass_common.o
 .data          0x00000000        0x0 kc_cass_common.o
 .bss           0x00000000        0x0 kc_cass_common.o
 .debug_macro   0x00000000      0xa54 kc_cass_common.o
 .debug_macro   0x00000000       0x10 kc_cass_common.o
 .debug_macro   0x00000000      0x1c9 kc_cass_common.o
 .debug_macro   0x00000000      0x2fc kc_cass_common.o
 .debug_macro   0x00000000       0x89 kc_cass_common.o
 .debug_macro   0x00000000       0xaa kc_cass_common.o
 .debug_macro   0x00000000     0x1410 kc_cass_common.o
 .debug_macro   0x00000000      0x13a kc_cass_common.o
 .debug_macro   0x00000000       0xbd kc_cass_common.o
 .debug_macro   0x00000000       0x34 kc_cass_common.o
 .debug_macro   0x00000000       0x18 kc_cass_common.o
 .debug_macro   0x00000000       0x6c kc_cass_common.o
 .debug_macro   0x00000000       0xee kc_cass_common.o
 .debug_macro   0x00000000       0x22 kc_cass_common.o
 .debug_macro   0x00000000       0xe9 kc_cass_common.o
 .debug_macro   0x00000000       0xe2 kc_cass_common.o
 .debug_macro   0x00000000       0x40 kc_cass_common.o
 .group         0x00000000        0x8 kc_cass_recv_file.o
 .group         0x00000000        0x8 kc_cass_recv_file.o
 .group         0x00000000        0x8 kc_cass_recv_file.o
 .group         0x00000000        0x8 kc_cass_recv_file.o
 .group         0x00000000        0x8 kc_cass_recv_file.o
 .group         0x00000000        0x8 kc_cass_recv_file.o
 .group         0x00000000        0x8 kc_cass_recv_file.o
 .group         0x00000000        0x8 kc_cass_recv_file.o
 .group         0x00000000        0x8 kc_cass_recv_file.o
 .group         0x00000000        0x8 kc_cass_recv_file.o
 .group         0x00000000        0x8 kc_cass_recv_file.o
 .group         0x00000000        0x8 kc_cass_recv_file.o
 .group         0x00000000        0x8 kc_cass_recv_file.o
 .group         0x00000000        0x8 kc_cass_recv_file.o
 .group         0x00000000        0x8 kc_cass_recv_file.o
 .group         0x00000000        0x8 kc_cass_recv_file.o
 .group         0x00000000        0x8 kc_cass_recv_file.o
 .group         0x00000000        0x8 kc_cass_recv_file.o
 .group         0x00000000        0x8 kc_cass_recv_file.o
 .group         0x00000000        0x8 kc_cass_recv_file.o
 .group         0x00000000        0x8 kc_cass_recv_file.o
 .group         0x00000000        0x8 kc_cass_recv_file.o
 .group         0x00000000        0x8 kc_cass_recv_file.o
 .group         0x00000000        0x8 kc_cass_recv_file.o
 .group         0x00000000        0x8 kc_cass_recv_file.o
 .group         0x00000000        0x8 kc_cass_recv_file.o
 .group         0x00000000        0x8 kc_cass_recv_file.o
 .group         0x00000000        0x8 kc_cass_recv_file.o
 .group         0x00000000        0x8 kc_cass_recv_file.o
 .text          0x00000000        0x0 kc_cass_recv_file.o
 .data          0x00000000        0x0 kc_cass_recv_file.o
 .bss           0x00000000        0x0 kc_cass_recv_file.o
 .text.kc_cass_recv_file_disable
                0x00000000       0x14 kc_cass_recv_file.o
 .debug_macro   0x00000000      0xa54 kc_cass_recv_file.o
 .debug_macro   0x00000000       0x10 kc_cass_recv_file.o
 .debug_macro   0x00000000      0x1c9 kc_cass_recv_file.o
 .debug_macro   0x00000000      0x2fc kc_cass_recv_file.o
 .debug_macro   0x00000000       0x9e kc_cass_recv_file.o
 .debug_macro   0x00000000     0x1410 kc_cass_recv_file.o
 .debug_macro   0x00000000      0x13a kc_cass_recv_file.o
 .debug_macro   0x00000000       0xbd kc_cass_recv_file.o
 .debug_macro   0x00000000       0x34 kc_cass_recv_file.o
 .debug_macro   0x00000000       0x18 kc_cass_recv_file.o
 .debug_macro   0x00000000       0x6c kc_cass_recv_file.o
 .debug_macro   0x00000000       0x10 kc_cass_recv_file.o
 .debug_macro   0x00000000       0x89 kc_cass_recv_file.o
 .debug_macro   0x00000000       0xee kc_cass_recv_file.o
 .debug_macro   0x00000000       0x10 kc_cass_recv_file.o
 .debug_macro   0x00000000      0x160 kc_cass_recv_file.o
 .debug_macro   0x00000000       0xf6 kc_cass_recv_file.o
 .debug_macro   0x00000000       0x22 kc_cass_recv_file.o
 .debug_macro   0x00000000       0xe9 kc_cass_recv_file.o
 .debug_macro   0x00000000       0xe2 kc_cass_recv_file.o
 .debug_macro   0x00000000       0x16 kc_cass_recv_file.o
 .debug_macro   0x00000000      0x1e3 kc_cass_recv_file.o
 .group         0x00000000        0x8 kc_cass_send_file.o
 .group         0x00000000        0x8 kc_cass_send_file.o
 .group         0x00000000        0x8 kc_cass_send_file.o
 .group         0x00000000        0x8 kc_cass_send_file.o
 .group         0x00000000        0x8 kc_cass_send_file.o
 .group         0x00000000        0x8 kc_cass_send_file.o
 .group         0x00000000        0x8 kc_cass_send_file.o
 .group         0x00000000        0x8 kc_cass_send_file.o
 .group         0x00000000        0x8 kc_cass_send_file.o
 .group         0x00000000        0x8 kc_cass_send_file.o
 .group         0x00000000        0x8 kc_cass_send_file.o
 .group         0x00000000        0x8 kc_cass_send_file.o
 .group         0x00000000        0x8 kc_cass_send_file.o
 .group         0x00000000        0x8 kc_cass_send_file.o
 .group         0x00000000        0x8 kc_cass_send_file.o
 .group         0x00000000        0x8 kc_cass_send_file.o
 .group         0x00000000        0x8 kc_cass_send_file.o
 .group         0x00000000        0x8 kc_cass_send_file.o
 .group         0x00000000        0x8 kc_cass_send_file.o
 .group         0x00000000        0x8 kc_cass_send_file.o
 .group         0x00000000        0x8 kc_cass_send_file.o
 .group         0x00000000        0x8 kc_cass_send_file.o
 .group         0x00000000        0x8 kc_cass_send_file.o
 .group         0x00000000        0x8 kc_cass_send_file.o
 .group         0x00000000        0x8 kc_cass_send_file.o
 .group         0x00000000        0x8 kc_cass_send_file.o
 .group         0x00000000        0x8 kc_cass_send_file.o
 .group         0x00000000        0x8 kc_cass_send_file.o
 .group         0x00000000        0x8 kc_cass_send_file.o
 .text          0x00000000        0x0 kc_cass_send_file.o
 .data          0x00000000        0x0 kc_cass_send_file.o
 .bss           0x00000000        0x0 kc_cass_send_file.o
 .debug_macro   0x00000000      0xa54 kc_cass_send_file.o
 .debug_macro   0x00000000       0x10 kc_cass_send_file.o
 .debug_macro   0x00000000      0x1c9 kc_cass_send_file.o
 .debug_macro   0x00000000      0x2fc kc_cass_send_file.o
 .debug_macro   0x00000000       0x9e kc_cass_send_file.o
 .debug_macro   0x00000000     0x1410 kc_cass_send_file.o
 .debug_macro   0x00000000      0x13a kc_cass_send_file.o
 .debug_macro   0x00000000       0xbd kc_cass_send_file.o
 .debug_macro   0x00000000       0x34 kc_cass_send_file.o
 .debug_macro   0x00000000       0x18 kc_cass_send_file.o
 .debug_macro   0x00000000       0x6c kc_cass_send_file.o
 .debug_macro   0x00000000       0x69 kc_cass_send_file.o
 .debug_macro   0x00000000       0x10 kc_cass_send_file.o
 .debug_macro   0x00000000       0x89 kc_cass_send_file.o
 .debug_macro   0x00000000       0xee kc_cass_send_file.o
 .debug_macro   0x00000000       0x16 kc_cass_send_file.o
 .debug_macro   0x00000000       0x20 kc_cass_send_file.o
 .debug_macro   0x00000000       0x10 kc_cass_send_file.o
 .debug_macro   0x00000000      0x160 kc_cass_send_file.o
 .debug_macro   0x00000000       0x22 kc_cass_send_file.o
 .debug_macro   0x00000000       0x16 kc_cass_send_file.o
 .debug_macro   0x00000000       0xe9 kc_cass_send_file.o
 .debug_macro   0x00000000       0xe2 kc_cass_send_file.o
 .debug_macro   0x00000000      0x1e3 kc_cass_send_file.o
 .debug_macro   0x00000000       0x40 kc_cass_send_file.o
 .debug_macro   0x00000000       0x22 kc_cass_send_file.o
 .debug_macro   0x00000000       0x46 kc_cass_send_file.o
 .group         0x00000000        0x8 main.o
 .group         0x00000000        0x8 main.o
 .group         0x00000000        0x8 main.o
 .group         0x00000000        0x8 main.o
 .group         0x00000000        0x8 main.o
 .group         0x00000000        0x8 main.o
 .group         0x00000000        0x8 main.o
 .group         0x00000000        0x8 main.o
 .group         0x00000000        0x8 main.o
 .group         0x00000000        0x8 main.o
 .group         0x00000000        0x8 main.o
 .group         0x00000000        0x8 main.o
 .group         0x00000000        0x8 main.o
 .group         0x00000000        0x8 main.o
 .group         0x00000000        0x8 main.o
 .group         0x00000000        0x8 main.o
 .group         0x00000000        0x8 main.o
 .group         0x00000000        0x8 main.o
 .group         0x00000000        0x8 main.o
 .group         0x00000000        0x8 main.o
 .group         0x00000000        0x8 main.o
 .group         0x00000000        0x8 main.o
 .group         0x00000000        0x8 main.o
 .group         0x00000000        0x8 main.o
 .group         0x00000000        0x8 main.o
 .group         0x00000000        0x8 main.o
 .group         0x00000000        0x8 main.o
 .group         0x00000000        0x8 main.o
 .group         0x00000000        0x8 main.o
 .group         0x00000000        0x8 main.o
 .group         0x00000000        0x8 main.o
 .group         0x00000000        0x8 main.o
 .text          0x00000000        0x0 main.o
 .data          0x00000000        0x0 main.o
 .bss           0x00000000        0x0 main.o
 .debug_macro   0x00000000      0xa54 main.o
 .debug_macro   0x00000000       0x10 main.o
 .debug_macro   0x00000000      0x1c9 main.o
 .debug_macro   0x00000000      0x2fc main.o
 .debug_macro   0x00000000       0x9e main.o
 .debug_macro   0x00000000     0x1410 main.o
 .debug_macro   0x00000000      0x13a main.o
 .debug_macro   0x00000000       0xbd main.o
 .debug_macro   0x00000000       0x34 main.o
 .debug_macro   0x00000000       0x18 main.o
 .debug_macro   0x00000000       0x6c main.o
 .debug_macro   0x00000000       0x69 main.o
 .debug_macro   0x00000000       0x10 main.o
 .debug_macro   0x00000000       0x89 main.o
 .debug_macro   0x00000000       0xee main.o
 .debug_macro   0x00000000       0x16 main.o
 .debug_macro   0x00000000       0x20 main.o
 .debug_macro   0x00000000       0x10 main.o
 .debug_macro   0x00000000      0x160 main.o
 .debug_macro   0x00000000       0x22 main.o
 .debug_macro   0x00000000       0x16 main.o
 .debug_macro   0x00000000       0xe9 main.o
 .debug_macro   0x00000000       0xe2 main.o
 .debug_macro   0x00000000       0xd6 main.o
 .debug_macro   0x00000000      0x1e3 main.o
 .debug_macro   0x00000000       0x46 main.o
 .debug_macro   0x00000000       0x40 main.o
 .debug_macro   0x00000000       0x1c main.o
 .debug_macro   0x00000000       0x1c main.o
 .debug_macro   0x00000000       0x40 main.o
 .text          0x00000000        0x0 C:\Users\Bernd\Documents\Atmel Studio\7.0\Cass2SD\Cass2SD\ff_avr\Debug_debugwire\libff_avr.a(diskio.o)
 .data          0x00000000        0x0 C:\Users\Bernd\Documents\Atmel Studio\7.0\Cass2SD\Cass2SD\ff_avr\Debug_debugwire\libff_avr.a(diskio.o)
 .bss           0x00000000        0x0 C:\Users\Bernd\Documents\Atmel Studio\7.0\Cass2SD\Cass2SD\ff_avr\Debug_debugwire\libff_avr.a(diskio.o)
 .text          0x00000000        0x0 C:\Users\Bernd\Documents\Atmel Studio\7.0\Cass2SD\Cass2SD\ff_avr\Debug_debugwire\libff_avr.a(ff.o)
 .data          0x00000000        0x0 C:\Users\Bernd\Documents\Atmel Studio\7.0\Cass2SD\Cass2SD\ff_avr\Debug_debugwire\libff_avr.a(ff.o)
 .bss           0x00000000        0x0 C:\Users\Bernd\Documents\Atmel Studio\7.0\Cass2SD\Cass2SD\ff_avr\Debug_debugwire\libff_avr.a(ff.o)
 .text.dir_remove
                0x00000000       0x38 C:\Users\Bernd\Documents\Atmel Studio\7.0\Cass2SD\Cass2SD\ff_avr\Debug_debugwire\libff_avr.a(ff.o)
 .text.f_stat   0x00000000       0x82 C:\Users\Bernd\Documents\Atmel Studio\7.0\Cass2SD\Cass2SD\ff_avr\Debug_debugwire\libff_avr.a(ff.o)
 .text.f_getfree
                0x00000000      0x22c C:\Users\Bernd\Documents\Atmel Studio\7.0\Cass2SD\Cass2SD\ff_avr\Debug_debugwire\libff_avr.a(ff.o)
 .text.f_truncate
                0x00000000      0x13c C:\Users\Bernd\Documents\Atmel Studio\7.0\Cass2SD\Cass2SD\ff_avr\Debug_debugwire\libff_avr.a(ff.o)
 .text.f_unlink
                0x00000000      0x182 C:\Users\Bernd\Documents\Atmel Studio\7.0\Cass2SD\Cass2SD\ff_avr\Debug_debugwire\libff_avr.a(ff.o)
 .text.f_mkdir  0x00000000      0x2e4 C:\Users\Bernd\Documents\Atmel Studio\7.0\Cass2SD\Cass2SD\ff_avr\Debug_debugwire\libff_avr.a(ff.o)
 .text.f_rename
                0x00000000      0x22a C:\Users\Bernd\Documents\Atmel Studio\7.0\Cass2SD\Cass2SD\ff_avr\Debug_debugwire\libff_avr.a(ff.o)
 .text          0x00000000        0x0 C:\Users\Bernd\Documents\Atmel Studio\7.0\Cass2SD\Cass2SD\ff_avr\Debug_debugwire\libff_avr.a(mmc_avr_spi.o)
 .data          0x00000000        0x0 C:\Users\Bernd\Documents\Atmel Studio\7.0\Cass2SD\Cass2SD\ff_avr\Debug_debugwire\libff_avr.a(mmc_avr_spi.o)
 .bss           0x00000000        0x0 C:\Users\Bernd\Documents\Atmel Studio\7.0\Cass2SD\Cass2SD\ff_avr\Debug_debugwire\libff_avr.a(mmc_avr_spi.o)
 .data          0x00000000        0x0 C:\Users\Bernd\Documents\Atmel Studio\7.0\Cass2SD\Cass2SD\ff_avr\Debug_debugwire\libff_avr.a(xitoa.o)
 .text          0x00000000        0x0 C:\Users\Bernd\Documents\Atmel Studio\7.0\Cass2SD\Cass2SD\lcd\Debug_debugwire\liblcd.a(lcd.o)
 .data          0x00000000        0x0 C:\Users\Bernd\Documents\Atmel Studio\7.0\Cass2SD\Cass2SD\lcd\Debug_debugwire\liblcd.a(lcd.o)
 .bss           0x00000000        0x0 C:\Users\Bernd\Documents\Atmel Studio\7.0\Cass2SD\Cass2SD\lcd\Debug_debugwire\liblcd.a(lcd.o)
 .text.lcd_data
                0x00000000       0x14 C:\Users\Bernd\Documents\Atmel Studio\7.0\Cass2SD\Cass2SD\lcd\Debug_debugwire\liblcd.a(lcd.o)
 .text.lcd_getxy
                0x00000000        0x8 C:\Users\Bernd\Documents\Atmel Studio\7.0\Cass2SD\Cass2SD\lcd\Debug_debugwire\liblcd.a(lcd.o)
 .text.lcd_home
                0x00000000        0x8 C:\Users\Bernd\Documents\Atmel Studio\7.0\Cass2SD\Cass2SD\lcd\Debug_debugwire\liblcd.a(lcd.o)
 .text.lcd_puts
                0x00000000       0x1e C:\Users\Bernd\Documents\Atmel Studio\7.0\Cass2SD\Cass2SD\lcd\Debug_debugwire\liblcd.a(lcd.o)
 .text.lcd_puts_p
                0x00000000       0x1e C:\Users\Bernd\Documents\Atmel Studio\7.0\Cass2SD\Cass2SD\lcd\Debug_debugwire\liblcd.a(lcd.o)
 .text          0x00000000        0x0 c:/program files (x86)/atmel/studio/7.0/toolchain/avr8/avr8-gnu-toolchain/bin/../lib/gcc/avr/5.4.0/avr5\libgcc.a(_udivmodsi4.o)
 .data          0x00000000        0x0 c:/program files (x86)/atmel/studio/7.0/toolchain/avr8/avr8-gnu-toolchain/bin/../lib/gcc/avr/5.4.0/avr5\libgcc.a(_udivmodsi4.o)
 .bss           0x00000000        0x0 c:/program files (x86)/atmel/studio/7.0/toolchain/avr8/avr8-gnu-toolchain/bin/../lib/gcc/avr/5.4.0/avr5\libgcc.a(_udivmodsi4.o)
 .text.libgcc.mul
                0x00000000        0x0 c:/program files (x86)/atmel/studio/7.0/toolchain/avr8/avr8-gnu-toolchain/bin/../lib/gcc/avr/5.4.0/avr5\libgcc.a(_udivmodsi4.o)
 .text.libgcc   0x00000000        0x0 c:/program files (x86)/atmel/studio/7.0/toolchain/avr8/avr8-gnu-toolchain/bin/../lib/gcc/avr/5.4.0/avr5\libgcc.a(_udivmodsi4.o)
 .text.libgcc.prologue
                0x00000000        0x0 c:/program files (x86)/atmel/studio/7.0/toolchain/avr8/avr8-gnu-toolchain/bin/../lib/gcc/avr/5.4.0/avr5\libgcc.a(_udivmodsi4.o)
 .text.libgcc.builtins
                0x00000000        0x0 c:/program files (x86)/atmel/studio/7.0/toolchain/avr8/avr8-gnu-toolchain/bin/../lib/gcc/avr/5.4.0/avr5\libgcc.a(_udivmodsi4.o)
 .text.libgcc.fmul
                0x00000000        0x0 c:/program files (x86)/atmel/studio/7.0/toolchain/avr8/avr8-gnu-toolchain/bin/../lib/gcc/avr/5.4.0/avr5\libgcc.a(_udivmodsi4.o)
 .text.libgcc.fixed
                0x00000000        0x0 c:/program files (x86)/atmel/studio/7.0/toolchain/avr8/avr8-gnu-toolchain/bin/../lib/gcc/avr/5.4.0/avr5\libgcc.a(_udivmodsi4.o)
 .text          0x00000000        0x0 c:/program files (x86)/atmel/studio/7.0/toolchain/avr8/avr8-gnu-toolchain/bin/../lib/gcc/avr/5.4.0/avr5\libgcc.a(_exit.o)
 .data          0x00000000        0x0 c:/program files (x86)/atmel/studio/7.0/toolchain/avr8/avr8-gnu-toolchain/bin/../lib/gcc/avr/5.4.0/avr5\libgcc.a(_exit.o)
 .bss           0x00000000        0x0 c:/program files (x86)/atmel/studio/7.0/toolchain/avr8/avr8-gnu-toolchain/bin/../lib/gcc/avr/5.4.0/avr5\libgcc.a(_exit.o)
 .text.libgcc.mul
                0x00000000        0x0 c:/program files (x86)/atmel/studio/7.0/toolchain/avr8/avr8-gnu-toolchain/bin/../lib/gcc/avr/5.4.0/avr5\libgcc.a(_exit.o)
 .text.libgcc.div
                0x00000000        0x0 c:/program files (x86)/atmel/studio/7.0/toolchain/avr8/avr8-gnu-toolchain/bin/../lib/gcc/avr/5.4.0/avr5\libgcc.a(_exit.o)
 .text.libgcc   0x00000000        0x0 c:/program files (x86)/atmel/studio/7.0/toolchain/avr8/avr8-gnu-toolchain/bin/../lib/gcc/avr/5.4.0/avr5\libgcc.a(_exit.o)
 .text.libgcc.prologue
                0x00000000        0x0 c:/program files (x86)/atmel/studio/7.0/toolchain/avr8/avr8-gnu-toolchain/bin/../lib/gcc/avr/5.4.0/avr5\libgcc.a(_exit.o)
 .text.libgcc.builtins
                0x00000000        0x0 c:/program files (x86)/atmel/studio/7.0/toolchain/avr8/avr8-gnu-toolchain/bin/../lib/gcc/avr/5.4.0/avr5\libgcc.a(_exit.o)
 .text.libgcc.fmul
                0x00000000        0x0 c:/program files (x86)/atmel/studio/7.0/toolchain/avr8/avr8-gnu-toolchain/bin/../lib/gcc/avr/5.4.0/avr5\libgcc.a(_exit.o)
 .text.libgcc.fixed
                0x00000000        0x0 c:/program files (x86)/atmel/studio/7.0/toolchain/avr8/avr8-gnu-toolchain/bin/../lib/gcc/avr/5.4.0/avr5\libgcc.a(_exit.o)
 .text          0x00000000        0x0 c:/program files (x86)/atmel/studio/7.0/toolchain/avr8/avr8-gnu-toolchain/bin/../lib/gcc/avr/5.4.0/avr5\libgcc.a(_tablejump2.o)
 .data          0x00000000        0x0 c:/program files (x86)/atmel/studio/7.0/toolchain/avr8/avr8-gnu-toolchain/bin/../lib/gcc/avr/5.4.0/avr5\libgcc.a(_tablejump2.o)
 .bss           0x00000000        0x0 c:/program files (x86)/atmel/studio/7.0/toolchain/avr8/avr8-gnu-toolchain/bin/../lib/gcc/avr/5.4.0/avr5\libgcc.a(_tablejump2.o)
 .text.libgcc.mul
                0x00000000        0x0 c:/program files (x86)/atmel/studio/7.0/toolchain/avr8/avr8-gnu-toolchain/bin/../lib/gcc/avr/5.4.0/avr5\libgcc.a(_tablejump2.o)
 .text.libgcc.div
                0x00000000        0x0 c:/program files (x86)/atmel/studio/7.0/toolchain/avr8/avr8-gnu-toolchain/bin/../lib/gcc/avr/5.4.0/avr5\libgcc.a(_tablejump2.o)
 .text.libgcc.prologue
                0x00000000        0x0 c:/program files (x86)/atmel/studio/7.0/toolchain/avr8/avr8-gnu-toolchain/bin/../lib/gcc/avr/5.4.0/avr5\libgcc.a(_tablejump2.o)
 .text.libgcc.builtins
                0x00000000        0x0 c:/program files (x86)/atmel/studio/7.0/toolchain/avr8/avr8-gnu-toolchain/bin/../lib/gcc/avr/5.4.0/avr5\libgcc.a(_tablejump2.o)
 .text.libgcc.fmul
                0x00000000        0x0 c:/program files (x86)/atmel/studio/7.0/toolchain/avr8/avr8-gnu-toolchain/bin/../lib/gcc/avr/5.4.0/avr5\libgcc.a(_tablejump2.o)
 .text.libgcc.fixed
                0x00000000        0x0 c:/program files (x86)/atmel/studio/7.0/toolchain/avr8/avr8-gnu-toolchain/bin/../lib/gcc/avr/5.4.0/avr5\libgcc.a(_tablejump2.o)
 .text          0x00000000        0x0 c:/program files (x86)/atmel/studio/7.0/toolchain/avr8/avr8-gnu-toolchain/bin/../lib/gcc/avr/5.4.0/avr5\libgcc.a(_copy_data.o)
 .data          0x00000000        0x0 c:/program files (x86)/atmel/studio/7.0/toolchain/avr8/avr8-gnu-toolchain/bin/../lib/gcc/avr/5.4.0/avr5\libgcc.a(_copy_data.o)
 .bss           0x00000000        0x0 c:/program files (x86)/atmel/studio/7.0/toolchain/avr8/avr8-gnu-toolchain/bin/../lib/gcc/avr/5.4.0/avr5\libgcc.a(_copy_data.o)
 .text.libgcc.mul
                0x00000000        0x0 c:/program files (x86)/atmel/studio/7.0/toolchain/avr8/avr8-gnu-toolchain/bin/../lib/gcc/avr/5.4.0/avr5\libgcc.a(_copy_data.o)
 .text.libgcc.div
                0x00000000        0x0 c:/program files (x86)/atmel/studio/7.0/toolchain/avr8/avr8-gnu-toolchain/bin/../lib/gcc/avr/5.4.0/avr5\libgcc.a(_copy_data.o)
 .text.libgcc   0x00000000        0x0 c:/program files (x86)/atmel/studio/7.0/toolchain/avr8/avr8-gnu-toolchain/bin/../lib/gcc/avr/5.4.0/avr5\libgcc.a(_copy_data.o)
 .text.libgcc.prologue
                0x00000000        0x0 c:/program files (x86)/atmel/studio/7.0/toolchain/avr8/avr8-gnu-toolchain/bin/../lib/gcc/avr/5.4.0/avr5\libgcc.a(_copy_data.o)
 .text.libgcc.builtins
                0x00000000        0x0 c:/program files (x86)/atmel/studio/7.0/toolchain/avr8/avr8-gnu-toolchain/bin/../lib/gcc/avr/5.4.0/avr5\libgcc.a(_copy_data.o)
 .text.libgcc.fmul
                0x00000000        0x0 c:/program files (x86)/atmel/studio/7.0/toolchain/avr8/avr8-gnu-toolchain/bin/../lib/gcc/avr/5.4.0/avr5\libgcc.a(_copy_data.o)
 .text.libgcc.fixed
                0x00000000        0x0 c:/program files (x86)/atmel/studio/7.0/toolchain/avr8/avr8-gnu-toolchain/bin/../lib/gcc/avr/5.4.0/avr5\libgcc.a(_copy_data.o)
 .text          0x00000000        0x0 c:/program files (x86)/atmel/studio/7.0/toolchain/avr8/avr8-gnu-toolchain/bin/../lib/gcc/avr/5.4.0/avr5\libgcc.a(_clear_bss.o)
 .data          0x00000000        0x0 c:/program files (x86)/atmel/studio/7.0/toolchain/avr8/avr8-gnu-toolchain/bin/../lib/gcc/avr/5.4.0/avr5\libgcc.a(_clear_bss.o)
 .bss           0x00000000        0x0 c:/program files (x86)/atmel/studio/7.0/toolchain/avr8/avr8-gnu-toolchain/bin/../lib/gcc/avr/5.4.0/avr5\libgcc.a(_clear_bss.o)
 .text.libgcc.mul
                0x00000000        0x0 c:/program files (x86)/atmel/studio/7.0/toolchain/avr8/avr8-gnu-toolchain/bin/../lib/gcc/avr/5.4.0/avr5\libgcc.a(_clear_bss.o)
 .text.libgcc.div
                0x00000000        0x0 c:/program files (x86)/atmel/studio/7.0/toolchain/avr8/avr8-gnu-toolchain/bin/../lib/gcc/avr/5.4.0/avr5\libgcc.a(_clear_bss.o)
 .text.libgcc   0x00000000        0x0 c:/program files (x86)/atmel/studio/7.0/toolchain/avr8/avr8-gnu-toolchain/bin/../lib/gcc/avr/5.4.0/avr5\libgcc.a(_clear_bss.o)
 .text.libgcc.prologue
                0x00000000        0x0 c:/program files (x86)/atmel/studio/7.0/toolchain/avr8/avr8-gnu-toolchain/bin/../lib/gcc/avr/5.4.0/avr5\libgcc.a(_clear_bss.o)
 .text.libgcc.builtins
                0x00000000        0x0 c:/program files (x86)/atmel/studio/7.0/toolchain/avr8/avr8-gnu-toolchain/bin/../lib/gcc/avr/5.4.0/avr5\libgcc.a(_clear_bss.o)
 .text.libgcc.fmul
                0x00000000        0x0 c:/program files (x86)/atmel/studio/7.0/toolchain/avr8/avr8-gnu-toolchain/bin/../lib/gcc/avr/5.4.0/avr5\libgcc.a(_clear_bss.o)
 .text.libgcc.fixed
                0x00000000        0x0 c:/program files (x86)/atmel/studio/7.0/toolchain/avr8/avr8-gnu-toolchain/bin/../lib/gcc/avr/5.4.0/avr5\libgcc.a(_clear_bss.o)
 .text          0x00000000        0x0 c:/program files (x86)/atmel/studio/7.0/toolchain/avr8/avr8-gnu-toolchain/bin/../lib/gcc/avr/5.4.0/avr5\libgcc.a(_umulhisi3.o)
 .data          0x00000000        0x0 c:/program files (x86)/atmel/studio/7.0/toolchain/avr8/avr8-gnu-toolchain/bin/../lib/gcc/avr/5.4.0/avr5\libgcc.a(_umulhisi3.o)
 .bss           0x00000000        0x0 c:/program files (x86)/atmel/studio/7.0/toolchain/avr8/avr8-gnu-toolchain/bin/../lib/gcc/avr/5.4.0/avr5\libgcc.a(_umulhisi3.o)
 .text.libgcc.div
                0x00000000        0x0 c:/program files (x86)/atmel/studio/7.0/toolchain/avr8/avr8-gnu-toolchain/bin/../lib/gcc/avr/5.4.0/avr5\libgcc.a(_umulhisi3.o)
 .text.libgcc   0x00000000        0x0 c:/program files (x86)/atmel/studio/7.0/toolchain/avr8/avr8-gnu-toolchain/bin/../lib/gcc/avr/5.4.0/avr5\libgcc.a(_umulhisi3.o)
 .text.libgcc.prologue
                0x00000000        0x0 c:/program files (x86)/atmel/studio/7.0/toolchain/avr8/avr8-gnu-toolchain/bin/../lib/gcc/avr/5.4.0/avr5\libgcc.a(_umulhisi3.o)
 .text.libgcc.builtins
                0x00000000        0x0 c:/program files (x86)/atmel/studio/7.0/toolchain/avr8/avr8-gnu-toolchain/bin/../lib/gcc/avr/5.4.0/avr5\libgcc.a(_umulhisi3.o)
 .text.libgcc.fmul
                0x00000000        0x0 c:/program files (x86)/atmel/studio/7.0/toolchain/avr8/avr8-gnu-toolchain/bin/../lib/gcc/avr/5.4.0/avr5\libgcc.a(_umulhisi3.o)
 .text.libgcc.fixed
                0x00000000        0x0 c:/program files (x86)/atmel/studio/7.0/toolchain/avr8/avr8-gnu-toolchain/bin/../lib/gcc/avr/5.4.0/avr5\libgcc.a(_umulhisi3.o)
 .text          0x00000000        0x0 c:/program files (x86)/atmel/studio/7.0/toolchain/avr8/avr8-gnu-toolchain/bin/../lib/gcc/avr/5.4.0/avr5\libgcc.a(_muluhisi3.o)
 .data          0x00000000        0x0 c:/program files (x86)/atmel/studio/7.0/toolchain/avr8/avr8-gnu-toolchain/bin/../lib/gcc/avr/5.4.0/avr5\libgcc.a(_muluhisi3.o)
 .bss           0x00000000        0x0 c:/program files (x86)/atmel/studio/7.0/toolchain/avr8/avr8-gnu-toolchain/bin/../lib/gcc/avr/5.4.0/avr5\libgcc.a(_muluhisi3.o)
 .text.libgcc.div
                0x00000000        0x0 c:/program files (x86)/atmel/studio/7.0/toolchain/avr8/avr8-gnu-toolchain/bin/../lib/gcc/avr/5.4.0/avr5\libgcc.a(_muluhisi3.o)
 .text.libgcc   0x00000000        0x0 c:/program files (x86)/atmel/studio/7.0/toolchain/avr8/avr8-gnu-toolchain/bin/../lib/gcc/avr/5.4.0/avr5\libgcc.a(_muluhisi3.o)
 .text.libgcc.prologue
                0x00000000        0x0 c:/program files (x86)/atmel/studio/7.0/toolchain/avr8/avr8-gnu-toolchain/bin/../lib/gcc/avr/5.4.0/avr5\libgcc.a(_muluhisi3.o)
 .text.libgcc.builtins
                0x00000000        0x0 c:/program files (x86)/atmel/studio/7.0/toolchain/avr8/avr8-gnu-toolchain/bin/../lib/gcc/avr/5.4.0/avr5\libgcc.a(_muluhisi3.o)
 .text.libgcc.fmul
                0x00000000        0x0 c:/program files (x86)/atmel/studio/7.0/toolchain/avr8/avr8-gnu-toolchain/bin/../lib/gcc/avr/5.4.0/avr5\libgcc.a(_muluhisi3.o)
 .text.libgcc.fixed
                0x00000000        0x0 c:/program files (x86)/atmel/studio/7.0/toolchain/avr8/avr8-gnu-toolchain/bin/../lib/gcc/avr/5.4.0/avr5\libgcc.a(_muluhisi3.o)
 .text          0x00000000        0x0 c:/program files (x86)/atmel/studio/7.0/toolchain/avr8/avr8-gnu-toolchain/bin/../lib/gcc/avr/5.4.0/../../../../avr/lib/avr5\libc.a(strlcpy_P.o)
 .data          0x00000000        0x0 c:/program files (x86)/atmel/studio/7.0/toolchain/avr8/avr8-gnu-toolchain/bin/../lib/gcc/avr/5.4.0/../../../../avr/lib/avr5\libc.a(strlcpy_P.o)
 .bss           0x00000000        0x0 c:/program files (x86)/atmel/studio/7.0/toolchain/avr8/avr8-gnu-toolchain/bin/../lib/gcc/avr/5.4.0/../../../../avr/lib/avr5\libc.a(strlcpy_P.o)
 .text          0x00000000        0x0 c:/program files (x86)/atmel/studio/7.0/toolchain/avr8/avr8-gnu-toolchain/bin/../lib/gcc/avr/5.4.0/../../../../avr/lib/avr5\libc.a(strncmp_P.o)
 .data          0x00000000        0x0 c:/program files (x86)/atmel/studio/7.0/toolchain/avr8/avr8-gnu-toolchain/bin/../lib/gcc/avr/5.4.0/../../../../avr/lib/avr5\libc.a(strncmp_P.o)
 .bss           0x00000000        0x0 c:/program files (x86)/atmel/studio/7.0/toolchain/avr8/avr8-gnu-toolchain/bin/../lib/gcc/avr/5.4.0/../../../../avr/lib/avr5\libc.a(strncmp_P.o)
 .text          0x00000000        0x0 c:/program files (x86)/atmel/studio/7.0/toolchain/avr8/avr8-gnu-toolchain/bin/../lib/gcc/avr/5.4.0/../../../../avr/lib/avr5\libc.a(memset.o)
 .data          0x00000000        0x0 c:/program files (x86)/atmel/studio/7.0/toolchain/avr8/avr8-gnu-toolchain/bin/../lib/gcc/avr/5.4.0/../../../../avr/lib/avr5\libc.a(memset.o)
 .bss           0x00000000        0x0 c:/program files (x86)/atmel/studio/7.0/toolchain/avr8/avr8-gnu-toolchain/bin/../lib/gcc/avr/5.4.0/../../../../avr/lib/avr5\libc.a(memset.o)
 .text          0x00000000        0x0 c:/program files (x86)/atmel/studio/7.0/toolchain/avr8/avr8-gnu-toolchain/bin/../lib/gcc/avr/5.4.0/../../../../avr/lib/avr5\libc.a(strchr.o)
 .data          0x00000000        0x0 c:/program files (x86)/atmel/studio/7.0/toolchain/avr8/avr8-gnu-toolchain/bin/../lib/gcc/avr/5.4.0/../../../../avr/lib/avr5\libc.a(strchr.o)
 .bss           0x00000000        0x0 c:/program files (x86)/atmel/studio/7.0/toolchain/avr8/avr8-gnu-toolchain/bin/../lib/gcc/avr/5.4.0/../../../../avr/lib/avr5\libc.a(strchr.o)

Memory Configuration

Name             Origin             Length             Attributes
text             0x00000000         0x00020000         xr
data             0x00800060         0x0000ffa0         rw !x
eeprom           0x00810000         0x00010000         rw !x
fuse             0x00820000         0x00000003         rw !x
lock             0x00830000         0x00000400         rw !x
signature        0x00840000         0x00000400         rw !x
user_signatures  0x00850000         0x00000400         rw !x
*default*        0x00000000         0xffffffff

Linker script and memory map

Address of section .data set to 0x800100
LOAD C:/Program Files (x86)/Atmel/Studio/7.0/Packs/atmel/ATmega_DFP/1.2.132/gcc/dev/atmega328p/avr5/crtatmega328p.o
LOAD debounced_keys.o
LOAD display_util.o
LOAD kc_cass_common.o
LOAD kc_cass_recv_file.o
LOAD kc_cass_send_file.o
LOAD main.o
START GROUP
LOAD c:/program files (x86)/atmel/studio/7.0/toolchain/avr8/avr8-gnu-toolchain/bin/../lib/gcc/avr/5.4.0/../../../../avr/lib/avr5\libm.a
LOAD C:\Users\Bernd\Documents\Atmel Studio\7.0\Cass2SD\Cass2SD\ff_avr\Debug_debugwire\libff_avr.a
LOAD C:\Users\Bernd\Documents\Atmel Studio\7.0\Cass2SD\Cass2SD\lcd\Debug_debugwire\liblcd.a
END GROUP
START GROUP
LOAD c:/program files (x86)/atmel/studio/7.0/toolchain/avr8/avr8-gnu-toolchain/bin/../lib/gcc/avr/5.4.0/avr5\libgcc.a
LOAD c:/program files (x86)/atmel/studio/7.0/toolchain/avr8/avr8-gnu-toolchain/bin/../lib/gcc/avr/5.4.0/../../../../avr/lib/avr5\libm.a
LOAD c:/program files (x86)/atmel/studio/7.0/toolchain/avr8/avr8-gnu-toolchain/bin/../lib/gcc/avr/5.4.0/../../../../avr/lib/avr5\libc.a
LOAD C:/Program Files (x86)/Atmel/Studio/7.0/Packs/atmel/ATmega_DFP/1.2.132/gcc/dev/atmega328p/avr5\libatmega328p.a
END GROUP
                0x00020000                __TEXT_REGION_LENGTH__ = DEFINED (__TEXT_REGION_LENGTH__)?__TEXT_REGION_LENGTH__:0x20000
                0x0000ffa0                __DATA_REGION_LENGTH__ = DEFINED (__DATA_REGION_LENGTH__)?__DATA_REGION_LENGTH__:0xffa0
                0x00010000                __EEPROM_REGION_LENGTH__ = DEFINED (__EEPROM_REGION_LENGTH__)?__EEPROM_REGION_LENGTH__:0x10000
                [0x00000003]                __FUSE_REGION_LENGTH__ = DEFINED (__FUSE_REGION_LENGTH__)?__FUSE_REGION_LENGTH__:0x400
                0x00000400                __LOCK_REGION_LENGTH__ = DEFINED (__LOCK_REGION_LENGTH__)?__LOCK_REGION_LENGTH__:0x400
                0x00000400                __SIGNATURE_REGION_LENGTH__ = DEFINED (__SIGNATURE_REGION_LENGTH__)?__SIGNATURE_REGION_LENGTH__:0x400
                0x00000400                __USER_SIGNATURE_REGION_LENGTH__ = DEFINED (__USER_SIGNATURE_REGION_LENGTH__)?__USER_SIGNATURE_REGION_LENGTH__:0x400

.hash
 *(.hash)

.dynsym
 *(.dynsym)

.dynstr
 *(.dynstr)

.gnu.version
 *(.gnu.version)

.gnu.version_d
 *(.gnu.version_d)

.gnu.version_r
 *(.gnu.version_r)

.rel.init
 *(.rel.init)

.rela.init
 *(.rela.init)

.rel.text
 *(.rel.text)
 *(.rel.text.*)
 *(.rel.gnu.linkonce.t*)

.rela.text
 *(.rela.text)
 *(.rela.text.*)
 *(.rela.gnu.linkonce.t*)

.rel.fini
 *(.rel.fini)

.rela.fini
 *(.rela.fini)

.rel.rodata
 *(.rel.rodata)
 *(.rel.rodata.*)
 *(.rel.gnu.linkonce.r*)

.rela.rodata
 *(.rela.rodata)
 *(.rela.rodata.*)
 *(.rela.gnu.linkonce.r*)

.rel.data
 *(.rel.data)
 *(.rel.data.*)
 *(.rel.gnu.linkonce.d*)

.rela.data
 *(.rela.data)
 *(.rela.data.*)
 *(.rela.gnu.linkonce.d*)

.rel.ctors
 *(.rel.ctors)

.rela.ctors
 *(.rela.ctors)

.rel.dtors
 *(.rel.dtors)

.rela.dtors
 *(.rela.dtors)

.rel.got
 *(.rel.got)

.rela.got
 *(.rela.got)

.rel.bss
 *(.rel.bss)

.rela.bss
 *(.rela.bss)

.rel.plt
 *(.rel.plt)

.rela.plt
 *(.rela.plt)

.text           0x00000000     0x5ad8
 *(.vectors)
 .vectors       0x00000000       0x68 C:/Program Files (x86)/Atmel/Studio/7.0/Packs/atmel/ATmega_DFP/1.2.132/gcc/dev/atmega328p/avr5/crtatmega328p.o
                0x00000000                __vector_default
                0x00000000                __vectors
 *(.vectors)
 *(.progmem.gcc*)
 .progmem.gcc_sw_table.mmc_disk_ioctl
                0x00000068       0x74 C:\Users\Bernd\Documents\Atmel Studio\7.0\Cass2SD\Cass2SD\ff_avr\Debug_debugwire\libff_avr.a(mmc_avr_spi.o)
                0x000000dc                . = ALIGN (0x2)
                0x000000dc                __trampolines_start = .
 *(.trampolines)
 .trampolines   0x000000dc        0x0 linker stubs
 *(.trampolines*)
                0x000000dc                __trampolines_end = .
 *libprintf_flt.a:*(.progmem.data)
 *libc.a:*(.progmem.data)
 *(.progmem*)
 .progmem.data.__c.2303
                0x000000dc        0x6 display_util.o
 .progmem.data.__c.2301
                0x000000e2        0x7 display_util.o
 .progmem.data.__c.2299
                0x000000e9        0x5 display_util.o
 .progmem.data.__c.2297
                0x000000ee       0x11 display_util.o
 .progmem.data.__c.2291
                0x000000ff        0x5 display_util.o
 .progmem.data.__c.2286
                0x00000104        0xf display_util.o
 .progmem.data.__c.2274
                0x00000113        0x7 display_util.o
 .progmem.data.__c.2260
                0x0000011a        0x6 display_util.o
 .progmem.data.__c.2258
                0x00000120        0x6 display_util.o
 .progmem.data.str.2244
                0x00000126       0xd1 display_util.o
 .progmem.data.msg_error_str
                0x000001f7        0x6 display_util.o
                0x000001f7                msg_error_str
 .progmem.data.pct_d_str
                0x000001fd        0x3 display_util.o
                0x000001fd                pct_d_str
 .progmem.data.pct_s_str
                0x00000200        0x3 display_util.o
                0x00000200                pct_s_str
 .progmem.data.empty_dir_str
                0x00000203        0xc display_util.o
                0x00000203                empty_dir_str
 .progmem.data.dir_str
                0x0000020f        0x6 display_util.o
                0x0000020f                dir_str
 .progmem.data.dotdotdir_str
                0x00000215        0xb display_util.o
                0x00000215                dotdotdir_str
 .progmem.data.tap_header_str
                0x00000220       0x11 kc_cass_common.o
                0x00000220                tap_header_str
 .progmem.data.__c.2400
                0x00000231        0x4 kc_cass_recv_file.o
 .progmem.data.__c.2398
                0x00000235        0x9 kc_cass_recv_file.o
 .progmem.data.__c.2428
                0x0000023e        0x1 kc_cass_recv_file.o
 .progmem.data.__c.2425
                0x0000023f       0x11 kc_cass_recv_file.o
 .progmem.data.__c.2423
                0x00000250        0xc kc_cass_recv_file.o
 .progmem.data.__c.2421
                0x0000025c        0xb kc_cass_recv_file.o
 .progmem.data.__c.2418
                0x00000267        0xf kc_cass_recv_file.o
 .progmem.data.__c.2416
                0x00000276        0xe kc_cass_recv_file.o
 .progmem.data.__c.2414
                0x00000284        0xf kc_cass_recv_file.o
 .progmem.data.__c.2409
                0x00000293        0x9 kc_cass_recv_file.o
 .progmem.data.msg_info_saved_str
                0x0000029c       0x11 kc_cass_recv_file.o
                0x0000029c                msg_info_saved_str
 .progmem.data.__c.2490
                0x000002ad        0xe kc_cass_send_file.o
 .progmem.data.__c.2488
                0x000002bb        0x7 kc_cass_send_file.o
 .progmem.data.__c.2516
                0x000002c2        0xf kc_cass_send_file.o
 .progmem.data.__c.2505
                0x000002d1        0xa kc_cass_send_file.o
 .progmem.data.__c.2507
                0x000002db        0xd kc_cass_send_file.o
 .progmem.data.msg_block_too_short_str
                0x000002e8       0x11 kc_cass_send_file.o
                0x000002e8                msg_block_too_short_str
 .progmem.data.__c.2449
                0x000002f9        0xd main.o
 .progmem.data.__c.2451
                0x00000306        0x8 main.o
                0x0000030e                . = ALIGN (0x2)
 *(.jumptables)
 *(.jumptables*)
 *(.lowtext)
 *(.lowtext*)
                0x0000030e                __ctors_start = .
 *(.ctors)
                0x0000030e                __ctors_end = .
                0x0000030e                __dtors_start = .
 *(.dtors)
                0x0000030e                __dtors_end = .
 SORT(*)(.ctors)
 SORT(*)(.dtors)
 *(.init0)
 .init0         0x0000030e        0x0 C:/Program Files (x86)/Atmel/Studio/7.0/Packs/atmel/ATmega_DFP/1.2.132/gcc/dev/atmega328p/avr5/crtatmega328p.o
                0x0000030e                __init
 *(.init0)
 *(.init1)
 *(.init1)
 *(.init2)
 .init2         0x0000030e        0xc C:/Program Files (x86)/Atmel/Studio/7.0/Packs/atmel/ATmega_DFP/1.2.132/gcc/dev/atmega328p/avr5/crtatmega328p.o
 *(.init2)
 *(.init3)
 *(.init3)
 *(.init4)
 .init4         0x0000031a       0x16 c:/program files (x86)/atmel/studio/7.0/toolchain/avr8/avr8-gnu-toolchain/bin/../lib/gcc/avr/5.4.0/avr5\libgcc.a(_copy_data.o)
                0x0000031a                __do_copy_data
 .init4         0x00000330       0x10 c:/program files (x86)/atmel/studio/7.0/toolchain/avr8/avr8-gnu-toolchain/bin/../lib/gcc/avr/5.4.0/avr5\libgcc.a(_clear_bss.o)
                0x00000330                __do_clear_bss
 *(.init4)
 *(.init5)
 *(.init5)
 *(.init6)
 *(.init6)
 *(.init7)
 *(.init7)
 *(.init8)
 *(.init8)
 *(.init9)
 .init9         0x00000340        0x8 C:/Program Files (x86)/Atmel/Studio/7.0/Packs/atmel/ATmega_DFP/1.2.132/gcc/dev/atmega328p/avr5/crtatmega328p.o
 *(.init9)
 *(.text)
 .text          0x00000348        0x2 C:/Program Files (x86)/Atmel/Studio/7.0/Packs/atmel/ATmega_DFP/1.2.132/gcc/dev/atmega328p/avr5/crtatmega328p.o
                0x00000348                __vector_22
                0x00000348                __vector_24
                0x00000348                __vector_12
                0x00000348                __bad_interrupt
                0x00000348                __vector_6
                0x00000348                __vector_3
                0x00000348                __vector_23
                0x00000348                __vector_25
                0x00000348                __vector_13
                0x00000348                __vector_17
                0x00000348                __vector_19
                0x00000348                __vector_5
                0x00000348                __vector_4
                0x00000348                __vector_9
                0x00000348                __vector_2
                0x00000348                __vector_21
                0x00000348                __vector_15
                0x00000348                __vector_8
                0x00000348                __vector_10
                0x00000348                __vector_16
                0x00000348                __vector_18
                0x00000348                __vector_20
 .text          0x0000034a      0x26a C:\Users\Bernd\Documents\Atmel Studio\7.0\Cass2SD\Cass2SD\ff_avr\Debug_debugwire\libff_avr.a(xitoa.o)
                0x0000034a                xputc
                0x0000036c                xputs
                0x0000037a                xitoa
                0x0000049e                xprintf
                0x000004b8                xsprintf
                0x000004fe                xatoi
                0x000005b4                . = ALIGN (0x2)
 *(.text.*)
 .text.keys_init
                0x000005b4       0xe2 debounced_keys.o
                0x000005b4                keys_init
 .text.handle_keys
                0x00000696      0x158 debounced_keys.o
                0x00000696                handle_keys
 .text.display_fresult
                0x000007ee       0x7e display_util.o
                0x000007ee                display_fresult
 .text.disp_fr_err
                0x0000086c       0x20 display_util.o
                0x0000086c                disp_fr_err
 .text.display_fileinfo
                0x0000088c       0xc6 display_util.o
                0x0000088c                display_fileinfo
 .text.display_sendinfo
                0x00000952       0xc6 display_util.o
                0x00000952                display_sendinfo
 .text.display_upd_sendinfo
                0x00000a18       0x26 display_util.o
                0x00000a18                display_upd_sendinfo
 .text.display_recvinfo
                0x00000a3e       0x74 display_util.o
                0x00000a3e                display_recvinfo
 .text.disp_msg_p
                0x00000ab2       0x4c display_util.o
                0x00000ab2                disp_msg_p
 .text.calculate_checksum
                0x00000afe       0x1a kc_cass_common.o
                0x00000afe                calculate_checksum
 .text.check_is_basic_fcb
                0x00000b18       0x2a kc_cass_common.o
                0x00000b18                check_is_basic_fcb
 .text.reset_state_after_error_or_end
                0x00000b42       0x18 kc_cass_recv_file.o
 .text.get_filename_from_fcb
                0x00000b5a       0x9c kc_cass_recv_file.o
 .text.__vector_11
                0x00000bf6       0x50 kc_cass_recv_file.o
                0x00000bf6                __vector_11
 .text.__vector_1
                0x00000c46      0x11e kc_cass_recv_file.o
                0x00000c46                __vector_1
 .text.kc_cass_recv_file_init
                0x00000d64       0x2e kc_cass_recv_file.o
                0x00000d64                kc_cass_recv_file_init
 .text.kc_cass_handle_recv_file
                0x00000d92      0x22a kc_cass_recv_file.o
                0x00000d92                kc_cass_handle_recv_file
 .text.config_and_start_timer_sendfile
                0x00000fbc       0x14 kc_cass_send_file.o
 .text.send_bit
                0x00000fd0       0x46 kc_cass_send_file.o
 .text.send_byte
                0x00001016       0x44 kc_cass_send_file.o
 .text.detect_block_len
                0x0000105a       0x92 kc_cass_send_file.o
 .text.check_tap_types
                0x000010ec      0x11e kc_cass_send_file.o
 .text.check_non_tap_types
                0x0000120a      0x3be kc_cass_send_file.o
 .text.load_first_block_and_check_type
                0x000015c8      0x106 kc_cass_send_file.o
 .text.__vector_14
                0x000016ce       0x56 kc_cass_send_file.o
                0x000016ce                __vector_14
 .text.kc_cass_send_file_init
                0x00001724        0xe kc_cass_send_file.o
                0x00001724                kc_cass_send_file_init
 .text.send_file
                0x00001732      0x192 kc_cass_send_file.o
                0x00001732                send_file
 .text.disk_and_debounce_timer_init
                0x000018c4       0x18 main.o
 .text.power_save_config
                0x000018dc       0x36 main.o
 .text.display_prev
                0x00001912       0x6e main.o
 .text.display_next
                0x00001980       0x5a main.o
 .text.__vector_7
                0x000019da       0xc6 main.o
                0x000019da                __vector_7
 .text.main     0x00001aa0      0x146 main.o
                0x00001aa0                main
 .text.disk_status
                0x00001be6        0xe C:\Users\Bernd\Documents\Atmel Studio\7.0\Cass2SD\Cass2SD\ff_avr\Debug_debugwire\libff_avr.a(diskio.o)
                0x00001be6                disk_status
 .text.disk_initialize
                0x00001bf4        0xe C:\Users\Bernd\Documents\Atmel Studio\7.0\Cass2SD\Cass2SD\ff_avr\Debug_debugwire\libff_avr.a(diskio.o)
                0x00001bf4                disk_initialize
 .text.disk_read
                0x00001c02       0x22 C:\Users\Bernd\Documents\Atmel Studio\7.0\Cass2SD\Cass2SD\ff_avr\Debug_debugwire\libff_avr.a(diskio.o)
                0x00001c02                disk_read
 .text.disk_write
                0x00001c24       0x22 C:\Users\Bernd\Documents\Atmel Studio\7.0\Cass2SD\Cass2SD\ff_avr\Debug_debugwire\libff_avr.a(diskio.o)
                0x00001c24                disk_write
 .text.disk_ioctl
                0x00001c46       0x14 C:\Users\Bernd\Documents\Atmel Studio\7.0\Cass2SD\Cass2SD\ff_avr\Debug_debugwire\libff_avr.a(diskio.o)
                0x00001c46                disk_ioctl
 .text.disk_timerproc
                0x00001c5a        0x6 C:\Users\Bernd\Documents\Atmel Studio\7.0\Cass2SD\Cass2SD\ff_avr\Debug_debugwire\libff_avr.a(diskio.o)
                0x00001c5a                disk_timerproc
 .text.ld_word  0x00001c60       0x14 C:\Users\Bernd\Documents\Atmel Studio\7.0\Cass2SD\Cass2SD\ff_avr\Debug_debugwire\libff_avr.a(ff.o)
 .text.ld_dword
                0x00001c74       0x36 C:\Users\Bernd\Documents\Atmel Studio\7.0\Cass2SD\Cass2SD\ff_avr\Debug_debugwire\libff_avr.a(ff.o)
 .text.st_word  0x00001caa        0x8 C:\Users\Bernd\Documents\Atmel Studio\7.0\Cass2SD\Cass2SD\ff_avr\Debug_debugwire\libff_avr.a(ff.o)
 .text.st_dword
                0x00001cb2        0xc C:\Users\Bernd\Documents\Atmel Studio\7.0\Cass2SD\Cass2SD\ff_avr\Debug_debugwire\libff_avr.a(ff.o)
 .text.mem_cpy  0x00001cbe       0x1e C:\Users\Bernd\Documents\Atmel Studio\7.0\Cass2SD\Cass2SD\ff_avr\Debug_debugwire\libff_avr.a(ff.o)
 .text.mem_set  0x00001cdc       0x12 C:\Users\Bernd\Documents\Atmel Studio\7.0\Cass2SD\Cass2SD\ff_avr\Debug_debugwire\libff_avr.a(ff.o)
 .text.mem_cmp  0x00001cee       0x30 C:\Users\Bernd\Documents\Atmel Studio\7.0\Cass2SD\Cass2SD\ff_avr\Debug_debugwire\libff_avr.a(ff.o)
 .text.chk_chr  0x00001d1e       0x22 C:\Users\Bernd\Documents\Atmel Studio\7.0\Cass2SD\Cass2SD\ff_avr\Debug_debugwire\libff_avr.a(ff.o)
 .text.clust2sect
                0x00001d40       0x50 C:\Users\Bernd\Documents\Atmel Studio\7.0\Cass2SD\Cass2SD\ff_avr\Debug_debugwire\libff_avr.a(ff.o)
 .text.ld_clust
                0x00001d90       0x56 C:\Users\Bernd\Documents\Atmel Studio\7.0\Cass2SD\Cass2SD\ff_avr\Debug_debugwire\libff_avr.a(ff.o)
 .text.st_clust
                0x00001de6       0x46 C:\Users\Bernd\Documents\Atmel Studio\7.0\Cass2SD\Cass2SD\ff_avr\Debug_debugwire\libff_avr.a(ff.o)
 .text.get_fileinfo
                0x00001e2c       0xac C:\Users\Bernd\Documents\Atmel Studio\7.0\Cass2SD\Cass2SD\ff_avr\Debug_debugwire\libff_avr.a(ff.o)
 .text.create_name
                0x00001ed8      0x1c8 C:\Users\Bernd\Documents\Atmel Studio\7.0\Cass2SD\Cass2SD\ff_avr\Debug_debugwire\libff_avr.a(ff.o)
 .text.get_ldnumber
                0x000020a0       0x6e C:\Users\Bernd\Documents\Atmel Studio\7.0\Cass2SD\Cass2SD\ff_avr\Debug_debugwire\libff_avr.a(ff.o)
 .text.validate
                0x0000210e       0x58 C:\Users\Bernd\Documents\Atmel Studio\7.0\Cass2SD\Cass2SD\ff_avr\Debug_debugwire\libff_avr.a(ff.o)
 .text.sync_window
                0x00002166       0xd0 C:\Users\Bernd\Documents\Atmel Studio\7.0\Cass2SD\Cass2SD\ff_avr\Debug_debugwire\libff_avr.a(ff.o)
 .text.move_window
                0x00002236       0x80 C:\Users\Bernd\Documents\Atmel Studio\7.0\Cass2SD\Cass2SD\ff_avr\Debug_debugwire\libff_avr.a(ff.o)
 .text.check_fs
                0x000022b6       0x86 C:\Users\Bernd\Documents\Atmel Studio\7.0\Cass2SD\Cass2SD\ff_avr\Debug_debugwire\libff_avr.a(ff.o)
 .text.find_volume
                0x0000233c      0x594 C:\Users\Bernd\Documents\Atmel Studio\7.0\Cass2SD\Cass2SD\ff_avr\Debug_debugwire\libff_avr.a(ff.o)
 .text.put_fat  0x000028d0      0x252 C:\Users\Bernd\Documents\Atmel Studio\7.0\Cass2SD\Cass2SD\ff_avr\Debug_debugwire\libff_avr.a(ff.o)
 .text.get_fat  0x00002b22      0x1c0 C:\Users\Bernd\Documents\Atmel Studio\7.0\Cass2SD\Cass2SD\ff_avr\Debug_debugwire\libff_avr.a(ff.o)
 .text.dir_sdi  0x00002ce2      0x1da C:\Users\Bernd\Documents\Atmel Studio\7.0\Cass2SD\Cass2SD\ff_avr\Debug_debugwire\libff_avr.a(ff.o)
 .text.create_chain
                0x00002ebc      0x204 C:\Users\Bernd\Documents\Atmel Studio\7.0\Cass2SD\Cass2SD\ff_avr\Debug_debugwire\libff_avr.a(ff.o)
 .text.remove_chain
                0x000030c0      0x136 C:\Users\Bernd\Documents\Atmel Studio\7.0\Cass2SD\Cass2SD\ff_avr\Debug_debugwire\libff_avr.a(ff.o)
 .text.dir_next
                0x000031f6      0x288 C:\Users\Bernd\Documents\Atmel Studio\7.0\Cass2SD\Cass2SD\ff_avr\Debug_debugwire\libff_avr.a(ff.o)
 .text.dir_find
                0x0000347e       0x86 C:\Users\Bernd\Documents\Atmel Studio\7.0\Cass2SD\Cass2SD\ff_avr\Debug_debugwire\libff_avr.a(ff.o)
 .text.follow_path
                0x00003504      0x132 C:\Users\Bernd\Documents\Atmel Studio\7.0\Cass2SD\Cass2SD\ff_avr\Debug_debugwire\libff_avr.a(ff.o)
 .text.dir_alloc
                0x00003636       0x80 C:\Users\Bernd\Documents\Atmel Studio\7.0\Cass2SD\Cass2SD\ff_avr\Debug_debugwire\libff_avr.a(ff.o)
 .text.dir_register
                0x000036b6       0x6a C:\Users\Bernd\Documents\Atmel Studio\7.0\Cass2SD\Cass2SD\ff_avr\Debug_debugwire\libff_avr.a(ff.o)
 .text.dir_read
                0x00003720       0x96 C:\Users\Bernd\Documents\Atmel Studio\7.0\Cass2SD\Cass2SD\ff_avr\Debug_debugwire\libff_avr.a(ff.o)
 .text.sync_fs  0x000037b6       0xea C:\Users\Bernd\Documents\Atmel Studio\7.0\Cass2SD\Cass2SD\ff_avr\Debug_debugwire\libff_avr.a(ff.o)
 .text.f_mount  0x000038a0       0x9a C:\Users\Bernd\Documents\Atmel Studio\7.0\Cass2SD\Cass2SD\ff_avr\Debug_debugwire\libff_avr.a(ff.o)
                0x000038a0                f_mount
 .text.f_open   0x0000393a      0x358 C:\Users\Bernd\Documents\Atmel Studio\7.0\Cass2SD\Cass2SD\ff_avr\Debug_debugwire\libff_avr.a(ff.o)
                0x0000393a                f_open
 .text.f_read   0x00003c92      0x2f2 C:\Users\Bernd\Documents\Atmel Studio\7.0\Cass2SD\Cass2SD\ff_avr\Debug_debugwire\libff_avr.a(ff.o)
                0x00003c92                f_read
 .text.f_write  0x00003f84      0x3ca C:\Users\Bernd\Documents\Atmel Studio\7.0\Cass2SD\Cass2SD\ff_avr\Debug_debugwire\libff_avr.a(ff.o)
                0x00003f84                f_write
 .text.f_sync   0x0000434e       0xb6 C:\Users\Bernd\Documents\Atmel Studio\7.0\Cass2SD\Cass2SD\ff_avr\Debug_debugwire\libff_avr.a(ff.o)
                0x0000434e                f_sync
 .text.f_close  0x00004404       0x3a C:\Users\Bernd\Documents\Atmel Studio\7.0\Cass2SD\Cass2SD\ff_avr\Debug_debugwire\libff_avr.a(ff.o)
                0x00004404                f_close
 .text.f_chdir  0x0000443e       0xb4 C:\Users\Bernd\Documents\Atmel Studio\7.0\Cass2SD\Cass2SD\ff_avr\Debug_debugwire\libff_avr.a(ff.o)
                0x0000443e                f_chdir
 .text.f_getcwd
                0x000044f2      0x20a C:\Users\Bernd\Documents\Atmel Studio\7.0\Cass2SD\Cass2SD\ff_avr\Debug_debugwire\libff_avr.a(ff.o)
                0x000044f2                f_getcwd
 .text.f_lseek  0x000046fc      0x394 C:\Users\Bernd\Documents\Atmel Studio\7.0\Cass2SD\Cass2SD\ff_avr\Debug_debugwire\libff_avr.a(ff.o)
                0x000046fc                f_lseek
 .text.f_opendir
                0x00004a90       0xd8 C:\Users\Bernd\Documents\Atmel Studio\7.0\Cass2SD\Cass2SD\ff_avr\Debug_debugwire\libff_avr.a(ff.o)
                0x00004a90                f_opendir
 .text.f_closedir
                0x00004b68       0x32 C:\Users\Bernd\Documents\Atmel Studio\7.0\Cass2SD\Cass2SD\ff_avr\Debug_debugwire\libff_avr.a(ff.o)
                0x00004b68                f_closedir
 .text.f_readdir
                0x00004b9a       0x8a C:\Users\Bernd\Documents\Atmel Studio\7.0\Cass2SD\Cass2SD\ff_avr\Debug_debugwire\libff_avr.a(ff.o)
                0x00004b9a                f_readdir
 .text.xchg_spi
                0x00004c24        0xc C:\Users\Bernd\Documents\Atmel Studio\7.0\Cass2SD\Cass2SD\ff_avr\Debug_debugwire\libff_avr.a(mmc_avr_spi.o)
 .text.rcvr_spi_multi
                0x00004c30       0x30 C:\Users\Bernd\Documents\Atmel Studio\7.0\Cass2SD\Cass2SD\ff_avr\Debug_debugwire\libff_avr.a(mmc_avr_spi.o)
 .text.xmit_spi_multi
                0x00004c60       0x28 C:\Users\Bernd\Documents\Atmel Studio\7.0\Cass2SD\Cass2SD\ff_avr\Debug_debugwire\libff_avr.a(mmc_avr_spi.o)
 .text.wait_ready
                0x00004c88       0x36 C:\Users\Bernd\Documents\Atmel Studio\7.0\Cass2SD\Cass2SD\ff_avr\Debug_debugwire\libff_avr.a(mmc_avr_spi.o)
 .text.deselect
                0x00004cbe        0xc C:\Users\Bernd\Documents\Atmel Studio\7.0\Cass2SD\Cass2SD\ff_avr\Debug_debugwire\libff_avr.a(mmc_avr_spi.o)
 .text.select   0x00004cca       0x2a C:\Users\Bernd\Documents\Atmel Studio\7.0\Cass2SD\Cass2SD\ff_avr\Debug_debugwire\libff_avr.a(mmc_avr_spi.o)
 .text.rcvr_datablock
                0x00004cf4       0x48 C:\Users\Bernd\Documents\Atmel Studio\7.0\Cass2SD\Cass2SD\ff_avr\Debug_debugwire\libff_avr.a(mmc_avr_spi.o)
 .text.xmit_datablock
                0x00004d3c       0x4c C:\Users\Bernd\Documents\Atmel Studio\7.0\Cass2SD\Cass2SD\ff_avr\Debug_debugwire\libff_avr.a(mmc_avr_spi.o)
 .text.send_cmd
                0x00004d88       0x82 C:\Users\Bernd\Documents\Atmel Studio\7.0\Cass2SD\Cass2SD\ff_avr\Debug_debugwire\libff_avr.a(mmc_avr_spi.o)
 .text.mmc_disk_initialize
                0x00004e0a      0x1aa C:\Users\Bernd\Documents\Atmel Studio\7.0\Cass2SD\Cass2SD\ff_avr\Debug_debugwire\libff_avr.a(mmc_avr_spi.o)
                0x00004e0a                mmc_disk_initialize
 .text.mmc_disk_status
                0x00004fb4        0x6 C:\Users\Bernd\Documents\Atmel Studio\7.0\Cass2SD\Cass2SD\ff_avr\Debug_debugwire\libff_avr.a(mmc_avr_spi.o)
                0x00004fb4                mmc_disk_status
 .text.mmc_disk_read
                0x00004fba       0x9a C:\Users\Bernd\Documents\Atmel Studio\7.0\Cass2SD\Cass2SD\ff_avr\Debug_debugwire\libff_avr.a(mmc_avr_spi.o)
                0x00004fba                mmc_disk_read
 .text.mmc_disk_write
                0x00005054       0xd8 C:\Users\Bernd\Documents\Atmel Studio\7.0\Cass2SD\Cass2SD\ff_avr\Debug_debugwire\libff_avr.a(mmc_avr_spi.o)
                0x00005054                mmc_disk_write
 .text.mmc_disk_ioctl
                0x0000512c      0x702 C:\Users\Bernd\Documents\Atmel Studio\7.0\Cass2SD\Cass2SD\ff_avr\Debug_debugwire\libff_avr.a(mmc_avr_spi.o)
                0x0000512c                mmc_disk_ioctl
 .text.mmc_disk_timerproc
                0x0000582e       0x28 C:\Users\Bernd\Documents\Atmel Studio\7.0\Cass2SD\Cass2SD\ff_avr\Debug_debugwire\libff_avr.a(mmc_avr_spi.o)
                0x0000582e                mmc_disk_timerproc
 .text.toggle_e
                0x00005856       0x16 C:\Users\Bernd\Documents\Atmel Studio\7.0\Cass2SD\Cass2SD\lcd\Debug_debugwire\liblcd.a(lcd.o)
 .text.lcd_write
                0x0000586c       0x46 C:\Users\Bernd\Documents\Atmel Studio\7.0\Cass2SD\Cass2SD\lcd\Debug_debugwire\liblcd.a(lcd.o)
 .text.lcd_read
                0x000058b2       0x5c C:\Users\Bernd\Documents\Atmel Studio\7.0\Cass2SD\Cass2SD\lcd\Debug_debugwire\liblcd.a(lcd.o)
 .text.lcd_waitbusy
                0x0000590e       0x16 C:\Users\Bernd\Documents\Atmel Studio\7.0\Cass2SD\Cass2SD\lcd\Debug_debugwire\liblcd.a(lcd.o)
 .text.lcd_command
                0x00005924       0x10 C:\Users\Bernd\Documents\Atmel Studio\7.0\Cass2SD\Cass2SD\lcd\Debug_debugwire\liblcd.a(lcd.o)
                0x00005924                lcd_command
 .text.lcd_gotoxy
                0x00005934       0x10 C:\Users\Bernd\Documents\Atmel Studio\7.0\Cass2SD\Cass2SD\lcd\Debug_debugwire\liblcd.a(lcd.o)
                0x00005934                lcd_gotoxy
 .text.lcd_clrscr
                0x00005944        0x6 C:\Users\Bernd\Documents\Atmel Studio\7.0\Cass2SD\Cass2SD\lcd\Debug_debugwire\liblcd.a(lcd.o)
                0x00005944                lcd_clrscr
 .text.lcd_putc
                0x0000594a       0x24 C:\Users\Bernd\Documents\Atmel Studio\7.0\Cass2SD\Cass2SD\lcd\Debug_debugwire\liblcd.a(lcd.o)
                0x0000594a                lcd_putc
 .text.lcd_init
                0x0000596e       0x7c C:\Users\Bernd\Documents\Atmel Studio\7.0\Cass2SD\Cass2SD\lcd\Debug_debugwire\liblcd.a(lcd.o)
                0x0000596e                lcd_init
 .text.libgcc.div
                0x000059ea       0x44 c:/program files (x86)/atmel/studio/7.0/toolchain/avr8/avr8-gnu-toolchain/bin/../lib/gcc/avr/5.4.0/avr5\libgcc.a(_udivmodsi4.o)
                0x000059ea                __udivmodsi4
 .text.libgcc   0x00005a2e        0xc c:/program files (x86)/atmel/studio/7.0/toolchain/avr8/avr8-gnu-toolchain/bin/../lib/gcc/avr/5.4.0/avr5\libgcc.a(_tablejump2.o)
                0x00005a2e                __tablejump2__
 .text.libgcc.mul
                0x00005a3a       0x1e c:/program files (x86)/atmel/studio/7.0/toolchain/avr8/avr8-gnu-toolchain/bin/../lib/gcc/avr/5.4.0/avr5\libgcc.a(_umulhisi3.o)
                0x00005a3a                __umulhisi3
 .text.libgcc.mul
                0x00005a58       0x14 c:/program files (x86)/atmel/studio/7.0/toolchain/avr8/avr8-gnu-toolchain/bin/../lib/gcc/avr/5.4.0/avr5\libgcc.a(_muluhisi3.o)
                0x00005a58                __muluhisi3
 .text.avr-libc
                0x00005a6c       0x28 c:/program files (x86)/atmel/studio/7.0/toolchain/avr8/avr8-gnu-toolchain/bin/../lib/gcc/avr/5.4.0/../../../../avr/lib/avr5\libc.a(strlcpy_P.o)
                0x00005a6c                strlcpy_P
 .text.avr-libc
                0x00005a94       0x1c c:/program files (x86)/atmel/studio/7.0/toolchain/avr8/avr8-gnu-toolchain/bin/../lib/gcc/avr/5.4.0/../../../../avr/lib/avr5\libc.a(strncmp_P.o)
                0x00005a94                strncmp_P
 .text.avr-libc
                0x00005ab0        0xe c:/program files (x86)/atmel/studio/7.0/toolchain/avr8/avr8-gnu-toolchain/bin/../lib/gcc/avr/5.4.0/../../../../avr/lib/avr5\libc.a(memset.o)
                0x00005ab0                memset
 .text.avr-libc
                0x00005abe       0x16 c:/program files (x86)/atmel/studio/7.0/toolchain/avr8/avr8-gnu-toolchain/bin/../lib/gcc/avr/5.4.0/../../../../avr/lib/avr5\libc.a(strchr.o)
                0x00005abe                strchr
                0x00005ad4                . = ALIGN (0x2)
 *(.fini9)
 .fini9         0x00005ad4        0x0 c:/program files (x86)/atmel/studio/7.0/toolchain/avr8/avr8-gnu-toolchain/bin/../lib/gcc/avr/5.4.0/avr5\libgcc.a(_exit.o)
                0x00005ad4                _exit
                0x00005ad4                exit
 *(.fini9)
 *(.fini8)
 *(.fini8)
 *(.fini7)
 *(.fini7)
 *(.fini6)
 *(.fini6)
 *(.fini5)
 *(.fini5)
 *(.fini4)
 *(.fini4)
 *(.fini3)
 *(.fini3)
 *(.fini2)
 *(.fini2)
 *(.fini1)
 *(.fini1)
 *(.fini0)
 .fini0         0x00005ad4        0x4 c:/program files (x86)/atmel/studio/7.0/toolchain/avr8/avr8-gnu-toolchain/bin/../lib/gcc/avr/5.4.0/avr5\libgcc.a(_exit.o)
 *(.fini0)
                0x00005ad8                _etext = .

.data           0x00800100       0x48 load address 0x00005ad8
                0x00800100                PROVIDE (__data_start, .)
 *(.data)
 *(.data*)
 .data.key_pin_map
                0x00800100        0x6 debounced_keys.o
                0x00800100                key_pin_map
 .data.is_begin_measure
                0x00800106        0x1 kc_cass_recv_file.o
                0x00800106                is_begin_measure
 .data.recv_state
                0x00800107        0x2 kc_cass_recv_file.o
                0x00800107                recv_state
 .data.kc_file_type
                0x00800109        0x2 kc_cass_send_file.o
                0x00800109                kc_file_type
 .data.block_len
                0x0080010b        0x1 kc_cass_send_file.o
                0x0080010b                block_len
 .data.start_buf_ptr
                0x0080010c        0x2 kc_cass_send_file.o
                0x0080010c                start_buf_ptr
 .data.Stat     0x0080010e        0x1 C:\Users\Bernd\Documents\Atmel Studio\7.0\Cass2SD\Cass2SD\ff_avr\Debug_debugwire\libff_avr.a(mmc_avr_spi.o)
 *(.rodata)
 *(.rodata*)
 .rodata.str1.1
                0x0080010f       0x26 display_util.o
                                 0x29 (size before relaxing)
 .rodata.str1.1
                0x00800135        0x3 main.o
                                  0x6 (size before relaxing)
 .rodata.str1.1
                0x00800138        0xf C:\Users\Bernd\Documents\Atmel Studio\7.0\Cass2SD\Cass2SD\ff_avr\Debug_debugwire\libff_avr.a(ff.o)
 *(.gnu.linkonce.d*)
                0x00800148                . = ALIGN (0x2)
 *fill*         0x00800147        0x1 
                0x00800148                _edata = .
                0x00800148                PROVIDE (__data_end, .)

.bss            0x00800148      0x356
                0x00800148                PROVIDE (__bss_start, .)
 *(.bss)
 .bss           0x00800148        0x2 C:\Users\Bernd\Documents\Atmel Studio\7.0\Cass2SD\Cass2SD\ff_avr\Debug_debugwire\libff_avr.a(xitoa.o)
                0x00800148                xfunc_out
 *(.bss*)
 .bss.keys_debounce_last_state_bitmap
                0x0080014a        0x1 debounced_keys.o
 .bss.debounce_counter
                0x0080014b        0x3 debounced_keys.o
 .bss.display_task
                0x0080014e        0x2 debounced_keys.o
                0x0080014e                display_task
 .bss.dir_idx   0x00800150        0x2 display_util.o
                0x00800150                dir_idx
 .bss.cntr_val  0x00800152        0x2 kc_cass_recv_file.o
                0x00800152                cntr_val
 .bss.vorton_cntr
                0x00800154        0x2 kc_cass_recv_file.o
                0x00800154                vorton_cntr
 .bss.block_cntr
                0x00800156        0x1 kc_cass_recv_file.o
                0x00800156                block_cntr
 .bss.recv_byte
                0x00800157        0x1 kc_cass_recv_file.o
                0x00800157                recv_byte
 .bss.buf_idx   0x00800158        0x1 kc_cass_recv_file.o
                0x00800158                buf_idx
 .bss.is_in_recv_state
                0x00800159        0x1 kc_cass_recv_file.o
                0x00800159                is_in_recv_state
 .bss.number_of_blocks
                0x0080015a        0x1 kc_cass_send_file.o
                0x0080015a                number_of_blocks
 .bss.bytes_read
                0x0080015b        0x2 kc_cass_send_file.o
                0x0080015b                bytes_read
 .bss.send_state
                0x0080015d        0x2 kc_cass_send_file.o
                0x0080015d                send_state
 .bss.Fsid      0x0080015f        0x2 C:\Users\Bernd\Documents\Atmel Studio\7.0\Cass2SD\Cass2SD\ff_avr\Debug_debugwire\libff_avr.a(ff.o)
 .bss.FatFs     0x00800161        0x2 C:\Users\Bernd\Documents\Atmel Studio\7.0\Cass2SD\Cass2SD\ff_avr\Debug_debugwire\libff_avr.a(ff.o)
 .bss.CardType  0x00800163        0x1 C:\Users\Bernd\Documents\Atmel Studio\7.0\Cass2SD\Cass2SD\ff_avr\Debug_debugwire\libff_avr.a(mmc_avr_spi.o)
 .bss.Timer2    0x00800164        0x1 C:\Users\Bernd\Documents\Atmel Studio\7.0\Cass2SD\Cass2SD\ff_avr\Debug_debugwire\libff_avr.a(mmc_avr_spi.o)
 .bss.Timer1    0x00800165        0x1 C:\Users\Bernd\Documents\Atmel Studio\7.0\Cass2SD\Cass2SD\ff_avr\Debug_debugwire\libff_avr.a(mmc_avr_spi.o)
 *(COMMON)
 COMMON         0x00800166        0x3 debounced_keys.o
                0x00800166                keys_changed_bitmap
                0x00800167                select_key_pressed
                0x00800168                keys_bitmap
 COMMON         0x00800169        0xd display_util.o
                0x00800169                dir_name
 COMMON         0x00800176      0x317 kc_cass_common.o
                0x00800176                FatFs
                0x008003a9                Finfo
                0x008003bf                fhdl
                0x008003e1                Dir
                0x00800409                fr
                0x0080040b                buf
 COMMON         0x0080048d       0x11 kc_cass_recv_file.o
                0x0080048d                file_type
                0x00800491                file_name_on_disk
                0x0080049e                PROVIDE (__bss_end, .)
                0x00005ad8                __data_load_start = LOADADDR (.data)
                0x00005b20                __data_load_end = (__data_load_start + SIZEOF (.data))

.noinit         0x0080049e        0x0
                [!provide]                PROVIDE (__noinit_start, .)
 *(.noinit*)
                [!provide]                PROVIDE (__noinit_end, .)
                0x0080049e                _end = .
                [!provide]                PROVIDE (__heap_start, .)

.eeprom         0x00810000        0x0
 *(.eeprom*)
                0x00810000                __eeprom_end = .

.fuse
 *(.fuse)
 *(.lfuse)
 *(.hfuse)
 *(.efuse)

.lock
 *(.lock*)

.signature
 *(.signature*)

.user_signatures
 *(.user_signatures*)

.stab
 *(.stab)

.stabstr
 *(.stabstr)

.stab.excl
 *(.stab.excl)

.stab.exclstr
 *(.stab.exclstr)

.stab.index
 *(.stab.index)

.stab.indexstr
 *(.stab.indexstr)

.comment        0x00000000       0x30
 *(.comment)
 .comment       0x00000000       0x30 debounced_keys.o
                                 0x31 (size before relaxing)
 .comment       0x00000030       0x31 display_util.o
 .comment       0x00000030       0x31 kc_cass_common.o
 .comment       0x00000030       0x31 kc_cass_recv_file.o
 .comment       0x00000030       0x31 kc_cass_send_file.o
 .comment       0x00000030       0x31 main.o
 .comment       0x00000030       0x31 C:\Users\Bernd\Documents\Atmel Studio\7.0\Cass2SD\Cass2SD\ff_avr\Debug_debugwire\libff_avr.a(diskio.o)
 .comment       0x00000030       0x31 C:\Users\Bernd\Documents\Atmel Studio\7.0\Cass2SD\Cass2SD\ff_avr\Debug_debugwire\libff_avr.a(ff.o)
 .comment       0x00000030       0x31 C:\Users\Bernd\Documents\Atmel Studio\7.0\Cass2SD\Cass2SD\ff_avr\Debug_debugwire\libff_avr.a(mmc_avr_spi.o)
 .comment       0x00000030       0x31 C:\Users\Bernd\Documents\Atmel Studio\7.0\Cass2SD\Cass2SD\lcd\Debug_debugwire\liblcd.a(lcd.o)

.note.gnu.avr.deviceinfo
                0x00000000       0x40
 .note.gnu.avr.deviceinfo
                0x00000000       0x40 C:/Program Files (x86)/Atmel/Studio/7.0/Packs/atmel/ATmega_DFP/1.2.132/gcc/dev/atmega328p/avr5/crtatmega328p.o

.note.gnu.build-id
 *(.note.gnu.build-id)

.debug
 *(.debug)

.line
 *(.line)

.debug_srcinfo
 *(.debug_srcinfo)

.debug_sfnames
 *(.debug_sfnames)

.debug_aranges  0x00000000      0x4d8
 *(.debug_aranges)
 .debug_aranges
                0x00000000       0x28 debounced_keys.o
 .debug_aranges
                0x00000028       0x60 display_util.o
 .debug_aranges
                0x00000088       0x28 kc_cass_common.o
 .debug_aranges
                0x000000b0       0x50 kc_cass_recv_file.o
 .debug_aranges
                0x00000100       0x68 kc_cass_send_file.o
 .debug_aranges
                0x00000168       0x48 main.o
 .debug_aranges
                0x000001b0       0x48 C:\Users\Bernd\Documents\Atmel Studio\7.0\Cass2SD\Cass2SD\ff_avr\Debug_debugwire\libff_avr.a(diskio.o)
 .debug_aranges
                0x000001f8      0x1a8 C:\Users\Bernd\Documents\Atmel Studio\7.0\Cass2SD\Cass2SD\ff_avr\Debug_debugwire\libff_avr.a(ff.o)
 .debug_aranges
                0x000003a0       0x90 C:\Users\Bernd\Documents\Atmel Studio\7.0\Cass2SD\Cass2SD\ff_avr\Debug_debugwire\libff_avr.a(mmc_avr_spi.o)
 .debug_aranges
                0x00000430       0x20 C:\Users\Bernd\Documents\Atmel Studio\7.0\Cass2SD\Cass2SD\ff_avr\Debug_debugwire\libff_avr.a(xitoa.o)
 .debug_aranges
                0x00000450       0x88 C:\Users\Bernd\Documents\Atmel Studio\7.0\Cass2SD\Cass2SD\lcd\Debug_debugwire\liblcd.a(lcd.o)

.debug_pubnames
 *(.debug_pubnames)

.debug_info     0x00000000     0x89ab
 *(.debug_info .gnu.linkonce.wi.*)
 .debug_info    0x00000000      0x5f4 C:/Program Files (x86)/Atmel/Studio/7.0/Packs/atmel/ATmega_DFP/1.2.132/gcc/dev/atmega328p/avr5/crtatmega328p.o
 .debug_info    0x000005f4      0x205 debounced_keys.o
 .debug_info    0x000007f9      0x8d5 display_util.o
 .debug_info    0x000010ce      0x604 kc_cass_common.o
 .debug_info    0x000016d2      0xb1b kc_cass_recv_file.o
 .debug_info    0x000021ed      0xe0e kc_cass_send_file.o
 .debug_info    0x00002ffb      0x919 main.o
 .debug_info    0x00003914      0x33c C:\Users\Bernd\Documents\Atmel Studio\7.0\Cass2SD\Cass2SD\ff_avr\Debug_debugwire\libff_avr.a(diskio.o)
 .debug_info    0x00003c50     0x3674 C:\Users\Bernd\Documents\Atmel Studio\7.0\Cass2SD\Cass2SD\ff_avr\Debug_debugwire\libff_avr.a(ff.o)
 .debug_info    0x000072c4      0xed6 C:\Users\Bernd\Documents\Atmel Studio\7.0\Cass2SD\Cass2SD\ff_avr\Debug_debugwire\libff_avr.a(mmc_avr_spi.o)
 .debug_info    0x0000819a       0x84 C:\Users\Bernd\Documents\Atmel Studio\7.0\Cass2SD\Cass2SD\ff_avr\Debug_debugwire\libff_avr.a(xitoa.o)
 .debug_info    0x0000821e      0x78d C:\Users\Bernd\Documents\Atmel Studio\7.0\Cass2SD\Cass2SD\lcd\Debug_debugwire\liblcd.a(lcd.o)

.debug_abbrev   0x00000000     0x19e7
 *(.debug_abbrev)
 .debug_abbrev  0x00000000      0x5a2 C:/Program Files (x86)/Atmel/Studio/7.0/Packs/atmel/ATmega_DFP/1.2.132/gcc/dev/atmega328p/avr5/crtatmega328p.o
 .debug_abbrev  0x000005a2       0xf3 debounced_keys.o
 .debug_abbrev  0x00000695      0x252 display_util.o
 .debug_abbrev  0x000008e7      0x145 kc_cass_common.o
 .debug_abbrev  0x00000a2c      0x2a1 kc_cass_recv_file.o
 .debug_abbrev  0x00000ccd      0x337 kc_cass_send_file.o
 .debug_abbrev  0x00001004      0x249 main.o
 .debug_abbrev  0x0000124d      0x10c C:\Users\Bernd\Documents\Atmel Studio\7.0\Cass2SD\Cass2SD\ff_avr\Debug_debugwire\libff_avr.a(diskio.o)
 .debug_abbrev  0x00001359      0x204 C:\Users\Bernd\Documents\Atmel Studio\7.0\Cass2SD\Cass2SD\ff_avr\Debug_debugwire\libff_avr.a(ff.o)
 .debug_abbrev  0x0000155d      0x218 C:\Users\Bernd\Documents\Atmel Studio\7.0\Cass2SD\Cass2SD\ff_avr\Debug_debugwire\libff_avr.a(mmc_avr_spi.o)
 .debug_abbrev  0x00001775       0x14 C:\Users\Bernd\Documents\Atmel Studio\7.0\Cass2SD\Cass2SD\ff_avr\Debug_debugwire\libff_avr.a(xitoa.o)
 .debug_abbrev  0x00001789      0x25e C:\Users\Bernd\Documents\Atmel Studio\7.0\Cass2SD\Cass2SD\lcd\Debug_debugwire\liblcd.a(lcd.o)

.debug_line     0x00000000     0x5dd4
 *(.debug_line .debug_line.* .debug_line_end)
 .debug_line    0x00000000      0x133 C:/Program Files (x86)/Atmel/Studio/7.0/Packs/atmel/ATmega_DFP/1.2.132/gcc/dev/atmega328p/avr5/crtatmega328p.o
 .debug_line    0x00000133      0x37b debounced_keys.o
 .debug_line    0x000004ae      0x602 display_util.o
 .debug_line    0x00000ab0      0x31b kc_cass_common.o
 .debug_line    0x00000dcb      0x74d kc_cass_recv_file.o
 .debug_line    0x00001518      0xa2d kc_cass_send_file.o
 .debug_line    0x00001f45      0x66c main.o
 .debug_line    0x000025b1      0x133 C:\Users\Bernd\Documents\Atmel Studio\7.0\Cass2SD\Cass2SD\ff_avr\Debug_debugwire\libff_avr.a(diskio.o)
 .debug_line    0x000026e4     0x21b0 C:\Users\Bernd\Documents\Atmel Studio\7.0\Cass2SD\Cass2SD\ff_avr\Debug_debugwire\libff_avr.a(ff.o)
 .debug_line    0x00004894      0x9e8 C:\Users\Bernd\Documents\Atmel Studio\7.0\Cass2SD\Cass2SD\ff_avr\Debug_debugwire\libff_avr.a(mmc_avr_spi.o)
 .debug_line    0x0000527c      0x742 C:\Users\Bernd\Documents\Atmel Studio\7.0\Cass2SD\Cass2SD\ff_avr\Debug_debugwire\libff_avr.a(xitoa.o)
 .debug_line    0x000059be      0x416 C:\Users\Bernd\Documents\Atmel Studio\7.0\Cass2SD\Cass2SD\lcd\Debug_debugwire\liblcd.a(lcd.o)

.debug_frame    0x00000000     0x1534
 *(.debug_frame)
 .debug_frame   0x00000000       0x34 debounced_keys.o
 .debug_frame   0x00000034      0x23c display_util.o
 .debug_frame   0x00000270       0x34 kc_cass_common.o
 .debug_frame   0x000002a4       0xc4 kc_cass_recv_file.o
 .debug_frame   0x00000368      0x16c kc_cass_send_file.o
 .debug_frame   0x000004d4       0xc8 main.o
 .debug_frame   0x0000059c       0x8c C:\Users\Bernd\Documents\Atmel Studio\7.0\Cass2SD\Cass2SD\ff_avr\Debug_debugwire\libff_avr.a(diskio.o)
 .debug_frame   0x00000628      0xbd8 C:\Users\Bernd\Documents\Atmel Studio\7.0\Cass2SD\Cass2SD\ff_avr\Debug_debugwire\libff_avr.a(ff.o)
 .debug_frame   0x00001200      0x1fc C:\Users\Bernd\Documents\Atmel Studio\7.0\Cass2SD\Cass2SD\ff_avr\Debug_debugwire\libff_avr.a(mmc_avr_spi.o)
 .debug_frame   0x000013fc      0x138 C:\Users\Bernd\Documents\Atmel Studio\7.0\Cass2SD\Cass2SD\lcd\Debug_debugwire\liblcd.a(lcd.o)

.debug_str      0x00000000     0xb18b
 *(.debug_str)
 .debug_str     0x00000000      0x208 C:/Program Files (x86)/Atmel/Studio/7.0/Packs/atmel/ATmega_DFP/1.2.132/gcc/dev/atmega328p/avr5/crtatmega328p.o
 .debug_str     0x00000208     0x68e4 debounced_keys.o
                               0x6995 (size before relaxing)
 .debug_str     0x00006aec     0x28aa display_util.o
                               0x923f (size before relaxing)
 .debug_str     0x00009396      0x136 kc_cass_common.o
                               0x8305 (size before relaxing)
 .debug_str     0x000094cc      0x94e kc_cass_recv_file.o
                               0x9886 (size before relaxing)
 .debug_str     0x00009e1a      0x593 kc_cass_send_file.o
                               0x9889 (size before relaxing)
 .debug_str     0x0000a3ad      0x809 main.o
                               0x9f33 (size before relaxing)
 .debug_str     0x0000abb6      0x17f C:\Users\Bernd\Documents\Atmel Studio\7.0\Cass2SD\Cass2SD\ff_avr\Debug_debugwire\libff_avr.a(diskio.o)
                                0x249 (size before relaxing)
 .debug_str     0x0000ad35      0x221 C:\Users\Bernd\Documents\Atmel Studio\7.0\Cass2SD\Cass2SD\ff_avr\Debug_debugwire\libff_avr.a(ff.o)
                                0x682 (size before relaxing)
 .debug_str     0x0000af56       0xb6 C:\Users\Bernd\Documents\Atmel Studio\7.0\Cass2SD\Cass2SD\ff_avr\Debug_debugwire\libff_avr.a(mmc_avr_spi.o)
                                0x2ec (size before relaxing)
 .debug_str     0x0000b00c      0x17f C:\Users\Bernd\Documents\Atmel Studio\7.0\Cass2SD\Cass2SD\lcd\Debug_debugwire\liblcd.a(lcd.o)
                                0x26e (size before relaxing)

.debug_loc      0x00000000     0x8bb6
 *(.debug_loc)
 .debug_loc     0x00000000       0x7c debounced_keys.o
 .debug_loc     0x0000007c      0xaa8 display_util.o
 .debug_loc     0x00000b24       0xa2 kc_cass_common.o
 .debug_loc     0x00000bc6      0x1ca kc_cass_recv_file.o
 .debug_loc     0x00000d90      0x5d2 kc_cass_send_file.o
 .debug_loc     0x00001362      0x166 main.o
 .debug_loc     0x000014c8      0x38d C:\Users\Bernd\Documents\Atmel Studio\7.0\Cass2SD\Cass2SD\ff_avr\Debug_debugwire\libff_avr.a(diskio.o)
 .debug_loc     0x00001855     0x54f5 C:\Users\Bernd\Documents\Atmel Studio\7.0\Cass2SD\Cass2SD\ff_avr\Debug_debugwire\libff_avr.a(ff.o)
 .debug_loc     0x00006d4a     0x16ef C:\Users\Bernd\Documents\Atmel Studio\7.0\Cass2SD\Cass2SD\ff_avr\Debug_debugwire\libff_avr.a(mmc_avr_spi.o)
 .debug_loc     0x00008439      0x77d C:\Users\Bernd\Documents\Atmel Studio\7.0\Cass2SD\Cass2SD\lcd\Debug_debugwire\liblcd.a(lcd.o)

.debug_macinfo
 *(.debug_macinfo)

.debug_weaknames
 *(.debug_weaknames)

.debug_funcnames
 *(.debug_funcnames)

.debug_typenames
 *(.debug_typenames)

.debug_varnames
 *(.debug_varnames)

.debug_pubtypes
 *(.debug_pubtypes)

.debug_ranges   0x00000000      0x498
 *(.debug_ranges)
 .debug_ranges  0x00000000       0x18 debounced_keys.o
 .debug_ranges  0x00000018       0x50 display_util.o
 .debug_ranges  0x00000068       0x30 kc_cass_common.o
 .debug_ranges  0x00000098       0x90 kc_cass_recv_file.o
 .debug_ranges  0x00000128       0x70 kc_cass_send_file.o
 .debug_ranges  0x00000198       0x38 main.o
 .debug_ranges  0x000001d0       0x38 C:\Users\Bernd\Documents\Atmel Studio\7.0\Cass2SD\Cass2SD\ff_avr\Debug_debugwire\libff_avr.a(diskio.o)
 .debug_ranges  0x00000208      0x198 C:\Users\Bernd\Documents\Atmel Studio\7.0\Cass2SD\Cass2SD\ff_avr\Debug_debugwire\libff_avr.a(ff.o)
 .debug_ranges  0x000003a0       0x80 C:\Users\Bernd\Documents\Atmel Studio\7.0\Cass2SD\Cass2SD\ff_avr\Debug_debugwire\libff_avr.a(mmc_avr_spi.o)
 .debug_ranges  0x00000420       0x78 C:\Users\Bernd\Documents\Atmel Studio\7.0\Cass2SD\Cass2SD\lcd\Debug_debugwire\liblcd.a(lcd.o)

.debug_macro    0x00000000     0x3d29
 *(.debug_macro)
 .debug_macro   0x00000000       0x99 debounced_keys.o
 .debug_macro   0x00000099      0xa54 debounced_keys.o
 .debug_macro   0x00000aed      0x1c9 debounced_keys.o
 .debug_macro   0x00000cb6       0x22 debounced_keys.o
 .debug_macro   0x00000cd8       0x40 debounced_keys.o
 .debug_macro   0x00000d18       0x10 debounced_keys.o
 .debug_macro   0x00000d28      0x302 debounced_keys.o
 .debug_macro   0x0000102a       0x9e debounced_keys.o
 .debug_macro   0x000010c8     0x1410 debounced_keys.o
 .debug_macro   0x000024d8      0x13a debounced_keys.o
 .debug_macro   0x00002612       0xbd debounced_keys.o
 .debug_macro   0x000026cf       0x34 debounced_keys.o
 .debug_macro   0x00002703       0x18 debounced_keys.o
 .debug_macro   0x0000271b       0x6c debounced_keys.o
 .debug_macro   0x00002787      0x12b display_util.o
 .debug_macro   0x000028b2       0x10 display_util.o
 .debug_macro   0x000028c2      0x2fc display_util.o
 .debug_macro   0x00002bbe       0x89 display_util.o
 .debug_macro   0x00002c47       0xaa display_util.o
 .debug_macro   0x00002cf1       0xee display_util.o
 .debug_macro   0x00002ddf       0x10 display_util.o
 .debug_macro   0x00002def      0x160 display_util.o
 .debug_macro   0x00002f4f       0xf6 display_util.o
 .debug_macro   0x00003045       0x58 display_util.o
 .debug_macro   0x0000309d       0xe9 display_util.o
 .debug_macro   0x00003186       0xe2 display_util.o
 .debug_macro   0x00003268       0x16 display_util.o
 .debug_macro   0x0000327e      0x1e3 display_util.o
 .debug_macro   0x00003461       0x40 display_util.o
 .debug_macro   0x000034a1       0x1c display_util.o
 .debug_macro   0x000034bd       0x46 display_util.o
 .debug_macro   0x00003503       0xd3 kc_cass_common.o
 .debug_macro   0x000035d6      0x17d kc_cass_recv_file.o
 .debug_macro   0x00003753       0x69 kc_cass_recv_file.o
 .debug_macro   0x000037bc       0x16 kc_cass_recv_file.o
 .debug_macro   0x000037d2       0x20 kc_cass_recv_file.o
 .debug_macro   0x000037f2       0x10 kc_cass_recv_file.o
 .debug_macro   0x00003802       0x34 kc_cass_recv_file.o
 .debug_macro   0x00003836       0x22 kc_cass_recv_file.o
 .debug_macro   0x00003858       0x40 kc_cass_recv_file.o
 .debug_macro   0x00003898      0x169 kc_cass_send_file.o
 .debug_macro   0x00003a01       0xd6 kc_cass_send_file.o
 .debug_macro   0x00003ad7       0x1c kc_cass_send_file.o
 .debug_macro   0x00003af3      0x16c main.o
 .debug_macro   0x00003c5f       0x49 main.o
 .debug_macro   0x00003ca8       0x81 main.o
OUTPUT(main.elf elf32-avr)
LOAD linker stubs
