Archive member included to satisfy reference by file (symbol)

C:\Users\Bernd\Documents\Atmel Studio\7.0\Cass2SD\Cass2SD\ff_avr\Debug_debugwire\libff_avr.a(diskio.o)
                              kc_cass_common.o (disk_timerproc)
C:\Users\Bernd\Documents\Atmel Studio\7.0\Cass2SD\Cass2SD\ff_avr\Debug_debugwire\libff_avr.a(ff.o)
                              main.o (f_mount)
C:\Users\Bernd\Documents\Atmel Studio\7.0\Cass2SD\Cass2SD\ff_avr\Debug_debugwire\libff_avr.a(mmc_avr_spi.o)
                              C:\Users\Bernd\Documents\Atmel Studio\7.0\Cass2SD\Cass2SD\ff_avr\Debug_debugwire\libff_avr.a(diskio.o) (mmc_disk_initialize)
C:\Users\Bernd\Documents\Atmel Studio\7.0\Cass2SD\Cass2SD\ff_avr\Debug_debugwire\libff_avr.a(xitoa.o)
                              main.o (xfunc_out)
C:\Users\Bernd\Documents\Atmel Studio\7.0\Cass2SD\Cass2SD\lcd\Debug_debugwire\liblcd.a(lcd.o)
                              display_util.o (lcd_gotoxy)
c:/program files (x86)/atmel/studio/7.0/toolchain/avr8/avr8-gnu-toolchain/bin/../lib/gcc/avr/5.4.0/avr5\libgcc.a(_udivmodsi4.o)
                              kc_cass_common.o (__udivmodsi4)
c:/program files (x86)/atmel/studio/7.0/toolchain/avr8/avr8-gnu-toolchain/bin/../lib/gcc/avr/5.4.0/avr5\libgcc.a(_exit.o)
                              C:/Program Files (x86)/Atmel/Studio/7.0/Packs/atmel/ATmega_DFP/1.2.132/gcc/dev/atmega328p/avr5/crtatmega328p.o (exit)
c:/program files (x86)/atmel/studio/7.0/toolchain/avr8/avr8-gnu-toolchain/bin/../lib/gcc/avr/5.4.0/avr5\libgcc.a(_tablejump2.o)
                              C:\Users\Bernd\Documents\Atmel Studio\7.0\Cass2SD\Cass2SD\ff_avr\Debug_debugwire\libff_avr.a(mmc_avr_spi.o) (__tablejump2__)
c:/program files (x86)/atmel/studio/7.0/toolchain/avr8/avr8-gnu-toolchain/bin/../lib/gcc/avr/5.4.0/avr5\libgcc.a(_copy_data.o)
                              debounced_keys.o (__do_copy_data)
c:/program files (x86)/atmel/studio/7.0/toolchain/avr8/avr8-gnu-toolchain/bin/../lib/gcc/avr/5.4.0/avr5\libgcc.a(_clear_bss.o)
                              debounced_keys.o (__do_clear_bss)
c:/program files (x86)/atmel/studio/7.0/toolchain/avr8/avr8-gnu-toolchain/bin/../lib/gcc/avr/5.4.0/avr5\libgcc.a(_umulhisi3.o)
                              C:\Users\Bernd\Documents\Atmel Studio\7.0\Cass2SD\Cass2SD\ff_avr\Debug_debugwire\libff_avr.a(mmc_avr_spi.o) (__umulhisi3)
c:/program files (x86)/atmel/studio/7.0/toolchain/avr8/avr8-gnu-toolchain/bin/../lib/gcc/avr/5.4.0/avr5\libgcc.a(_muluhisi3.o)
                              display_util.o (__muluhisi3)
c:/program files (x86)/atmel/studio/7.0/toolchain/avr8/avr8-gnu-toolchain/bin/../lib/gcc/avr/5.4.0/../../../../avr/lib/avr5\libc.a(strlcpy_P.o)
                              kc_cass_recv_file.o (strlcpy_P)
c:/program files (x86)/atmel/studio/7.0/toolchain/avr8/avr8-gnu-toolchain/bin/../lib/gcc/avr/5.4.0/../../../../avr/lib/avr5\libc.a(strncmp_P.o)
                              kc_cass_common.o (strncmp_P)
c:/program files (x86)/atmel/studio/7.0/toolchain/avr8/avr8-gnu-toolchain/bin/../lib/gcc/avr/5.4.0/../../../../avr/lib/avr5\libc.a(strncpy_P.o)
                              kc_cass_recv_file.o (strncpy_P)
c:/program files (x86)/atmel/studio/7.0/toolchain/avr8/avr8-gnu-toolchain/bin/../lib/gcc/avr/5.4.0/../../../../avr/lib/avr5\libc.a(memset.o)
                              kc_cass_common.o (memset)
c:/program files (x86)/atmel/studio/7.0/toolchain/avr8/avr8-gnu-toolchain/bin/../lib/gcc/avr/5.4.0/../../../../avr/lib/avr5\libc.a(strchr.o)
                              display_util.o (strchr)
c:/program files (x86)/atmel/studio/7.0/toolchain/avr8/avr8-gnu-toolchain/bin/../lib/gcc/avr/5.4.0/../../../../avr/lib/avr5\libc.a(strcmp.o)
                              display_util.o (strcmp)
c:/program files (x86)/atmel/studio/7.0/toolchain/avr8/avr8-gnu-toolchain/bin/../lib/gcc/avr/5.4.0/../../../../avr/lib/avr5\libc.a(strlcpy.o)
                              display_util.o (strlcpy)

Allocating common symbols
Common symbol       size              file

file_type           0x4               kc_cass_recv_file.o
FatFs               0x233             kc_cass_common.o
Finfo               0x16              kc_cass_common.o
keys_changed_bitmap
                    0x1               debounced_keys.o
fhdl                0x22              kc_cass_common.o
dir_name            0xd               display_util.o
Dir                 0x28              kc_cass_common.o
fr                  0x2               kc_cass_common.o
buf                 0x82              kc_cass_common.o
select_key_pressed  0x1               debounced_keys.o
keys_bitmap         0x1               debounced_keys.o
file_name_on_disk   0xd               kc_cass_recv_file.o

Discarded input sections

 .data          0x00000000        0x0 C:/Program Files (x86)/Atmel/Studio/7.0/Packs/atmel/ATmega_DFP/1.2.132/gcc/dev/atmega328p/avr5/crtatmega328p.o
 .bss           0x00000000        0x0 C:/Program Files (x86)/Atmel/Studio/7.0/Packs/atmel/ATmega_DFP/1.2.132/gcc/dev/atmega328p/avr5/crtatmega328p.o
 .group         0x00000000        0x8 debounced_keys.o
 .group         0x00000000        0x8 debounced_keys.o
 .group         0x00000000        0x8 debounced_keys.o
 .group         0x00000000        0x8 debounced_keys.o
 .group         0x00000000        0x8 debounced_keys.o
 .group         0x00000000        0x8 debounced_keys.o
 .group         0x00000000        0x8 debounced_keys.o
 .group         0x00000000        0x8 debounced_keys.o
 .group         0x00000000        0x8 debounced_keys.o
 .group         0x00000000        0x8 debounced_keys.o
 .group         0x00000000        0x8 debounced_keys.o
 .group         0x00000000        0x8 debounced_keys.o
 .group         0x00000000        0x8 debounced_keys.o
 .text          0x00000000        0x0 debounced_keys.o
 .data          0x00000000        0x0 debounced_keys.o
 .bss           0x00000000        0x0 debounced_keys.o
 .group         0x00000000        0x8 display_util.o
 .group         0x00000000        0x8 display_util.o
 .group         0x00000000        0x8 display_util.o
 .group         0x00000000        0x8 display_util.o
 .group         0x00000000        0x8 display_util.o
 .group         0x00000000        0x8 display_util.o
 .group         0x00000000        0x8 display_util.o
 .group         0x00000000        0x8 display_util.o
 .group         0x00000000        0x8 display_util.o
 .group         0x00000000        0x8 display_util.o
 .group         0x00000000        0x8 display_util.o
 .group         0x00000000        0x8 display_util.o
 .group         0x00000000        0x8 display_util.o
 .group         0x00000000        0x8 display_util.o
 .group         0x00000000        0x8 display_util.o
 .group         0x00000000        0x8 display_util.o
 .group         0x00000000        0x8 display_util.o
 .group         0x00000000        0x8 display_util.o
 .group         0x00000000        0x8 display_util.o
 .group         0x00000000        0x8 display_util.o
 .group         0x00000000        0x8 display_util.o
 .group         0x00000000        0x8 display_util.o
 .group         0x00000000        0x8 display_util.o
 .group         0x00000000        0x8 display_util.o
 .group         0x00000000        0x8 display_util.o
 .group         0x00000000        0x8 display_util.o
 .group         0x00000000        0x8 display_util.o
 .text          0x00000000        0x0 display_util.o
 .data          0x00000000        0x0 display_util.o
 .bss           0x00000000        0x0 display_util.o
 .text.display_debug_and_block
                0x00000000       0x70 display_util.o
 .progmem.data.msg_info_str
                0x00000000        0x5 display_util.o
 .progmem.data.pct_X_str
                0x00000000       0x15 display_util.o
 .debug_macro   0x00000000      0xa54 display_util.o
 .debug_macro   0x00000000      0x1c9 display_util.o
 .debug_macro   0x00000000     0x1410 display_util.o
 .debug_macro   0x00000000      0x13a display_util.o
 .debug_macro   0x00000000       0xbd display_util.o
 .debug_macro   0x00000000       0x34 display_util.o
 .debug_macro   0x00000000       0x18 display_util.o
 .debug_macro   0x00000000       0x6c display_util.o
 .debug_macro   0x00000000       0x22 display_util.o
 .group         0x00000000        0x8 kc_cass_common.o
 .group         0x00000000        0x8 kc_cass_common.o
 .group         0x00000000        0x8 kc_cass_common.o
 .group         0x00000000        0x8 kc_cass_common.o
 .group         0x00000000        0x8 kc_cass_common.o
 .group         0x00000000        0x8 kc_cass_common.o
 .group         0x00000000        0x8 kc_cass_common.o
 .group         0x00000000        0x8 kc_cass_common.o
 .group         0x00000000        0x8 kc_cass_common.o
 .group         0x00000000        0x8 kc_cass_common.o
 .group         0x00000000        0x8 kc_cass_common.o
 .group         0x00000000        0x8 kc_cass_common.o
 .group         0x00000000        0x8 kc_cass_common.o
 .group         0x00000000        0x8 kc_cass_common.o
 .group         0x00000000        0x8 kc_cass_common.o
 .group         0x00000000        0x8 kc_cass_common.o
 .group         0x00000000        0x8 kc_cass_common.o
 .group         0x00000000        0x8 kc_cass_common.o
 .group         0x00000000        0x8 kc_cass_common.o
 .group         0x00000000        0x8 kc_cass_common.o
 .group         0x00000000        0x8 kc_cass_common.o
 .group         0x00000000        0x8 kc_cass_common.o
 .group         0x00000000        0x8 kc_cass_common.o
 .group         0x00000000        0x8 kc_cass_common.o
 .group         0x00000000        0x8 kc_cass_common.o
 .group         0x00000000        0x8 kc_cass_common.o
 .group         0x00000000        0x8 kc_cass_common.o
 .text          0x00000000        0x0 kc_cass_common.o
 .data          0x00000000        0x0 kc_cass_common.o
 .bss           0x00000000        0x0 kc_cass_common.o
 .text.disk_and_debounce_timer_stop
                0x00000000        0xe kc_cass_common.o
 .debug_macro   0x00000000      0xa54 kc_cass_common.o
 .debug_macro   0x00000000       0x10 kc_cass_common.o
 .debug_macro   0x00000000      0x1c9 kc_cass_common.o
 .debug_macro   0x00000000      0x2fc kc_cass_common.o
 .debug_macro   0x00000000       0x89 kc_cass_common.o
 .debug_macro   0x00000000       0xaa kc_cass_common.o
 .debug_macro   0x00000000     0x1410 kc_cass_common.o
 .debug_macro   0x00000000      0x13a kc_cass_common.o
 .debug_macro   0x00000000       0xbd kc_cass_common.o
 .debug_macro   0x00000000       0x34 kc_cass_common.o
 .debug_macro   0x00000000       0x18 kc_cass_common.o
 .debug_macro   0x00000000       0x6c kc_cass_common.o
 .debug_macro   0x00000000       0xee kc_cass_common.o
 .debug_macro   0x00000000       0x22 kc_cass_common.o
 .debug_macro   0x00000000       0x16 kc_cass_common.o
 .debug_macro   0x00000000       0x10 kc_cass_common.o
 .debug_macro   0x00000000      0x160 kc_cass_common.o
 .debug_macro   0x00000000       0xe9 kc_cass_common.o
 .debug_macro   0x00000000       0xe2 kc_cass_common.o
 .debug_macro   0x00000000       0x16 kc_cass_common.o
 .debug_macro   0x00000000      0x1e3 kc_cass_common.o
 .debug_macro   0x00000000       0x46 kc_cass_common.o
 .debug_macro   0x00000000       0x70 kc_cass_common.o
 .group         0x00000000        0x8 kc_cass_recv_file.o
 .group         0x00000000        0x8 kc_cass_recv_file.o
 .group         0x00000000        0x8 kc_cass_recv_file.o
 .group         0x00000000        0x8 kc_cass_recv_file.o
 .group         0x00000000        0x8 kc_cass_recv_file.o
 .group         0x00000000        0x8 kc_cass_recv_file.o
 .group         0x00000000        0x8 kc_cass_recv_file.o
 .group         0x00000000        0x8 kc_cass_recv_file.o
 .group         0x00000000        0x8 kc_cass_recv_file.o
 .group         0x00000000        0x8 kc_cass_recv_file.o
 .group         0x00000000        0x8 kc_cass_recv_file.o
 .group         0x00000000        0x8 kc_cass_recv_file.o
 .group         0x00000000        0x8 kc_cass_recv_file.o
 .group         0x00000000        0x8 kc_cass_recv_file.o
 .group         0x00000000        0x8 kc_cass_recv_file.o
 .group         0x00000000        0x8 kc_cass_recv_file.o
 .group         0x00000000        0x8 kc_cass_recv_file.o
 .group         0x00000000        0x8 kc_cass_recv_file.o
 .group         0x00000000        0x8 kc_cass_recv_file.o
 .group         0x00000000        0x8 kc_cass_recv_file.o
 .group         0x00000000        0x8 kc_cass_recv_file.o
 .group         0x00000000        0x8 kc_cass_recv_file.o
 .group         0x00000000        0x8 kc_cass_recv_file.o
 .group         0x00000000        0x8 kc_cass_recv_file.o
 .group         0x00000000        0x8 kc_cass_recv_file.o
 .group         0x00000000        0x8 kc_cass_recv_file.o
 .group         0x00000000        0x8 kc_cass_recv_file.o
 .group         0x00000000        0x8 kc_cass_recv_file.o
 .group         0x00000000        0x8 kc_cass_recv_file.o
 .group         0x00000000        0x8 kc_cass_recv_file.o
 .group         0x00000000        0x8 kc_cass_recv_file.o
 .text          0x00000000        0x0 kc_cass_recv_file.o
 .data          0x00000000        0x0 kc_cass_recv_file.o
 .bss           0x00000000        0x0 kc_cass_recv_file.o
 .debug_macro   0x00000000      0xa54 kc_cass_recv_file.o
 .debug_macro   0x00000000       0x10 kc_cass_recv_file.o
 .debug_macro   0x00000000      0x1c9 kc_cass_recv_file.o
 .debug_macro   0x00000000      0x2fc kc_cass_recv_file.o
 .debug_macro   0x00000000       0x9e kc_cass_recv_file.o
 .debug_macro   0x00000000     0x1410 kc_cass_recv_file.o
 .debug_macro   0x00000000      0x13a kc_cass_recv_file.o
 .debug_macro   0x00000000       0xbd kc_cass_recv_file.o
 .debug_macro   0x00000000       0x34 kc_cass_recv_file.o
 .debug_macro   0x00000000       0x18 kc_cass_recv_file.o
 .debug_macro   0x00000000       0x6c kc_cass_recv_file.o
 .debug_macro   0x00000000       0x69 kc_cass_recv_file.o
 .debug_macro   0x00000000       0x10 kc_cass_recv_file.o
 .debug_macro   0x00000000       0x89 kc_cass_recv_file.o
 .debug_macro   0x00000000       0xee kc_cass_recv_file.o
 .debug_macro   0x00000000       0x16 kc_cass_recv_file.o
 .debug_macro   0x00000000       0x20 kc_cass_recv_file.o
 .debug_macro   0x00000000       0x10 kc_cass_recv_file.o
 .debug_macro   0x00000000      0x160 kc_cass_recv_file.o
 .debug_macro   0x00000000       0xf6 kc_cass_recv_file.o
 .debug_macro   0x00000000       0x22 kc_cass_recv_file.o
 .debug_macro   0x00000000       0xe9 kc_cass_recv_file.o
 .debug_macro   0x00000000       0xe2 kc_cass_recv_file.o
 .debug_macro   0x00000000       0x22 kc_cass_recv_file.o
 .debug_macro   0x00000000       0x16 kc_cass_recv_file.o
 .debug_macro   0x00000000      0x1e3 kc_cass_recv_file.o
 .group         0x00000000        0x8 kc_cass_send_file.o
 .group         0x00000000        0x8 kc_cass_send_file.o
 .group         0x00000000        0x8 kc_cass_send_file.o
 .group         0x00000000        0x8 kc_cass_send_file.o
 .group         0x00000000        0x8 kc_cass_send_file.o
 .group         0x00000000        0x8 kc_cass_send_file.o
 .group         0x00000000        0x8 kc_cass_send_file.o
 .group         0x00000000        0x8 kc_cass_send_file.o
 .group         0x00000000        0x8 kc_cass_send_file.o
 .group         0x00000000        0x8 kc_cass_send_file.o
 .group         0x00000000        0x8 kc_cass_send_file.o
 .group         0x00000000        0x8 kc_cass_send_file.o
 .group         0x00000000        0x8 kc_cass_send_file.o
 .group         0x00000000        0x8 kc_cass_send_file.o
 .group         0x00000000        0x8 kc_cass_send_file.o
 .group         0x00000000        0x8 kc_cass_send_file.o
 .group         0x00000000        0x8 kc_cass_send_file.o
 .group         0x00000000        0x8 kc_cass_send_file.o
 .group         0x00000000        0x8 kc_cass_send_file.o
 .group         0x00000000        0x8 kc_cass_send_file.o
 .group         0x00000000        0x8 kc_cass_send_file.o
 .group         0x00000000        0x8 kc_cass_send_file.o
 .group         0x00000000        0x8 kc_cass_send_file.o
 .group         0x00000000        0x8 kc_cass_send_file.o
 .group         0x00000000        0x8 kc_cass_send_file.o
 .group         0x00000000        0x8 kc_cass_send_file.o
 .text          0x00000000        0x0 kc_cass_send_file.o
 .data          0x00000000        0x0 kc_cass_send_file.o
 .bss           0x00000000        0x0 kc_cass_send_file.o
 .debug_macro   0x00000000      0xa54 kc_cass_send_file.o
 .debug_macro   0x00000000       0x10 kc_cass_send_file.o
 .debug_macro   0x00000000      0x1c9 kc_cass_send_file.o
 .debug_macro   0x00000000      0x2fc kc_cass_send_file.o
 .debug_macro   0x00000000       0x9e kc_cass_send_file.o
 .debug_macro   0x00000000     0x1410 kc_cass_send_file.o
 .debug_macro   0x00000000      0x13a kc_cass_send_file.o
 .debug_macro   0x00000000       0xbd kc_cass_send_file.o
 .debug_macro   0x00000000       0x34 kc_cass_send_file.o
 .debug_macro   0x00000000       0x18 kc_cass_send_file.o
 .debug_macro   0x00000000       0x6c kc_cass_send_file.o
 .debug_macro   0x00000000       0x69 kc_cass_send_file.o
 .debug_macro   0x00000000       0x22 kc_cass_send_file.o
 .debug_macro   0x00000000       0x10 kc_cass_send_file.o
 .debug_macro   0x00000000       0x89 kc_cass_send_file.o
 .debug_macro   0x00000000       0xee kc_cass_send_file.o
 .debug_macro   0x00000000       0xe9 kc_cass_send_file.o
 .debug_macro   0x00000000       0xe2 kc_cass_send_file.o
 .debug_macro   0x00000000       0xd6 kc_cass_send_file.o
 .debug_macro   0x00000000      0x1e3 kc_cass_send_file.o
 .debug_macro   0x00000000       0x70 kc_cass_send_file.o
 .debug_macro   0x00000000       0x22 kc_cass_send_file.o
 .debug_macro   0x00000000       0x46 kc_cass_send_file.o
 .debug_macro   0x00000000       0x6a kc_cass_send_file.o
 .debug_macro   0x00000000       0x1c kc_cass_send_file.o
 .group         0x00000000        0x8 main.o
 .group         0x00000000        0x8 main.o
 .group         0x00000000        0x8 main.o
 .group         0x00000000        0x8 main.o
 .group         0x00000000        0x8 main.o
 .group         0x00000000        0x8 main.o
 .group         0x00000000        0x8 main.o
 .group         0x00000000        0x8 main.o
 .group         0x00000000        0x8 main.o
 .group         0x00000000        0x8 main.o
 .group         0x00000000        0x8 main.o
 .group         0x00000000        0x8 main.o
 .group         0x00000000        0x8 main.o
 .group         0x00000000        0x8 main.o
 .group         0x00000000        0x8 main.o
 .group         0x00000000        0x8 main.o
 .group         0x00000000        0x8 main.o
 .group         0x00000000        0x8 main.o
 .group         0x00000000        0x8 main.o
 .group         0x00000000        0x8 main.o
 .group         0x00000000        0x8 main.o
 .group         0x00000000        0x8 main.o
 .group         0x00000000        0x8 main.o
 .group         0x00000000        0x8 main.o
 .group         0x00000000        0x8 main.o
 .group         0x00000000        0x8 main.o
 .group         0x00000000        0x8 main.o
 .group         0x00000000        0x8 main.o
 .group         0x00000000        0x8 main.o
 .group         0x00000000        0x8 main.o
 .group         0x00000000        0x8 main.o
 .group         0x00000000        0x8 main.o
 .text          0x00000000        0x0 main.o
 .data          0x00000000        0x0 main.o
 .bss           0x00000000        0x0 main.o
 .debug_macro   0x00000000      0xa54 main.o
 .debug_macro   0x00000000       0x10 main.o
 .debug_macro   0x00000000      0x1c9 main.o
 .debug_macro   0x00000000      0x2fc main.o
 .debug_macro   0x00000000       0x9e main.o
 .debug_macro   0x00000000     0x1410 main.o
 .debug_macro   0x00000000      0x13a main.o
 .debug_macro   0x00000000       0xbd main.o
 .debug_macro   0x00000000       0x34 main.o
 .debug_macro   0x00000000       0x18 main.o
 .debug_macro   0x00000000       0x6c main.o
 .debug_macro   0x00000000       0x69 main.o
 .debug_macro   0x00000000       0x10 main.o
 .debug_macro   0x00000000       0x89 main.o
 .debug_macro   0x00000000       0xee main.o
 .debug_macro   0x00000000       0x16 main.o
 .debug_macro   0x00000000       0x20 main.o
 .debug_macro   0x00000000       0x10 main.o
 .debug_macro   0x00000000      0x160 main.o
 .debug_macro   0x00000000       0x22 main.o
 .debug_macro   0x00000000       0x16 main.o
 .debug_macro   0x00000000       0xe9 main.o
 .debug_macro   0x00000000       0xe2 main.o
 .debug_macro   0x00000000       0xd6 main.o
 .debug_macro   0x00000000      0x1e3 main.o
 .debug_macro   0x00000000       0x46 main.o
 .debug_macro   0x00000000       0x70 main.o
 .debug_macro   0x00000000       0x1c main.o
 .debug_macro   0x00000000       0x1c main.o
 .debug_macro   0x00000000       0x6a main.o
 .text          0x00000000        0x0 C:\Users\Bernd\Documents\Atmel Studio\7.0\Cass2SD\Cass2SD\ff_avr\Debug_debugwire\libff_avr.a(diskio.o)
 .data          0x00000000        0x0 C:\Users\Bernd\Documents\Atmel Studio\7.0\Cass2SD\Cass2SD\ff_avr\Debug_debugwire\libff_avr.a(diskio.o)
 .bss           0x00000000        0x0 C:\Users\Bernd\Documents\Atmel Studio\7.0\Cass2SD\Cass2SD\ff_avr\Debug_debugwire\libff_avr.a(diskio.o)
 .text          0x00000000        0x0 C:\Users\Bernd\Documents\Atmel Studio\7.0\Cass2SD\Cass2SD\ff_avr\Debug_debugwire\libff_avr.a(ff.o)
 .data          0x00000000        0x0 C:\Users\Bernd\Documents\Atmel Studio\7.0\Cass2SD\Cass2SD\ff_avr\Debug_debugwire\libff_avr.a(ff.o)
 .bss           0x00000000        0x0 C:\Users\Bernd\Documents\Atmel Studio\7.0\Cass2SD\Cass2SD\ff_avr\Debug_debugwire\libff_avr.a(ff.o)
 .text.dir_remove
                0x00000000       0x38 C:\Users\Bernd\Documents\Atmel Studio\7.0\Cass2SD\Cass2SD\ff_avr\Debug_debugwire\libff_avr.a(ff.o)
 .text.f_closedir
                0x00000000       0x32 C:\Users\Bernd\Documents\Atmel Studio\7.0\Cass2SD\Cass2SD\ff_avr\Debug_debugwire\libff_avr.a(ff.o)
 .text.f_stat   0x00000000       0x82 C:\Users\Bernd\Documents\Atmel Studio\7.0\Cass2SD\Cass2SD\ff_avr\Debug_debugwire\libff_avr.a(ff.o)
 .text.f_truncate
                0x00000000      0x13c C:\Users\Bernd\Documents\Atmel Studio\7.0\Cass2SD\Cass2SD\ff_avr\Debug_debugwire\libff_avr.a(ff.o)
 .text.f_unlink
                0x00000000      0x182 C:\Users\Bernd\Documents\Atmel Studio\7.0\Cass2SD\Cass2SD\ff_avr\Debug_debugwire\libff_avr.a(ff.o)
 .text.f_mkdir  0x00000000      0x2e4 C:\Users\Bernd\Documents\Atmel Studio\7.0\Cass2SD\Cass2SD\ff_avr\Debug_debugwire\libff_avr.a(ff.o)
 .text.f_rename
                0x00000000      0x22a C:\Users\Bernd\Documents\Atmel Studio\7.0\Cass2SD\Cass2SD\ff_avr\Debug_debugwire\libff_avr.a(ff.o)
 .text.f_setlabel
                0x00000000      0x260 C:\Users\Bernd\Documents\Atmel Studio\7.0\Cass2SD\Cass2SD\ff_avr\Debug_debugwire\libff_avr.a(ff.o)
 .rodata.badchr.2304
                0x00000000       0x10 C:\Users\Bernd\Documents\Atmel Studio\7.0\Cass2SD\Cass2SD\ff_avr\Debug_debugwire\libff_avr.a(ff.o)
 .text          0x00000000        0x0 C:\Users\Bernd\Documents\Atmel Studio\7.0\Cass2SD\Cass2SD\ff_avr\Debug_debugwire\libff_avr.a(mmc_avr_spi.o)
 .data          0x00000000        0x0 C:\Users\Bernd\Documents\Atmel Studio\7.0\Cass2SD\Cass2SD\ff_avr\Debug_debugwire\libff_avr.a(mmc_avr_spi.o)
 .bss           0x00000000        0x0 C:\Users\Bernd\Documents\Atmel Studio\7.0\Cass2SD\Cass2SD\ff_avr\Debug_debugwire\libff_avr.a(mmc_avr_spi.o)
 .data          0x00000000        0x0 C:\Users\Bernd\Documents\Atmel Studio\7.0\Cass2SD\Cass2SD\ff_avr\Debug_debugwire\libff_avr.a(xitoa.o)
 .text          0x00000000        0x0 C:\Users\Bernd\Documents\Atmel Studio\7.0\Cass2SD\Cass2SD\lcd\Debug_debugwire\liblcd.a(lcd.o)
 .data          0x00000000        0x0 C:\Users\Bernd\Documents\Atmel Studio\7.0\Cass2SD\Cass2SD\lcd\Debug_debugwire\liblcd.a(lcd.o)
 .bss           0x00000000        0x0 C:\Users\Bernd\Documents\Atmel Studio\7.0\Cass2SD\Cass2SD\lcd\Debug_debugwire\liblcd.a(lcd.o)
 .text.lcd_data
                0x00000000       0x14 C:\Users\Bernd\Documents\Atmel Studio\7.0\Cass2SD\Cass2SD\lcd\Debug_debugwire\liblcd.a(lcd.o)
 .text.lcd_getxy
                0x00000000        0x8 C:\Users\Bernd\Documents\Atmel Studio\7.0\Cass2SD\Cass2SD\lcd\Debug_debugwire\liblcd.a(lcd.o)
 .text.lcd_home
                0x00000000        0x8 C:\Users\Bernd\Documents\Atmel Studio\7.0\Cass2SD\Cass2SD\lcd\Debug_debugwire\liblcd.a(lcd.o)
 .text.lcd_puts
                0x00000000       0x1e C:\Users\Bernd\Documents\Atmel Studio\7.0\Cass2SD\Cass2SD\lcd\Debug_debugwire\liblcd.a(lcd.o)
 .text.lcd_puts_p
                0x00000000       0x1e C:\Users\Bernd\Documents\Atmel Studio\7.0\Cass2SD\Cass2SD\lcd\Debug_debugwire\liblcd.a(lcd.o)
 .text          0x00000000        0x0 c:/program files (x86)/atmel/studio/7.0/toolchain/avr8/avr8-gnu-toolchain/bin/../lib/gcc/avr/5.4.0/avr5\libgcc.a(_udivmodsi4.o)
 .data          0x00000000        0x0 c:/program files (x86)/atmel/studio/7.0/toolchain/avr8/avr8-gnu-toolchain/bin/../lib/gcc/avr/5.4.0/avr5\libgcc.a(_udivmodsi4.o)
 .bss           0x00000000        0x0 c:/program files (x86)/atmel/studio/7.0/toolchain/avr8/avr8-gnu-toolchain/bin/../lib/gcc/avr/5.4.0/avr5\libgcc.a(_udivmodsi4.o)
 .text.libgcc.mul
                0x00000000        0x0 c:/program files (x86)/atmel/studio/7.0/toolchain/avr8/avr8-gnu-toolchain/bin/../lib/gcc/avr/5.4.0/avr5\libgcc.a(_udivmodsi4.o)
 .text.libgcc   0x00000000        0x0 c:/program files (x86)/atmel/studio/7.0/toolchain/avr8/avr8-gnu-toolchain/bin/../lib/gcc/avr/5.4.0/avr5\libgcc.a(_udivmodsi4.o)
 .text.libgcc.prologue
                0x00000000        0x0 c:/program files (x86)/atmel/studio/7.0/toolchain/avr8/avr8-gnu-toolchain/bin/../lib/gcc/avr/5.4.0/avr5\libgcc.a(_udivmodsi4.o)
 .text.libgcc.builtins
                0x00000000        0x0 c:/program files (x86)/atmel/studio/7.0/toolchain/avr8/avr8-gnu-toolchain/bin/../lib/gcc/avr/5.4.0/avr5\libgcc.a(_udivmodsi4.o)
 .text.libgcc.fmul
                0x00000000        0x0 c:/program files (x86)/atmel/studio/7.0/toolchain/avr8/avr8-gnu-toolchain/bin/../lib/gcc/avr/5.4.0/avr5\libgcc.a(_udivmodsi4.o)
 .text.libgcc.fixed
                0x00000000        0x0 c:/program files (x86)/atmel/studio/7.0/toolchain/avr8/avr8-gnu-toolchain/bin/../lib/gcc/avr/5.4.0/avr5\libgcc.a(_udivmodsi4.o)
 .text          0x00000000        0x0 c:/program files (x86)/atmel/studio/7.0/toolchain/avr8/avr8-gnu-toolchain/bin/../lib/gcc/avr/5.4.0/avr5\libgcc.a(_exit.o)
 .data          0x00000000        0x0 c:/program files (x86)/atmel/studio/7.0/toolchain/avr8/avr8-gnu-toolchain/bin/../lib/gcc/avr/5.4.0/avr5\libgcc.a(_exit.o)
 .bss           0x00000000        0x0 c:/program files (x86)/atmel/studio/7.0/toolchain/avr8/avr8-gnu-toolchain/bin/../lib/gcc/avr/5.4.0/avr5\libgcc.a(_exit.o)
 .text.libgcc.mul
                0x00000000        0x0 c:/program files (x86)/atmel/studio/7.0/toolchain/avr8/avr8-gnu-toolchain/bin/../lib/gcc/avr/5.4.0/avr5\libgcc.a(_exit.o)
 .text.libgcc.div
                0x00000000        0x0 c:/program files (x86)/atmel/studio/7.0/toolchain/avr8/avr8-gnu-toolchain/bin/../lib/gcc/avr/5.4.0/avr5\libgcc.a(_exit.o)
 .text.libgcc   0x00000000        0x0 c:/program files (x86)/atmel/studio/7.0/toolchain/avr8/avr8-gnu-toolchain/bin/../lib/gcc/avr/5.4.0/avr5\libgcc.a(_exit.o)
 .text.libgcc.prologue
                0x00000000        0x0 c:/program files (x86)/atmel/studio/7.0/toolchain/avr8/avr8-gnu-toolchain/bin/../lib/gcc/avr/5.4.0/avr5\libgcc.a(_exit.o)
 .text.libgcc.builtins
                0x00000000        0x0 c:/program files (x86)/atmel/studio/7.0/toolchain/avr8/avr8-gnu-toolchain/bin/../lib/gcc/avr/5.4.0/avr5\libgcc.a(_exit.o)
 .text.libgcc.fmul
                0x00000000        0x0 c:/program files (x86)/atmel/studio/7.0/toolchain/avr8/avr8-gnu-toolchain/bin/../lib/gcc/avr/5.4.0/avr5\libgcc.a(_exit.o)
 .text.libgcc.fixed
                0x00000000        0x0 c:/program files (x86)/atmel/studio/7.0/toolchain/avr8/avr8-gnu-toolchain/bin/../lib/gcc/avr/5.4.0/avr5\libgcc.a(_exit.o)
 .text          0x00000000        0x0 c:/program files (x86)/atmel/studio/7.0/toolchain/avr8/avr8-gnu-toolchain/bin/../lib/gcc/avr/5.4.0/avr5\libgcc.a(_tablejump2.o)
 .data          0x00000000        0x0 c:/program files (x86)/atmel/studio/7.0/toolchain/avr8/avr8-gnu-toolchain/bin/../lib/gcc/avr/5.4.0/avr5\libgcc.a(_tablejump2.o)
 .bss           0x00000000        0x0 c:/program files (x86)/atmel/studio/7.0/toolchain/avr8/avr8-gnu-toolchain/bin/../lib/gcc/avr/5.4.0/avr5\libgcc.a(_tablejump2.o)
 .text.libgcc.mul
                0x00000000        0x0 c:/program files (x86)/atmel/studio/7.0/toolchain/avr8/avr8-gnu-toolchain/bin/../lib/gcc/avr/5.4.0/avr5\libgcc.a(_tablejump2.o)
 .text.libgcc.div
                0x00000000        0x0 c:/program files (x86)/atmel/studio/7.0/toolchain/avr8/avr8-gnu-toolchain/bin/../lib/gcc/avr/5.4.0/avr5\libgcc.a(_tablejump2.o)
 .text.libgcc.prologue
                0x00000000        0x0 c:/program files (x86)/atmel/studio/7.0/toolchain/avr8/avr8-gnu-toolchain/bin/../lib/gcc/avr/5.4.0/avr5\libgcc.a(_tablejump2.o)
 .text.libgcc.builtins
                0x00000000        0x0 c:/program files (x86)/atmel/studio/7.0/toolchain/avr8/avr8-gnu-toolchain/bin/../lib/gcc/avr/5.4.0/avr5\libgcc.a(_tablejump2.o)
 .text.libgcc.fmul
                0x00000000        0x0 c:/program files (x86)/atmel/studio/7.0/toolchain/avr8/avr8-gnu-toolchain/bin/../lib/gcc/avr/5.4.0/avr5\libgcc.a(_tablejump2.o)
 .text.libgcc.fixed
                0x00000000        0x0 c:/program files (x86)/atmel/studio/7.0/toolchain/avr8/avr8-gnu-toolchain/bin/../lib/gcc/avr/5.4.0/avr5\libgcc.a(_tablejump2.o)
 .text          0x00000000        0x0 c:/program files (x86)/atmel/studio/7.0/toolchain/avr8/avr8-gnu-toolchain/bin/../lib/gcc/avr/5.4.0/avr5\libgcc.a(_copy_data.o)
 .data          0x00000000        0x0 c:/program files (x86)/atmel/studio/7.0/toolchain/avr8/avr8-gnu-toolchain/bin/../lib/gcc/avr/5.4.0/avr5\libgcc.a(_copy_data.o)
 .bss           0x00000000        0x0 c:/program files (x86)/atmel/studio/7.0/toolchain/avr8/avr8-gnu-toolchain/bin/../lib/gcc/avr/5.4.0/avr5\libgcc.a(_copy_data.o)
 .text.libgcc.mul
                0x00000000        0x0 c:/program files (x86)/atmel/studio/7.0/toolchain/avr8/avr8-gnu-toolchain/bin/../lib/gcc/avr/5.4.0/avr5\libgcc.a(_copy_data.o)
 .text.libgcc.div
                0x00000000        0x0 c:/program files (x86)/atmel/studio/7.0/toolchain/avr8/avr8-gnu-toolchain/bin/../lib/gcc/avr/5.4.0/avr5\libgcc.a(_copy_data.o)
 .text.libgcc   0x00000000        0x0 c:/program files (x86)/atmel/studio/7.0/toolchain/avr8/avr8-gnu-toolchain/bin/../lib/gcc/avr/5.4.0/avr5\libgcc.a(_copy_data.o)
 .text.libgcc.prologue
                0x00000000        0x0 c:/program files (x86)/atmel/studio/7.0/toolchain/avr8/avr8-gnu-toolchain/bin/../lib/gcc/avr/5.4.0/avr5\libgcc.a(_copy_data.o)
 .text.libgcc.builtins
                0x00000000        0x0 c:/program files (x86)/atmel/studio/7.0/toolchain/avr8/avr8-gnu-toolchain/bin/../lib/gcc/avr/5.4.0/avr5\libgcc.a(_copy_data.o)
 .text.libgcc.fmul
                0x00000000        0x0 c:/program files (x86)/atmel/studio/7.0/toolchain/avr8/avr8-gnu-toolchain/bin/../lib/gcc/avr/5.4.0/avr5\libgcc.a(_copy_data.o)
 .text.libgcc.fixed
                0x00000000        0x0 c:/program files (x86)/atmel/studio/7.0/toolchain/avr8/avr8-gnu-toolchain/bin/../lib/gcc/avr/5.4.0/avr5\libgcc.a(_copy_data.o)
 .text          0x00000000        0x0 c:/program files (x86)/atmel/studio/7.0/toolchain/avr8/avr8-gnu-toolchain/bin/../lib/gcc/avr/5.4.0/avr5\libgcc.a(_clear_bss.o)
 .data          0x00000000        0x0 c:/program files (x86)/atmel/studio/7.0/toolchain/avr8/avr8-gnu-toolchain/bin/../lib/gcc/avr/5.4.0/avr5\libgcc.a(_clear_bss.o)
 .bss           0x00000000        0x0 c:/program files (x86)/atmel/studio/7.0/toolchain/avr8/avr8-gnu-toolchain/bin/../lib/gcc/avr/5.4.0/avr5\libgcc.a(_clear_bss.o)
 .text.libgcc.mul
                0x00000000        0x0 c:/program files (x86)/atmel/studio/7.0/toolchain/avr8/avr8-gnu-toolchain/bin/../lib/gcc/avr/5.4.0/avr5\libgcc.a(_clear_bss.o)
 .text.libgcc.div
                0x00000000        0x0 c:/program files (x86)/atmel/studio/7.0/toolchain/avr8/avr8-gnu-toolchain/bin/../lib/gcc/avr/5.4.0/avr5\libgcc.a(_clear_bss.o)
 .text.libgcc   0x00000000        0x0 c:/program files (x86)/atmel/studio/7.0/toolchain/avr8/avr8-gnu-toolchain/bin/../lib/gcc/avr/5.4.0/avr5\libgcc.a(_clear_bss.o)
 .text.libgcc.prologue
                0x00000000        0x0 c:/program files (x86)/atmel/studio/7.0/toolchain/avr8/avr8-gnu-toolchain/bin/../lib/gcc/avr/5.4.0/avr5\libgcc.a(_clear_bss.o)
 .text.libgcc.builtins
                0x00000000        0x0 c:/program files (x86)/atmel/studio/7.0/toolchain/avr8/avr8-gnu-toolchain/bin/../lib/gcc/avr/5.4.0/avr5\libgcc.a(_clear_bss.o)
 .text.libgcc.fmul
                0x00000000        0x0 c:/program files (x86)/atmel/studio/7.0/toolchain/avr8/avr8-gnu-toolchain/bin/../lib/gcc/avr/5.4.0/avr5\libgcc.a(_clear_bss.o)
 .text.libgcc.fixed
                0x00000000        0x0 c:/program files (x86)/atmel/studio/7.0/toolchain/avr8/avr8-gnu-toolchain/bin/../lib/gcc/avr/5.4.0/avr5\libgcc.a(_clear_bss.o)
 .text          0x00000000        0x0 c:/program files (x86)/atmel/studio/7.0/toolchain/avr8/avr8-gnu-toolchain/bin/../lib/gcc/avr/5.4.0/avr5\libgcc.a(_umulhisi3.o)
 .data          0x00000000        0x0 c:/program files (x86)/atmel/studio/7.0/toolchain/avr8/avr8-gnu-toolchain/bin/../lib/gcc/avr/5.4.0/avr5\libgcc.a(_umulhisi3.o)
 .bss           0x00000000        0x0 c:/program files (x86)/atmel/studio/7.0/toolchain/avr8/avr8-gnu-toolchain/bin/../lib/gcc/avr/5.4.0/avr5\libgcc.a(_umulhisi3.o)
 .text.libgcc.div
                0x00000000        0x0 c:/program files (x86)/atmel/studio/7.0/toolchain/avr8/avr8-gnu-toolchain/bin/../lib/gcc/avr/5.4.0/avr5\libgcc.a(_umulhisi3.o)
 .text.libgcc   0x00000000        0x0 c:/program files (x86)/atmel/studio/7.0/toolchain/avr8/avr8-gnu-toolchain/bin/../lib/gcc/avr/5.4.0/avr5\libgcc.a(_umulhisi3.o)
 .text.libgcc.prologue
                0x00000000        0x0 c:/program files (x86)/atmel/studio/7.0/toolchain/avr8/avr8-gnu-toolchain/bin/../lib/gcc/avr/5.4.0/avr5\libgcc.a(_umulhisi3.o)
 .text.libgcc.builtins
                0x00000000        0x0 c:/program files (x86)/atmel/studio/7.0/toolchain/avr8/avr8-gnu-toolchain/bin/../lib/gcc/avr/5.4.0/avr5\libgcc.a(_umulhisi3.o)
 .text.libgcc.fmul
                0x00000000        0x0 c:/program files (x86)/atmel/studio/7.0/toolchain/avr8/avr8-gnu-toolchain/bin/../lib/gcc/avr/5.4.0/avr5\libgcc.a(_umulhisi3.o)
 .text.libgcc.fixed
                0x00000000        0x0 c:/program files (x86)/atmel/studio/7.0/toolchain/avr8/avr8-gnu-toolchain/bin/../lib/gcc/avr/5.4.0/avr5\libgcc.a(_umulhisi3.o)
 .text          0x00000000        0x0 c:/program files (x86)/atmel/studio/7.0/toolchain/avr8/avr8-gnu-toolchain/bin/../lib/gcc/avr/5.4.0/avr5\libgcc.a(_muluhisi3.o)
 .data          0x00000000        0x0 c:/program files (x86)/atmel/studio/7.0/toolchain/avr8/avr8-gnu-toolchain/bin/../lib/gcc/avr/5.4.0/avr5\libgcc.a(_muluhisi3.o)
 .bss           0x00000000        0x0 c:/program files (x86)/atmel/studio/7.0/toolchain/avr8/avr8-gnu-toolchain/bin/../lib/gcc/avr/5.4.0/avr5\libgcc.a(_muluhisi3.o)
 .text.libgcc.div
                0x00000000        0x0 c:/program files (x86)/atmel/studio/7.0/toolchain/avr8/avr8-gnu-toolchain/bin/../lib/gcc/avr/5.4.0/avr5\libgcc.a(_muluhisi3.o)
 .text.libgcc   0x00000000        0x0 c:/program files (x86)/atmel/studio/7.0/toolchain/avr8/avr8-gnu-toolchain/bin/../lib/gcc/avr/5.4.0/avr5\libgcc.a(_muluhisi3.o)
 .text.libgcc.prologue
                0x00000000        0x0 c:/program files (x86)/atmel/studio/7.0/toolchain/avr8/avr8-gnu-toolchain/bin/../lib/gcc/avr/5.4.0/avr5\libgcc.a(_muluhisi3.o)
 .text.libgcc.builtins
                0x00000000        0x0 c:/program files (x86)/atmel/studio/7.0/toolchain/avr8/avr8-gnu-toolchain/bin/../lib/gcc/avr/5.4.0/avr5\libgcc.a(_muluhisi3.o)
 .text.libgcc.fmul
                0x00000000        0x0 c:/program files (x86)/atmel/studio/7.0/toolchain/avr8/avr8-gnu-toolchain/bin/../lib/gcc/avr/5.4.0/avr5\libgcc.a(_muluhisi3.o)
 .text.libgcc.fixed
                0x00000000        0x0 c:/program files (x86)/atmel/studio/7.0/toolchain/avr8/avr8-gnu-toolchain/bin/../lib/gcc/avr/5.4.0/avr5\libgcc.a(_muluhisi3.o)
 .text          0x00000000        0x0 c:/program files (x86)/atmel/studio/7.0/toolchain/avr8/avr8-gnu-toolchain/bin/../lib/gcc/avr/5.4.0/../../../../avr/lib/avr5\libc.a(strlcpy_P.o)
 .data          0x00000000        0x0 c:/program files (x86)/atmel/studio/7.0/toolchain/avr8/avr8-gnu-toolchain/bin/../lib/gcc/avr/5.4.0/../../../../avr/lib/avr5\libc.a(strlcpy_P.o)
 .bss           0x00000000        0x0 c:/program files (x86)/atmel/studio/7.0/toolchain/avr8/avr8-gnu-toolchain/bin/../lib/gcc/avr/5.4.0/../../../../avr/lib/avr5\libc.a(strlcpy_P.o)
 .text          0x00000000        0x0 c:/program files (x86)/atmel/studio/7.0/toolchain/avr8/avr8-gnu-toolchain/bin/../lib/gcc/avr/5.4.0/../../../../avr/lib/avr5\libc.a(strncmp_P.o)
 .data          0x00000000        0x0 c:/program files (x86)/atmel/studio/7.0/toolchain/avr8/avr8-gnu-toolchain/bin/../lib/gcc/avr/5.4.0/../../../../avr/lib/avr5\libc.a(strncmp_P.o)
 .bss           0x00000000        0x0 c:/program files (x86)/atmel/studio/7.0/toolchain/avr8/avr8-gnu-toolchain/bin/../lib/gcc/avr/5.4.0/../../../../avr/lib/avr5\libc.a(strncmp_P.o)
 .text          0x00000000        0x0 c:/program files (x86)/atmel/studio/7.0/toolchain/avr8/avr8-gnu-toolchain/bin/../lib/gcc/avr/5.4.0/../../../../avr/lib/avr5\libc.a(strncpy_P.o)
 .data          0x00000000        0x0 c:/program files (x86)/atmel/studio/7.0/toolchain/avr8/avr8-gnu-toolchain/bin/../lib/gcc/avr/5.4.0/../../../../avr/lib/avr5\libc.a(strncpy_P.o)
 .bss           0x00000000        0x0 c:/program files (x86)/atmel/studio/7.0/toolchain/avr8/avr8-gnu-toolchain/bin/../lib/gcc/avr/5.4.0/../../../../avr/lib/avr5\libc.a(strncpy_P.o)
 .text          0x00000000        0x0 c:/program files (x86)/atmel/studio/7.0/toolchain/avr8/avr8-gnu-toolchain/bin/../lib/gcc/avr/5.4.0/../../../../avr/lib/avr5\libc.a(memset.o)
 .data          0x00000000        0x0 c:/program files (x86)/atmel/studio/7.0/toolchain/avr8/avr8-gnu-toolchain/bin/../lib/gcc/avr/5.4.0/../../../../avr/lib/avr5\libc.a(memset.o)
 .bss           0x00000000        0x0 c:/program files (x86)/atmel/studio/7.0/toolchain/avr8/avr8-gnu-toolchain/bin/../lib/gcc/avr/5.4.0/../../../../avr/lib/avr5\libc.a(memset.o)
 .text          0x00000000        0x0 c:/program files (x86)/atmel/studio/7.0/toolchain/avr8/avr8-gnu-toolchain/bin/../lib/gcc/avr/5.4.0/../../../../avr/lib/avr5\libc.a(strchr.o)
 .data          0x00000000        0x0 c:/program files (x86)/atmel/studio/7.0/toolchain/avr8/avr8-gnu-toolchain/bin/../lib/gcc/avr/5.4.0/../../../../avr/lib/avr5\libc.a(strchr.o)
 .bss           0x00000000        0x0 c:/program files (x86)/atmel/studio/7.0/toolchain/avr8/avr8-gnu-toolchain/bin/../lib/gcc/avr/5.4.0/../../../../avr/lib/avr5\libc.a(strchr.o)
 .text          0x00000000        0x0 c:/program files (x86)/atmel/studio/7.0/toolchain/avr8/avr8-gnu-toolchain/bin/../lib/gcc/avr/5.4.0/../../../../avr/lib/avr5\libc.a(strcmp.o)
 .data          0x00000000        0x0 c:/program files (x86)/atmel/studio/7.0/toolchain/avr8/avr8-gnu-toolchain/bin/../lib/gcc/avr/5.4.0/../../../../avr/lib/avr5\libc.a(strcmp.o)
 .bss           0x00000000        0x0 c:/program files (x86)/atmel/studio/7.0/toolchain/avr8/avr8-gnu-toolchain/bin/../lib/gcc/avr/5.4.0/../../../../avr/lib/avr5\libc.a(strcmp.o)
 .text          0x00000000        0x0 c:/program files (x86)/atmel/studio/7.0/toolchain/avr8/avr8-gnu-toolchain/bin/../lib/gcc/avr/5.4.0/../../../../avr/lib/avr5\libc.a(strlcpy.o)
 .data          0x00000000        0x0 c:/program files (x86)/atmel/studio/7.0/toolchain/avr8/avr8-gnu-toolchain/bin/../lib/gcc/avr/5.4.0/../../../../avr/lib/avr5\libc.a(strlcpy.o)
 .bss           0x00000000        0x0 c:/program files (x86)/atmel/studio/7.0/toolchain/avr8/avr8-gnu-toolchain/bin/../lib/gcc/avr/5.4.0/../../../../avr/lib/avr5\libc.a(strlcpy.o)

Memory Configuration

Name             Origin             Length             Attributes
text             0x00000000         0x00020000         xr
data             0x00800060         0x0000ffa0         rw !x
eeprom           0x00810000         0x00010000         rw !x
fuse             0x00820000         0x00000003         rw !x
lock             0x00830000         0x00000400         rw !x
signature        0x00840000         0x00000400         rw !x
user_signatures  0x00850000         0x00000400         rw !x
*default*        0x00000000         0xffffffff

Linker script and memory map

Address of section .data set to 0x800100
LOAD C:/Program Files (x86)/Atmel/Studio/7.0/Packs/atmel/ATmega_DFP/1.2.132/gcc/dev/atmega328p/avr5/crtatmega328p.o
LOAD debounced_keys.o
LOAD display_util.o
LOAD kc_cass_common.o
LOAD kc_cass_recv_file.o
LOAD kc_cass_send_file.o
LOAD main.o
START GROUP
LOAD c:/program files (x86)/atmel/studio/7.0/toolchain/avr8/avr8-gnu-toolchain/bin/../lib/gcc/avr/5.4.0/../../../../avr/lib/avr5\libm.a
LOAD C:\Users\Bernd\Documents\Atmel Studio\7.0\Cass2SD\Cass2SD\ff_avr\Debug_debugwire\libff_avr.a
LOAD C:\Users\Bernd\Documents\Atmel Studio\7.0\Cass2SD\Cass2SD\lcd\Debug_debugwire\liblcd.a
END GROUP
START GROUP
LOAD c:/program files (x86)/atmel/studio/7.0/toolchain/avr8/avr8-gnu-toolchain/bin/../lib/gcc/avr/5.4.0/avr5\libgcc.a
LOAD c:/program files (x86)/atmel/studio/7.0/toolchain/avr8/avr8-gnu-toolchain/bin/../lib/gcc/avr/5.4.0/../../../../avr/lib/avr5\libm.a
LOAD c:/program files (x86)/atmel/studio/7.0/toolchain/avr8/avr8-gnu-toolchain/bin/../lib/gcc/avr/5.4.0/../../../../avr/lib/avr5\libc.a
LOAD C:/Program Files (x86)/Atmel/Studio/7.0/Packs/atmel/ATmega_DFP/1.2.132/gcc/dev/atmega328p/avr5\libatmega328p.a
END GROUP
                0x00020000                __TEXT_REGION_LENGTH__ = DEFINED (__TEXT_REGION_LENGTH__)?__TEXT_REGION_LENGTH__:0x20000
                0x0000ffa0                __DATA_REGION_LENGTH__ = DEFINED (__DATA_REGION_LENGTH__)?__DATA_REGION_LENGTH__:0xffa0
                0x00010000                __EEPROM_REGION_LENGTH__ = DEFINED (__EEPROM_REGION_LENGTH__)?__EEPROM_REGION_LENGTH__:0x10000
                [0x00000003]                __FUSE_REGION_LENGTH__ = DEFINED (__FUSE_REGION_LENGTH__)?__FUSE_REGION_LENGTH__:0x400
                0x00000400                __LOCK_REGION_LENGTH__ = DEFINED (__LOCK_REGION_LENGTH__)?__LOCK_REGION_LENGTH__:0x400
                0x00000400                __SIGNATURE_REGION_LENGTH__ = DEFINED (__SIGNATURE_REGION_LENGTH__)?__SIGNATURE_REGION_LENGTH__:0x400
                0x00000400                __USER_SIGNATURE_REGION_LENGTH__ = DEFINED (__USER_SIGNATURE_REGION_LENGTH__)?__USER_SIGNATURE_REGION_LENGTH__:0x400

.hash
 *(.hash)

.dynsym
 *(.dynsym)

.dynstr
 *(.dynstr)

.gnu.version
 *(.gnu.version)

.gnu.version_d
 *(.gnu.version_d)

.gnu.version_r
 *(.gnu.version_r)

.rel.init
 *(.rel.init)

.rela.init
 *(.rela.init)

.rel.text
 *(.rel.text)
 *(.rel.text.*)
 *(.rel.gnu.linkonce.t*)

.rela.text
 *(.rela.text)
 *(.rela.text.*)
 *(.rela.gnu.linkonce.t*)

.rel.fini
 *(.rel.fini)

.rela.fini
 *(.rela.fini)

.rel.rodata
 *(.rel.rodata)
 *(.rel.rodata.*)
 *(.rel.gnu.linkonce.r*)

.rela.rodata
 *(.rela.rodata)
 *(.rela.rodata.*)
 *(.rela.gnu.linkonce.r*)

.rel.data
 *(.rel.data)
 *(.rel.data.*)
 *(.rel.gnu.linkonce.d*)

.rela.data
 *(.rela.data)
 *(.rela.data.*)
 *(.rela.gnu.linkonce.d*)

.rel.ctors
 *(.rel.ctors)

.rela.ctors
 *(.rela.ctors)

.rel.dtors
 *(.rel.dtors)

.rela.dtors
 *(.rela.dtors)

.rel.got
 *(.rel.got)

.rela.got
 *(.rela.got)

.rel.bss
 *(.rel.bss)

.rela.bss
 *(.rela.bss)

.rel.plt
 *(.rel.plt)

.rela.plt
 *(.rela.plt)

.text           0x00000000     0x679c
 *(.vectors)
 .vectors       0x00000000       0x68 C:/Program Files (x86)/Atmel/Studio/7.0/Packs/atmel/ATmega_DFP/1.2.132/gcc/dev/atmega328p/avr5/crtatmega328p.o
                0x00000000                __vector_default
                0x00000000                __vectors
 *(.vectors)
 *(.progmem.gcc*)
 .progmem.gcc_sw_table.mmc_disk_ioctl
                0x00000068       0x74 C:\Users\Bernd\Documents\Atmel Studio\7.0\Cass2SD\Cass2SD\ff_avr\Debug_debugwire\libff_avr.a(mmc_avr_spi.o)
                0x000000dc                . = ALIGN (0x2)
                0x000000dc                __trampolines_start = .
 *(.trampolines)
 .trampolines   0x000000dc        0x0 linker stubs
 *(.trampolines*)
                0x000000dc                __trampolines_end = .
 *libprintf_flt.a:*(.progmem.data)
 *libc.a:*(.progmem.data)
 *(.progmem*)
 .progmem.data.__c.2549
                0x000000dc        0xb display_util.o
 .progmem.data.__c.2537
                0x000000e7        0x8 display_util.o
 .progmem.data.__c.2504
                0x000000ef        0x5 display_util.o
 .progmem.data.__c.2499
                0x000000f4        0xe display_util.o
 .progmem.data.__c.2497
                0x00000102        0x7 display_util.o
 .progmem.data.__c.2495
                0x00000109        0xe display_util.o
 .progmem.data.__c.2493
                0x00000117       0x11 display_util.o
 .progmem.data.__c.2486
                0x00000128        0x5 display_util.o
 .progmem.data.__c.2481
                0x0000012d        0xf display_util.o
 .progmem.data.__c.2469
                0x0000013c        0x7 display_util.o
 .progmem.data.__c.2445
                0x00000143        0x6 display_util.o
 .progmem.data.__c.2443
                0x00000149        0x6 display_util.o
 .progmem.data.str.2429
                0x0000014f       0xd1 display_util.o
 .progmem.data.vol_free_str_FS_EXFAT
                0x00000220        0xe display_util.o
                0x00000220                vol_free_str_FS_EXFAT
 .progmem.data.vol_free_str_FS_FAT32
                0x0000022e        0xe display_util.o
                0x0000022e                vol_free_str_FS_FAT32
 .progmem.data.vol_free_str_FS_FAT16
                0x0000023c        0xe display_util.o
                0x0000023c                vol_free_str_FS_FAT16
 .progmem.data.vol_free_str_FS_FAT12
                0x0000024a        0xe display_util.o
                0x0000024a                vol_free_str_FS_FAT12
 .progmem.data.vol_free_str_unknown
                0x00000258        0xb display_util.o
                0x00000258                vol_free_str_unknown
 .progmem.data.vol_name_str
                0x00000263        0x7 display_util.o
                0x00000263                vol_name_str
 .progmem.data.msg_block_too_short_str
                0x0000026a       0x11 display_util.o
                0x0000026a                msg_block_too_short_str
 .progmem.data.msg_error_str
                0x0000027b        0x6 display_util.o
                0x0000027b                msg_error_str
 .progmem.data.pct_d_str
                0x00000281        0x3 display_util.o
                0x00000281                pct_d_str
 .progmem.data.pct_s_str
                0x00000284        0x3 display_util.o
                0x00000284                pct_s_str
 .progmem.data.empty_dir_str
                0x00000287        0xc display_util.o
                0x00000287                empty_dir_str
 .progmem.data.dir_str
                0x00000293        0x6 display_util.o
                0x00000293                dir_str
 .progmem.data.dotdotdir_str
                0x00000299        0xb display_util.o
                0x00000299                dotdotdir_str
 .progmem.data.__c.2512
                0x000002a4        0xe kc_cass_common.o
 .progmem.data.__c.2510
                0x000002b2        0x7 kc_cass_common.o
 .progmem.data.tap_header_str
                0x000002b9       0x11 kc_cass_common.o
                0x000002b9                tap_header_str
 .progmem.data.__c.2459
                0x000002ca        0x4 kc_cass_recv_file.o
 .progmem.data.__c.2457
                0x000002ce        0x9 kc_cass_recv_file.o
 .progmem.data.__c.2496
                0x000002d7        0x1 kc_cass_recv_file.o
 .progmem.data.__c.2493
                0x000002d8       0x11 kc_cass_recv_file.o
 .progmem.data.__c.2491
                0x000002e9        0xc kc_cass_recv_file.o
 .progmem.data.__c.2489
                0x000002f5        0xb kc_cass_recv_file.o
 .progmem.data.__c.2487
                0x00000300        0xf kc_cass_recv_file.o
 .progmem.data.__c.2484
                0x0000030f        0xf kc_cass_recv_file.o
 .progmem.data.__c.2482
                0x0000031e        0xe kc_cass_recv_file.o
 .progmem.data.__c.2480
                0x0000032c        0xf kc_cass_recv_file.o
 .progmem.data.__c.2474
                0x0000033b        0x9 kc_cass_recv_file.o
 .progmem.data.msg_info_saved_str
                0x00000344       0x11 kc_cass_recv_file.o
                0x00000344                msg_info_saved_str
 .progmem.data.__c.2243
                0x00000355        0xf kc_cass_send_file.o
 .progmem.data.__c.2231
                0x00000364        0xa kc_cass_send_file.o
 .progmem.data.__c.2233
                0x0000036e        0xd kc_cass_send_file.o
 .progmem.data.__c.2468
                0x0000037b        0x8 main.o
 .progmem.data.__c.2466
                0x00000383        0xd main.o
                0x00000390                . = ALIGN (0x2)
 *(.jumptables)
 *(.jumptables*)
 *(.lowtext)
 *(.lowtext*)
                0x00000390                __ctors_start = .
 *(.ctors)
                0x00000390                __ctors_end = .
                0x00000390                __dtors_start = .
 *(.dtors)
                0x00000390                __dtors_end = .
 SORT(*)(.ctors)
 SORT(*)(.dtors)
 *(.init0)
 .init0         0x00000390        0x0 C:/Program Files (x86)/Atmel/Studio/7.0/Packs/atmel/ATmega_DFP/1.2.132/gcc/dev/atmega328p/avr5/crtatmega328p.o
                0x00000390                __init
 *(.init0)
 *(.init1)
 *(.init1)
 *(.init2)
 .init2         0x00000390        0xc C:/Program Files (x86)/Atmel/Studio/7.0/Packs/atmel/ATmega_DFP/1.2.132/gcc/dev/atmega328p/avr5/crtatmega328p.o
 *(.init2)
 *(.init3)
 *(.init3)
 *(.init4)
 .init4         0x0000039c       0x16 c:/program files (x86)/atmel/studio/7.0/toolchain/avr8/avr8-gnu-toolchain/bin/../lib/gcc/avr/5.4.0/avr5\libgcc.a(_copy_data.o)
                0x0000039c                __do_copy_data
 .init4         0x000003b2       0x10 c:/program files (x86)/atmel/studio/7.0/toolchain/avr8/avr8-gnu-toolchain/bin/../lib/gcc/avr/5.4.0/avr5\libgcc.a(_clear_bss.o)
                0x000003b2                __do_clear_bss
 *(.init4)
 *(.init5)
 *(.init5)
 *(.init6)
 *(.init6)
 *(.init7)
 *(.init7)
 *(.init8)
 *(.init8)
 *(.init9)
 .init9         0x000003c2        0x8 C:/Program Files (x86)/Atmel/Studio/7.0/Packs/atmel/ATmega_DFP/1.2.132/gcc/dev/atmega328p/avr5/crtatmega328p.o
 *(.init9)
 *(.text)
 .text          0x000003ca        0x2 C:/Program Files (x86)/Atmel/Studio/7.0/Packs/atmel/ATmega_DFP/1.2.132/gcc/dev/atmega328p/avr5/crtatmega328p.o
                0x000003ca                __vector_22
                0x000003ca                __vector_24
                0x000003ca                __vector_12
                0x000003ca                __bad_interrupt
                0x000003ca                __vector_6
                0x000003ca                __vector_3
                0x000003ca                __vector_23
                0x000003ca                __vector_25
                0x000003ca                __vector_13
                0x000003ca                __vector_17
                0x000003ca                __vector_19
                0x000003ca                __vector_5
                0x000003ca                __vector_4
                0x000003ca                __vector_9
                0x000003ca                __vector_2
                0x000003ca                __vector_21
                0x000003ca                __vector_15
                0x000003ca                __vector_8
                0x000003ca                __vector_10
                0x000003ca                __vector_16
                0x000003ca                __vector_18
                0x000003ca                __vector_20
 .text          0x000003cc      0x26a C:\Users\Bernd\Documents\Atmel Studio\7.0\Cass2SD\Cass2SD\ff_avr\Debug_debugwire\libff_avr.a(xitoa.o)
                0x000003cc                xputc
                0x000003ee                xputs
                0x000003fc                xitoa
                0x00000520                xprintf
                0x0000053a                xsprintf
                0x00000580                xatoi
                0x00000636                . = ALIGN (0x2)
 *(.text.*)
 .text.keys_init
                0x00000636       0xe2 debounced_keys.o
                0x00000636                keys_init
 .text.handle_keys
                0x00000718      0x158 debounced_keys.o
                0x00000718                handle_keys
 .text.display_fresult
                0x00000870       0x7e display_util.o
                0x00000870                display_fresult
 .text.disp_fr_err
                0x000008ee       0x20 display_util.o
                0x000008ee                disp_fr_err
 .text.display_fileinfo
                0x0000090e      0x240 display_util.o
                0x0000090e                display_fileinfo
 .text.display_prev
                0x00000b4e       0x5c display_util.o
                0x00000b4e                display_prev
 .text.display_next
                0x00000baa       0x52 display_util.o
                0x00000baa                display_next
 .text.display_by_name
                0x00000bfc       0x98 display_util.o
                0x00000bfc                display_by_name
 .text.display_sendinfo
                0x00000c94       0xc6 display_util.o
                0x00000c94                display_sendinfo
 .text.display_upd_sendinfo
                0x00000d5a       0x26 display_util.o
                0x00000d5a                display_upd_sendinfo
 .text.display_recvinfo
                0x00000d80       0x84 display_util.o
                0x00000d80                display_recvinfo
 .text.display_upd_recvinfo
                0x00000e04       0x26 display_util.o
                0x00000e04                display_upd_recvinfo
 .text.disp_msg_p
                0x00000e2a       0x4c display_util.o
                0x00000e2a                disp_msg_p
 .text.disp_util_fill_dir_name
                0x00000e76       0x8a display_util.o
                0x00000e76                disp_util_fill_dir_name
 .text.display_file_details
                0x00000f00      0x1e4 display_util.o
                0x00000f00                display_file_details
 .text.detect_block_len
                0x000010e4      0x142 kc_cass_common.o
 .text.__vector_7
                0x00001226       0xec kc_cass_common.o
                0x00001226                __vector_7
 .text.disk_and_debounce_timer_start
                0x00001312        0xe kc_cass_common.o
                0x00001312                disk_and_debounce_timer_start
 .text.disk_and_debounce_timer_init
                0x00001320       0x10 kc_cass_common.o
                0x00001320                disk_and_debounce_timer_init
 .text.calculate_checksum
                0x00001330       0x1a kc_cass_common.o
                0x00001330                calculate_checksum
 .text.check_is_basic_fcb
                0x0000134a       0x2a kc_cass_common.o
                0x0000134a                check_is_basic_fcb
 .text.check_non_tap_types
                0x00001374      0x3d2 kc_cass_common.o
 .text.check_tap_types
                0x00001746      0x136 kc_cass_common.o
 .text.load_first_block_and_check_type
                0x0000187c      0x118 kc_cass_common.o
                0x0000187c                load_first_block_and_check_type
 .text.reset_recv_state
                0x00001994       0x2c kc_cass_recv_file.o
 .text.get_filename_from_fcb
                0x000019c0       0x9c kc_cass_recv_file.o
 .text.__vector_11
                0x00001a5c       0x46 kc_cass_recv_file.o
                0x00001a5c                __vector_11
 .text.__vector_1
                0x00001aa2      0x19e kc_cass_recv_file.o
                0x00001aa2                __vector_1
 .text.kc_cass_recv_file_init
                0x00001c40       0x44 kc_cass_recv_file.o
                0x00001c40                kc_cass_recv_file_init
 .text.kc_cass_recv_file_disable
                0x00001c84       0x10 kc_cass_recv_file.o
                0x00001c84                kc_cass_recv_file_disable
 .text.kc_cass_handle_recv_file
                0x00001c94      0x318 kc_cass_recv_file.o
                0x00001c94                kc_cass_handle_recv_file
 .text.config_and_start_timer_sendfile
                0x00001fac       0x14 kc_cass_send_file.o
 .text.send_bit
                0x00001fc0       0x46 kc_cass_send_file.o
 .text.send_byte
                0x00002006       0x44 kc_cass_send_file.o
 .text.__vector_14
                0x0000204a       0x56 kc_cass_send_file.o
                0x0000204a                __vector_14
 .text.kc_cass_send_file_init
                0x000020a0        0xe kc_cass_send_file.o
                0x000020a0                kc_cass_send_file_init
 .text.send_file
                0x000020ae      0x208 kc_cass_send_file.o
                0x000020ae                send_file
 .text.power_save_config
                0x000022b6       0x36 main.o
 .text.main     0x000022ec      0x1da main.o
                0x000022ec                main
 .text.disk_status
                0x000024c6        0xe C:\Users\Bernd\Documents\Atmel Studio\7.0\Cass2SD\Cass2SD\ff_avr\Debug_debugwire\libff_avr.a(diskio.o)
                0x000024c6                disk_status
 .text.disk_initialize
                0x000024d4        0xe C:\Users\Bernd\Documents\Atmel Studio\7.0\Cass2SD\Cass2SD\ff_avr\Debug_debugwire\libff_avr.a(diskio.o)
                0x000024d4                disk_initialize
 .text.disk_read
                0x000024e2       0x22 C:\Users\Bernd\Documents\Atmel Studio\7.0\Cass2SD\Cass2SD\ff_avr\Debug_debugwire\libff_avr.a(diskio.o)
                0x000024e2                disk_read
 .text.disk_write
                0x00002504       0x22 C:\Users\Bernd\Documents\Atmel Studio\7.0\Cass2SD\Cass2SD\ff_avr\Debug_debugwire\libff_avr.a(diskio.o)
                0x00002504                disk_write
 .text.disk_ioctl
                0x00002526       0x14 C:\Users\Bernd\Documents\Atmel Studio\7.0\Cass2SD\Cass2SD\ff_avr\Debug_debugwire\libff_avr.a(diskio.o)
                0x00002526                disk_ioctl
 .text.disk_timerproc
                0x0000253a        0x6 C:\Users\Bernd\Documents\Atmel Studio\7.0\Cass2SD\Cass2SD\ff_avr\Debug_debugwire\libff_avr.a(diskio.o)
                0x0000253a                disk_timerproc
 .text.ld_word  0x00002540       0x14 C:\Users\Bernd\Documents\Atmel Studio\7.0\Cass2SD\Cass2SD\ff_avr\Debug_debugwire\libff_avr.a(ff.o)
 .text.ld_dword
                0x00002554       0x36 C:\Users\Bernd\Documents\Atmel Studio\7.0\Cass2SD\Cass2SD\ff_avr\Debug_debugwire\libff_avr.a(ff.o)
 .text.st_word  0x0000258a        0x8 C:\Users\Bernd\Documents\Atmel Studio\7.0\Cass2SD\Cass2SD\ff_avr\Debug_debugwire\libff_avr.a(ff.o)
 .text.st_dword
                0x00002592        0xc C:\Users\Bernd\Documents\Atmel Studio\7.0\Cass2SD\Cass2SD\ff_avr\Debug_debugwire\libff_avr.a(ff.o)
 .text.mem_cpy  0x0000259e       0x1e C:\Users\Bernd\Documents\Atmel Studio\7.0\Cass2SD\Cass2SD\ff_avr\Debug_debugwire\libff_avr.a(ff.o)
 .text.mem_set  0x000025bc       0x12 C:\Users\Bernd\Documents\Atmel Studio\7.0\Cass2SD\Cass2SD\ff_avr\Debug_debugwire\libff_avr.a(ff.o)
 .text.mem_cmp  0x000025ce       0x30 C:\Users\Bernd\Documents\Atmel Studio\7.0\Cass2SD\Cass2SD\ff_avr\Debug_debugwire\libff_avr.a(ff.o)
 .text.chk_chr  0x000025fe       0x22 C:\Users\Bernd\Documents\Atmel Studio\7.0\Cass2SD\Cass2SD\ff_avr\Debug_debugwire\libff_avr.a(ff.o)
 .text.clust2sect
                0x00002620       0x50 C:\Users\Bernd\Documents\Atmel Studio\7.0\Cass2SD\Cass2SD\ff_avr\Debug_debugwire\libff_avr.a(ff.o)
 .text.ld_clust
                0x00002670       0x56 C:\Users\Bernd\Documents\Atmel Studio\7.0\Cass2SD\Cass2SD\ff_avr\Debug_debugwire\libff_avr.a(ff.o)
 .text.st_clust
                0x000026c6       0x46 C:\Users\Bernd\Documents\Atmel Studio\7.0\Cass2SD\Cass2SD\ff_avr\Debug_debugwire\libff_avr.a(ff.o)
 .text.get_fileinfo
                0x0000270c       0xac C:\Users\Bernd\Documents\Atmel Studio\7.0\Cass2SD\Cass2SD\ff_avr\Debug_debugwire\libff_avr.a(ff.o)
 .text.create_name
                0x000027b8      0x1c8 C:\Users\Bernd\Documents\Atmel Studio\7.0\Cass2SD\Cass2SD\ff_avr\Debug_debugwire\libff_avr.a(ff.o)
 .text.get_ldnumber
                0x00002980       0x6e C:\Users\Bernd\Documents\Atmel Studio\7.0\Cass2SD\Cass2SD\ff_avr\Debug_debugwire\libff_avr.a(ff.o)
 .text.validate
                0x000029ee       0x58 C:\Users\Bernd\Documents\Atmel Studio\7.0\Cass2SD\Cass2SD\ff_avr\Debug_debugwire\libff_avr.a(ff.o)
 .text.sync_window
                0x00002a46       0xd0 C:\Users\Bernd\Documents\Atmel Studio\7.0\Cass2SD\Cass2SD\ff_avr\Debug_debugwire\libff_avr.a(ff.o)
 .text.move_window
                0x00002b16       0x80 C:\Users\Bernd\Documents\Atmel Studio\7.0\Cass2SD\Cass2SD\ff_avr\Debug_debugwire\libff_avr.a(ff.o)
 .text.check_fs
                0x00002b96       0x86 C:\Users\Bernd\Documents\Atmel Studio\7.0\Cass2SD\Cass2SD\ff_avr\Debug_debugwire\libff_avr.a(ff.o)
 .text.find_volume
                0x00002c1c      0x594 C:\Users\Bernd\Documents\Atmel Studio\7.0\Cass2SD\Cass2SD\ff_avr\Debug_debugwire\libff_avr.a(ff.o)
 .text.put_fat  0x000031b0      0x252 C:\Users\Bernd\Documents\Atmel Studio\7.0\Cass2SD\Cass2SD\ff_avr\Debug_debugwire\libff_avr.a(ff.o)
 .text.get_fat  0x00003402      0x1c0 C:\Users\Bernd\Documents\Atmel Studio\7.0\Cass2SD\Cass2SD\ff_avr\Debug_debugwire\libff_avr.a(ff.o)
 .text.dir_sdi  0x000035c2      0x1da C:\Users\Bernd\Documents\Atmel Studio\7.0\Cass2SD\Cass2SD\ff_avr\Debug_debugwire\libff_avr.a(ff.o)
 .text.create_chain
                0x0000379c      0x204 C:\Users\Bernd\Documents\Atmel Studio\7.0\Cass2SD\Cass2SD\ff_avr\Debug_debugwire\libff_avr.a(ff.o)
 .text.remove_chain
                0x000039a0      0x136 C:\Users\Bernd\Documents\Atmel Studio\7.0\Cass2SD\Cass2SD\ff_avr\Debug_debugwire\libff_avr.a(ff.o)
 .text.dir_next
                0x00003ad6      0x288 C:\Users\Bernd\Documents\Atmel Studio\7.0\Cass2SD\Cass2SD\ff_avr\Debug_debugwire\libff_avr.a(ff.o)
 .text.dir_find
                0x00003d5e       0x86 C:\Users\Bernd\Documents\Atmel Studio\7.0\Cass2SD\Cass2SD\ff_avr\Debug_debugwire\libff_avr.a(ff.o)
 .text.follow_path
                0x00003de4      0x132 C:\Users\Bernd\Documents\Atmel Studio\7.0\Cass2SD\Cass2SD\ff_avr\Debug_debugwire\libff_avr.a(ff.o)
 .text.dir_alloc
                0x00003f16       0x80 C:\Users\Bernd\Documents\Atmel Studio\7.0\Cass2SD\Cass2SD\ff_avr\Debug_debugwire\libff_avr.a(ff.o)
 .text.dir_register
                0x00003f96       0x6a C:\Users\Bernd\Documents\Atmel Studio\7.0\Cass2SD\Cass2SD\ff_avr\Debug_debugwire\libff_avr.a(ff.o)
 .text.dir_read
                0x00004000       0x96 C:\Users\Bernd\Documents\Atmel Studio\7.0\Cass2SD\Cass2SD\ff_avr\Debug_debugwire\libff_avr.a(ff.o)
 .text.sync_fs  0x00004096       0xea C:\Users\Bernd\Documents\Atmel Studio\7.0\Cass2SD\Cass2SD\ff_avr\Debug_debugwire\libff_avr.a(ff.o)
 .text.f_mount  0x00004180       0x9a C:\Users\Bernd\Documents\Atmel Studio\7.0\Cass2SD\Cass2SD\ff_avr\Debug_debugwire\libff_avr.a(ff.o)
                0x00004180                f_mount
 .text.f_open   0x0000421a      0x358 C:\Users\Bernd\Documents\Atmel Studio\7.0\Cass2SD\Cass2SD\ff_avr\Debug_debugwire\libff_avr.a(ff.o)
                0x0000421a                f_open
 .text.f_read   0x00004572      0x2f2 C:\Users\Bernd\Documents\Atmel Studio\7.0\Cass2SD\Cass2SD\ff_avr\Debug_debugwire\libff_avr.a(ff.o)
                0x00004572                f_read
 .text.f_write  0x00004864      0x3ca C:\Users\Bernd\Documents\Atmel Studio\7.0\Cass2SD\Cass2SD\ff_avr\Debug_debugwire\libff_avr.a(ff.o)
                0x00004864                f_write
 .text.f_sync   0x00004c2e       0xb6 C:\Users\Bernd\Documents\Atmel Studio\7.0\Cass2SD\Cass2SD\ff_avr\Debug_debugwire\libff_avr.a(ff.o)
                0x00004c2e                f_sync
 .text.f_close  0x00004ce4       0x3a C:\Users\Bernd\Documents\Atmel Studio\7.0\Cass2SD\Cass2SD\ff_avr\Debug_debugwire\libff_avr.a(ff.o)
                0x00004ce4                f_close
 .text.f_chdir  0x00004d1e       0xb4 C:\Users\Bernd\Documents\Atmel Studio\7.0\Cass2SD\Cass2SD\ff_avr\Debug_debugwire\libff_avr.a(ff.o)
                0x00004d1e                f_chdir
 .text.f_getcwd
                0x00004dd2      0x20a C:\Users\Bernd\Documents\Atmel Studio\7.0\Cass2SD\Cass2SD\ff_avr\Debug_debugwire\libff_avr.a(ff.o)
                0x00004dd2                f_getcwd
 .text.f_lseek  0x00004fdc      0x394 C:\Users\Bernd\Documents\Atmel Studio\7.0\Cass2SD\Cass2SD\ff_avr\Debug_debugwire\libff_avr.a(ff.o)
                0x00004fdc                f_lseek
 .text.f_opendir
                0x00005370       0xd8 C:\Users\Bernd\Documents\Atmel Studio\7.0\Cass2SD\Cass2SD\ff_avr\Debug_debugwire\libff_avr.a(ff.o)
                0x00005370                f_opendir
 .text.f_readdir
                0x00005448       0x8a C:\Users\Bernd\Documents\Atmel Studio\7.0\Cass2SD\Cass2SD\ff_avr\Debug_debugwire\libff_avr.a(ff.o)
                0x00005448                f_readdir
 .text.f_getfree
                0x000054d2      0x22c C:\Users\Bernd\Documents\Atmel Studio\7.0\Cass2SD\Cass2SD\ff_avr\Debug_debugwire\libff_avr.a(ff.o)
                0x000054d2                f_getfree
 .text.f_getlabel
                0x000056fe      0x148 C:\Users\Bernd\Documents\Atmel Studio\7.0\Cass2SD\Cass2SD\ff_avr\Debug_debugwire\libff_avr.a(ff.o)
                0x000056fe                f_getlabel
 .text.power_on
                0x00005846       0x1c C:\Users\Bernd\Documents\Atmel Studio\7.0\Cass2SD\Cass2SD\ff_avr\Debug_debugwire\libff_avr.a(mmc_avr_spi.o)
 .text.power_off
                0x00005862        0xe C:\Users\Bernd\Documents\Atmel Studio\7.0\Cass2SD\Cass2SD\ff_avr\Debug_debugwire\libff_avr.a(mmc_avr_spi.o)
 .text.xchg_spi
                0x00005870        0xc C:\Users\Bernd\Documents\Atmel Studio\7.0\Cass2SD\Cass2SD\ff_avr\Debug_debugwire\libff_avr.a(mmc_avr_spi.o)
 .text.rcvr_spi_multi
                0x0000587c       0x30 C:\Users\Bernd\Documents\Atmel Studio\7.0\Cass2SD\Cass2SD\ff_avr\Debug_debugwire\libff_avr.a(mmc_avr_spi.o)
 .text.xmit_spi_multi
                0x000058ac       0x28 C:\Users\Bernd\Documents\Atmel Studio\7.0\Cass2SD\Cass2SD\ff_avr\Debug_debugwire\libff_avr.a(mmc_avr_spi.o)
 .text.wait_ready
                0x000058d4       0x36 C:\Users\Bernd\Documents\Atmel Studio\7.0\Cass2SD\Cass2SD\ff_avr\Debug_debugwire\libff_avr.a(mmc_avr_spi.o)
 .text.deselect
                0x0000590a        0xc C:\Users\Bernd\Documents\Atmel Studio\7.0\Cass2SD\Cass2SD\ff_avr\Debug_debugwire\libff_avr.a(mmc_avr_spi.o)
 .text.select   0x00005916       0x2a C:\Users\Bernd\Documents\Atmel Studio\7.0\Cass2SD\Cass2SD\ff_avr\Debug_debugwire\libff_avr.a(mmc_avr_spi.o)
 .text.rcvr_datablock
                0x00005940       0x48 C:\Users\Bernd\Documents\Atmel Studio\7.0\Cass2SD\Cass2SD\ff_avr\Debug_debugwire\libff_avr.a(mmc_avr_spi.o)
 .text.xmit_datablock
                0x00005988       0x4c C:\Users\Bernd\Documents\Atmel Studio\7.0\Cass2SD\Cass2SD\ff_avr\Debug_debugwire\libff_avr.a(mmc_avr_spi.o)
 .text.send_cmd
                0x000059d4       0x94 C:\Users\Bernd\Documents\Atmel Studio\7.0\Cass2SD\Cass2SD\ff_avr\Debug_debugwire\libff_avr.a(mmc_avr_spi.o)
 .text.mmc_disk_initialize
                0x00005a68      0x1b6 C:\Users\Bernd\Documents\Atmel Studio\7.0\Cass2SD\Cass2SD\ff_avr\Debug_debugwire\libff_avr.a(mmc_avr_spi.o)
                0x00005a68                mmc_disk_initialize
 .text.mmc_disk_status
                0x00005c1e        0x6 C:\Users\Bernd\Documents\Atmel Studio\7.0\Cass2SD\Cass2SD\ff_avr\Debug_debugwire\libff_avr.a(mmc_avr_spi.o)
                0x00005c1e                mmc_disk_status
 .text.mmc_disk_read
                0x00005c24       0x9a C:\Users\Bernd\Documents\Atmel Studio\7.0\Cass2SD\Cass2SD\ff_avr\Debug_debugwire\libff_avr.a(mmc_avr_spi.o)
                0x00005c24                mmc_disk_read
 .text.mmc_disk_write
                0x00005cbe       0xd8 C:\Users\Bernd\Documents\Atmel Studio\7.0\Cass2SD\Cass2SD\ff_avr\Debug_debugwire\libff_avr.a(mmc_avr_spi.o)
                0x00005cbe                mmc_disk_write
 .text.mmc_disk_ioctl
                0x00005d96      0x704 C:\Users\Bernd\Documents\Atmel Studio\7.0\Cass2SD\Cass2SD\ff_avr\Debug_debugwire\libff_avr.a(mmc_avr_spi.o)
                0x00005d96                mmc_disk_ioctl
 .text.mmc_disk_timerproc
                0x0000649a       0x28 C:\Users\Bernd\Documents\Atmel Studio\7.0\Cass2SD\Cass2SD\ff_avr\Debug_debugwire\libff_avr.a(mmc_avr_spi.o)
                0x0000649a                mmc_disk_timerproc
 .text.toggle_e
                0x000064c2       0x16 C:\Users\Bernd\Documents\Atmel Studio\7.0\Cass2SD\Cass2SD\lcd\Debug_debugwire\liblcd.a(lcd.o)
 .text.lcd_write
                0x000064d8       0x46 C:\Users\Bernd\Documents\Atmel Studio\7.0\Cass2SD\Cass2SD\lcd\Debug_debugwire\liblcd.a(lcd.o)
 .text.lcd_read
                0x0000651e       0x5c C:\Users\Bernd\Documents\Atmel Studio\7.0\Cass2SD\Cass2SD\lcd\Debug_debugwire\liblcd.a(lcd.o)
 .text.lcd_waitbusy
                0x0000657a       0x16 C:\Users\Bernd\Documents\Atmel Studio\7.0\Cass2SD\Cass2SD\lcd\Debug_debugwire\liblcd.a(lcd.o)
 .text.lcd_command
                0x00006590       0x10 C:\Users\Bernd\Documents\Atmel Studio\7.0\Cass2SD\Cass2SD\lcd\Debug_debugwire\liblcd.a(lcd.o)
                0x00006590                lcd_command
 .text.lcd_gotoxy
                0x000065a0       0x10 C:\Users\Bernd\Documents\Atmel Studio\7.0\Cass2SD\Cass2SD\lcd\Debug_debugwire\liblcd.a(lcd.o)
                0x000065a0                lcd_gotoxy
 .text.lcd_clrscr
                0x000065b0        0x6 C:\Users\Bernd\Documents\Atmel Studio\7.0\Cass2SD\Cass2SD\lcd\Debug_debugwire\liblcd.a(lcd.o)
                0x000065b0                lcd_clrscr
 .text.lcd_putc
                0x000065b6       0x24 C:\Users\Bernd\Documents\Atmel Studio\7.0\Cass2SD\Cass2SD\lcd\Debug_debugwire\liblcd.a(lcd.o)
                0x000065b6                lcd_putc
 .text.lcd_init
                0x000065da       0x7c C:\Users\Bernd\Documents\Atmel Studio\7.0\Cass2SD\Cass2SD\lcd\Debug_debugwire\liblcd.a(lcd.o)
                0x000065da                lcd_init
 .text.libgcc.div
                0x00006656       0x44 c:/program files (x86)/atmel/studio/7.0/toolchain/avr8/avr8-gnu-toolchain/bin/../lib/gcc/avr/5.4.0/avr5\libgcc.a(_udivmodsi4.o)
                0x00006656                __udivmodsi4
 .text.libgcc   0x0000669a        0xc c:/program files (x86)/atmel/studio/7.0/toolchain/avr8/avr8-gnu-toolchain/bin/../lib/gcc/avr/5.4.0/avr5\libgcc.a(_tablejump2.o)
                0x0000669a                __tablejump2__
 .text.libgcc.mul
                0x000066a6       0x1e c:/program files (x86)/atmel/studio/7.0/toolchain/avr8/avr8-gnu-toolchain/bin/../lib/gcc/avr/5.4.0/avr5\libgcc.a(_umulhisi3.o)
                0x000066a6                __umulhisi3
 .text.libgcc.mul
                0x000066c4       0x14 c:/program files (x86)/atmel/studio/7.0/toolchain/avr8/avr8-gnu-toolchain/bin/../lib/gcc/avr/5.4.0/avr5\libgcc.a(_muluhisi3.o)
                0x000066c4                __muluhisi3
 .text.avr-libc
                0x000066d8       0x28 c:/program files (x86)/atmel/studio/7.0/toolchain/avr8/avr8-gnu-toolchain/bin/../lib/gcc/avr/5.4.0/../../../../avr/lib/avr5\libc.a(strlcpy_P.o)
                0x000066d8                strlcpy_P
 .text.avr-libc
                0x00006700       0x1c c:/program files (x86)/atmel/studio/7.0/toolchain/avr8/avr8-gnu-toolchain/bin/../lib/gcc/avr/5.4.0/../../../../avr/lib/avr5\libc.a(strncmp_P.o)
                0x00006700                strncmp_P
 .text.avr-libc
                0x0000671c       0x1e c:/program files (x86)/atmel/studio/7.0/toolchain/avr8/avr8-gnu-toolchain/bin/../lib/gcc/avr/5.4.0/../../../../avr/lib/avr5\libc.a(strncpy_P.o)
                0x0000671c                strncpy_P
 .text.avr-libc
                0x0000673a        0xe c:/program files (x86)/atmel/studio/7.0/toolchain/avr8/avr8-gnu-toolchain/bin/../lib/gcc/avr/5.4.0/../../../../avr/lib/avr5\libc.a(memset.o)
                0x0000673a                memset
 .text.avr-libc
                0x00006748       0x16 c:/program files (x86)/atmel/studio/7.0/toolchain/avr8/avr8-gnu-toolchain/bin/../lib/gcc/avr/5.4.0/../../../../avr/lib/avr5\libc.a(strchr.o)
                0x00006748                strchr
 .text.avr-libc
                0x0000675e       0x12 c:/program files (x86)/atmel/studio/7.0/toolchain/avr8/avr8-gnu-toolchain/bin/../lib/gcc/avr/5.4.0/../../../../avr/lib/avr5\libc.a(strcmp.o)
                0x0000675e                strcmp
 .text.avr-libc
                0x00006770       0x28 c:/program files (x86)/atmel/studio/7.0/toolchain/avr8/avr8-gnu-toolchain/bin/../lib/gcc/avr/5.4.0/../../../../avr/lib/avr5\libc.a(strlcpy.o)
                0x00006770                strlcpy
                0x00006798                . = ALIGN (0x2)
 *(.fini9)
 .fini9         0x00006798        0x0 c:/program files (x86)/atmel/studio/7.0/toolchain/avr8/avr8-gnu-toolchain/bin/../lib/gcc/avr/5.4.0/avr5\libgcc.a(_exit.o)
                0x00006798                _exit
                0x00006798                exit
 *(.fini9)
 *(.fini8)
 *(.fini8)
 *(.fini7)
 *(.fini7)
 *(.fini6)
 *(.fini6)
 *(.fini5)
 *(.fini5)
 *(.fini4)
 *(.fini4)
 *(.fini3)
 *(.fini3)
 *(.fini2)
 *(.fini2)
 *(.fini1)
 *(.fini1)
 *(.fini0)
 .fini0         0x00006798        0x4 c:/program files (x86)/atmel/studio/7.0/toolchain/avr8/avr8-gnu-toolchain/bin/../lib/gcc/avr/5.4.0/avr5\libgcc.a(_exit.o)
 *(.fini0)
                0x0000679c                _etext = .

.data           0x00800100       0x52 load address 0x0000679c
                0x00800100                PROVIDE (__data_start, .)
 *(.data)
 *(.data*)
 .data.key_pin_map
                0x00800100        0x6 debounced_keys.o
                0x00800100                key_pin_map
 .data.kc_file_type
                0x00800106        0x2 kc_cass_common.o
                0x00800106                kc_file_type
 .data.block_len
                0x00800108        0x1 kc_cass_common.o
                0x00800108                block_len
 .data.start_buf_ptr
                0x00800109        0x2 kc_cass_common.o
                0x00800109                start_buf_ptr
 .data.recv_state
                0x0080010b        0x2 kc_cass_recv_file.o
                0x0080010b                recv_state
 .data.Stat     0x0080010d        0x1 C:\Users\Bernd\Documents\Atmel Studio\7.0\Cass2SD\Cass2SD\ff_avr\Debug_debugwire\libff_avr.a(mmc_avr_spi.o)
 *(.rodata)
 *(.rodata*)
 .rodata.str1.1
                0x0080010e       0x30 display_util.o
                                 0x34 (size before relaxing)
 .rodata.str1.1
                0x0080013e        0x5 main.o
                                  0x8 (size before relaxing)
 .rodata.str1.1
                0x00800143        0xf C:\Users\Bernd\Documents\Atmel Studio\7.0\Cass2SD\Cass2SD\ff_avr\Debug_debugwire\libff_avr.a(ff.o)
 *(.gnu.linkonce.d*)
                0x00800152                . = ALIGN (0x2)
                0x00800152                _edata = .
                0x00800152                PROVIDE (__data_end, .)

.bss            0x00800152      0x35c
                0x00800152                PROVIDE (__bss_start, .)
 *(.bss)
 .bss           0x00800152        0x2 C:\Users\Bernd\Documents\Atmel Studio\7.0\Cass2SD\Cass2SD\ff_avr\Debug_debugwire\libff_avr.a(xitoa.o)
                0x00800152                xfunc_out
 *(.bss*)
 .bss.keys_debounce_last_state_bitmap
                0x00800154        0x1 debounced_keys.o
 .bss.debounce_counter
                0x00800155        0x3 debounced_keys.o
 .bss.display_task
                0x00800158        0x2 debounced_keys.o
                0x00800158                display_task
 .bss.dir_idx   0x0080015a        0x2 display_util.o
                0x0080015a                dir_idx
 .bss.timer_cntr
                0x0080015c        0x1 kc_cass_common.o
                0x0080015c                timer_cntr
 .bss.system_state
                0x0080015d        0x2 kc_cass_common.o
                0x0080015d                system_state
 .bss.number_of_blocks
                0x0080015f        0x1 kc_cass_common.o
                0x0080015f                number_of_blocks
 .bss.is_file_details_displayed
                0x00800160        0x1 kc_cass_common.o
                0x00800160                is_file_details_displayed
 .bss.disp_timer
                0x00800161        0x2 kc_cass_common.o
                0x00800161                disp_timer
 .bss.cntr_val  0x00800163        0x2 kc_cass_recv_file.o
                0x00800163                cntr_val
 .bss.space_cntr
                0x00800165        0x2 kc_cass_recv_file.o
                0x00800165                space_cntr
 .bss.vorton_cntr
                0x00800167        0x2 kc_cass_recv_file.o
                0x00800167                vorton_cntr
 .bss.block_cntr
                0x00800169        0x1 kc_cass_recv_file.o
                0x00800169                block_cntr
 .bss.recv_byte
                0x0080016a        0x1 kc_cass_recv_file.o
                0x0080016a                recv_byte
 .bss.is_time_measure_running
                0x0080016b        0x1 kc_cass_recv_file.o
                0x0080016b                is_time_measure_running
 .bss.buf_idx   0x0080016c        0x1 kc_cass_recv_file.o
                0x0080016c                buf_idx
 .bss.send_state
                0x0080016d        0x2 kc_cass_send_file.o
                0x0080016d                send_state
 .bss.Fsid      0x0080016f        0x2 C:\Users\Bernd\Documents\Atmel Studio\7.0\Cass2SD\Cass2SD\ff_avr\Debug_debugwire\libff_avr.a(ff.o)
 .bss.FatFs     0x00800171        0x2 C:\Users\Bernd\Documents\Atmel Studio\7.0\Cass2SD\Cass2SD\ff_avr\Debug_debugwire\libff_avr.a(ff.o)
 .bss.CardType  0x00800173        0x1 C:\Users\Bernd\Documents\Atmel Studio\7.0\Cass2SD\Cass2SD\ff_avr\Debug_debugwire\libff_avr.a(mmc_avr_spi.o)
 .bss.Timer2    0x00800174        0x1 C:\Users\Bernd\Documents\Atmel Studio\7.0\Cass2SD\Cass2SD\ff_avr\Debug_debugwire\libff_avr.a(mmc_avr_spi.o)
 .bss.Timer1    0x00800175        0x1 C:\Users\Bernd\Documents\Atmel Studio\7.0\Cass2SD\Cass2SD\ff_avr\Debug_debugwire\libff_avr.a(mmc_avr_spi.o)
 *(COMMON)
 COMMON         0x00800176        0x3 debounced_keys.o
                0x00800176                keys_changed_bitmap
                0x00800177                select_key_pressed
                0x00800178                keys_bitmap
 COMMON         0x00800179        0xd display_util.o
                0x00800179                dir_name
 COMMON         0x00800186      0x317 kc_cass_common.o
                0x00800186                FatFs
                0x008003b9                Finfo
                0x008003cf                fhdl
                0x008003f1                Dir
                0x00800419                fr
                0x0080041b                buf
 COMMON         0x0080049d       0x11 kc_cass_recv_file.o
                0x0080049d                file_type
                0x008004a1                file_name_on_disk
                0x008004ae                PROVIDE (__bss_end, .)
                0x0000679c                __data_load_start = LOADADDR (.data)
                0x000067ee                __data_load_end = (__data_load_start + SIZEOF (.data))

.noinit         0x008004ae        0x0
                [!provide]                PROVIDE (__noinit_start, .)
 *(.noinit*)
                [!provide]                PROVIDE (__noinit_end, .)
                0x008004ae                _end = .
                [!provide]                PROVIDE (__heap_start, .)

.eeprom         0x00810000        0x0
 *(.eeprom*)
                0x00810000                __eeprom_end = .

.fuse
 *(.fuse)
 *(.lfuse)
 *(.hfuse)
 *(.efuse)

.lock
 *(.lock*)

.signature
 *(.signature*)

.user_signatures
 *(.user_signatures*)

.stab
 *(.stab)

.stabstr
 *(.stabstr)

.stab.excl
 *(.stab.excl)

.stab.exclstr
 *(.stab.exclstr)

.stab.index
 *(.stab.index)

.stab.indexstr
 *(.stab.indexstr)

.comment        0x00000000       0x30
 *(.comment)
 .comment       0x00000000       0x30 debounced_keys.o
                                 0x31 (size before relaxing)
 .comment       0x00000030       0x31 display_util.o
 .comment       0x00000030       0x31 kc_cass_common.o
 .comment       0x00000030       0x31 kc_cass_recv_file.o
 .comment       0x00000030       0x31 kc_cass_send_file.o
 .comment       0x00000030       0x31 main.o
 .comment       0x00000030       0x31 C:\Users\Bernd\Documents\Atmel Studio\7.0\Cass2SD\Cass2SD\ff_avr\Debug_debugwire\libff_avr.a(diskio.o)
 .comment       0x00000030       0x31 C:\Users\Bernd\Documents\Atmel Studio\7.0\Cass2SD\Cass2SD\ff_avr\Debug_debugwire\libff_avr.a(ff.o)
 .comment       0x00000030       0x31 C:\Users\Bernd\Documents\Atmel Studio\7.0\Cass2SD\Cass2SD\ff_avr\Debug_debugwire\libff_avr.a(mmc_avr_spi.o)
 .comment       0x00000030       0x31 C:\Users\Bernd\Documents\Atmel Studio\7.0\Cass2SD\Cass2SD\lcd\Debug_debugwire\liblcd.a(lcd.o)

.note.gnu.avr.deviceinfo
                0x00000000       0x40
 .note.gnu.avr.deviceinfo
                0x00000000       0x40 C:/Program Files (x86)/Atmel/Studio/7.0/Packs/atmel/ATmega_DFP/1.2.132/gcc/dev/atmega328p/avr5/crtatmega328p.o

.note.gnu.build-id
 *(.note.gnu.build-id)

.debug
 *(.debug)

.line
 *(.line)

.debug_srcinfo
 *(.debug_srcinfo)

.debug_sfnames
 *(.debug_sfnames)

.debug_aranges  0x00000000      0x520
 *(.debug_aranges)
 .debug_aranges
                0x00000000       0x28 debounced_keys.o
 .debug_aranges
                0x00000028       0x88 display_util.o
 .debug_aranges
                0x000000b0       0x68 kc_cass_common.o
 .debug_aranges
                0x00000118       0x50 kc_cass_recv_file.o
 .debug_aranges
                0x00000168       0x48 kc_cass_send_file.o
 .debug_aranges
                0x000001b0       0x28 main.o
 .debug_aranges
                0x000001d8       0x48 C:\Users\Bernd\Documents\Atmel Studio\7.0\Cass2SD\Cass2SD\ff_avr\Debug_debugwire\libff_avr.a(diskio.o)
 .debug_aranges
                0x00000220      0x1b8 C:\Users\Bernd\Documents\Atmel Studio\7.0\Cass2SD\Cass2SD\ff_avr\Debug_debugwire\libff_avr.a(ff.o)
 .debug_aranges
                0x000003d8       0xa0 C:\Users\Bernd\Documents\Atmel Studio\7.0\Cass2SD\Cass2SD\ff_avr\Debug_debugwire\libff_avr.a(mmc_avr_spi.o)
 .debug_aranges
                0x00000478       0x20 C:\Users\Bernd\Documents\Atmel Studio\7.0\Cass2SD\Cass2SD\ff_avr\Debug_debugwire\libff_avr.a(xitoa.o)
 .debug_aranges
                0x00000498       0x88 C:\Users\Bernd\Documents\Atmel Studio\7.0\Cass2SD\Cass2SD\lcd\Debug_debugwire\liblcd.a(lcd.o)

.debug_pubnames
 *(.debug_pubnames)

.debug_info     0x00000000     0x9ebd
 *(.debug_info .gnu.linkonce.wi.*)
 .debug_info    0x00000000      0x5f4 C:/Program Files (x86)/Atmel/Studio/7.0/Packs/atmel/ATmega_DFP/1.2.132/gcc/dev/atmega328p/avr5/crtatmega328p.o
 .debug_info    0x000005f4      0x205 debounced_keys.o
 .debug_info    0x000007f9     0x12aa display_util.o
 .debug_info    0x00001aa3     0x1124 kc_cass_common.o
 .debug_info    0x00002bc7      0xde1 kc_cass_recv_file.o
 .debug_info    0x000039a8      0x893 kc_cass_send_file.o
 .debug_info    0x0000423b      0x854 main.o
 .debug_info    0x00004a8f      0x33c C:\Users\Bernd\Documents\Atmel Studio\7.0\Cass2SD\Cass2SD\ff_avr\Debug_debugwire\libff_avr.a(diskio.o)
 .debug_info    0x00004dcb     0x39b9 C:\Users\Bernd\Documents\Atmel Studio\7.0\Cass2SD\Cass2SD\ff_avr\Debug_debugwire\libff_avr.a(ff.o)
 .debug_info    0x00008784      0xf28 C:\Users\Bernd\Documents\Atmel Studio\7.0\Cass2SD\Cass2SD\ff_avr\Debug_debugwire\libff_avr.a(mmc_avr_spi.o)
 .debug_info    0x000096ac       0x84 C:\Users\Bernd\Documents\Atmel Studio\7.0\Cass2SD\Cass2SD\ff_avr\Debug_debugwire\libff_avr.a(xitoa.o)
 .debug_info    0x00009730      0x78d C:\Users\Bernd\Documents\Atmel Studio\7.0\Cass2SD\Cass2SD\lcd\Debug_debugwire\liblcd.a(lcd.o)

.debug_abbrev   0x00000000     0x1b54
 *(.debug_abbrev)
 .debug_abbrev  0x00000000      0x5a2 C:/Program Files (x86)/Atmel/Studio/7.0/Packs/atmel/ATmega_DFP/1.2.132/gcc/dev/atmega328p/avr5/crtatmega328p.o
 .debug_abbrev  0x000005a2       0xf3 debounced_keys.o
 .debug_abbrev  0x00000695      0x331 display_util.o
 .debug_abbrev  0x000009c6      0x34b kc_cass_common.o
 .debug_abbrev  0x00000d11      0x2c5 kc_cass_recv_file.o
 .debug_abbrev  0x00000fd6      0x20e kc_cass_send_file.o
 .debug_abbrev  0x000011e4      0x1c0 main.o
 .debug_abbrev  0x000013a4      0x10c C:\Users\Bernd\Documents\Atmel Studio\7.0\Cass2SD\Cass2SD\ff_avr\Debug_debugwire\libff_avr.a(diskio.o)
 .debug_abbrev  0x000014b0      0x204 C:\Users\Bernd\Documents\Atmel Studio\7.0\Cass2SD\Cass2SD\ff_avr\Debug_debugwire\libff_avr.a(ff.o)
 .debug_abbrev  0x000016b4      0x22e C:\Users\Bernd\Documents\Atmel Studio\7.0\Cass2SD\Cass2SD\ff_avr\Debug_debugwire\libff_avr.a(mmc_avr_spi.o)
 .debug_abbrev  0x000018e2       0x14 C:\Users\Bernd\Documents\Atmel Studio\7.0\Cass2SD\Cass2SD\ff_avr\Debug_debugwire\libff_avr.a(xitoa.o)
 .debug_abbrev  0x000018f6      0x25e C:\Users\Bernd\Documents\Atmel Studio\7.0\Cass2SD\Cass2SD\lcd\Debug_debugwire\liblcd.a(lcd.o)

.debug_line     0x00000000     0x664e
 *(.debug_line .debug_line.* .debug_line_end)
 .debug_line    0x00000000      0x133 C:/Program Files (x86)/Atmel/Studio/7.0/Packs/atmel/ATmega_DFP/1.2.132/gcc/dev/atmega328p/avr5/crtatmega328p.o
 .debug_line    0x00000133      0x37b debounced_keys.o
 .debug_line    0x000004ae      0x9a2 display_util.o
 .debug_line    0x00000e50      0x974 kc_cass_common.o
 .debug_line    0x000017c4      0x83f kc_cass_recv_file.o
 .debug_line    0x00002003      0x5f6 kc_cass_send_file.o
 .debug_line    0x000025f9      0x579 main.o
 .debug_line    0x00002b72      0x133 C:\Users\Bernd\Documents\Atmel Studio\7.0\Cass2SD\Cass2SD\ff_avr\Debug_debugwire\libff_avr.a(diskio.o)
 .debug_line    0x00002ca5     0x23ed C:\Users\Bernd\Documents\Atmel Studio\7.0\Cass2SD\Cass2SD\ff_avr\Debug_debugwire\libff_avr.a(ff.o)
 .debug_line    0x00005092      0xa64 C:\Users\Bernd\Documents\Atmel Studio\7.0\Cass2SD\Cass2SD\ff_avr\Debug_debugwire\libff_avr.a(mmc_avr_spi.o)
 .debug_line    0x00005af6      0x742 C:\Users\Bernd\Documents\Atmel Studio\7.0\Cass2SD\Cass2SD\ff_avr\Debug_debugwire\libff_avr.a(xitoa.o)
 .debug_line    0x00006238      0x416 C:\Users\Bernd\Documents\Atmel Studio\7.0\Cass2SD\Cass2SD\lcd\Debug_debugwire\liblcd.a(lcd.o)

.debug_frame    0x00000000     0x1694
 *(.debug_frame)
 .debug_frame   0x00000000       0x34 debounced_keys.o
 .debug_frame   0x00000034      0x29c display_util.o
 .debug_frame   0x000002d0      0x190 kc_cass_common.o
 .debug_frame   0x00000460       0xcc kc_cass_recv_file.o
 .debug_frame   0x0000052c       0xd8 kc_cass_send_file.o
 .debug_frame   0x00000604       0x44 main.o
 .debug_frame   0x00000648       0x8c C:\Users\Bernd\Documents\Atmel Studio\7.0\Cass2SD\Cass2SD\ff_avr\Debug_debugwire\libff_avr.a(diskio.o)
 .debug_frame   0x000006d4      0xc6c C:\Users\Bernd\Documents\Atmel Studio\7.0\Cass2SD\Cass2SD\ff_avr\Debug_debugwire\libff_avr.a(ff.o)
 .debug_frame   0x00001340      0x21c C:\Users\Bernd\Documents\Atmel Studio\7.0\Cass2SD\Cass2SD\ff_avr\Debug_debugwire\libff_avr.a(mmc_avr_spi.o)
 .debug_frame   0x0000155c      0x138 C:\Users\Bernd\Documents\Atmel Studio\7.0\Cass2SD\Cass2SD\lcd\Debug_debugwire\liblcd.a(lcd.o)

.debug_str      0x00000000     0xba29
 *(.debug_str)
 .debug_str     0x00000000      0x208 C:/Program Files (x86)/Atmel/Studio/7.0/Packs/atmel/ATmega_DFP/1.2.132/gcc/dev/atmega328p/avr5/crtatmega328p.o
 .debug_str     0x00000208     0x68e6 debounced_keys.o
                               0x6997 (size before relaxing)
 .debug_str     0x00006aee     0x2f51 display_util.o
                               0x9911 (size before relaxing)
 .debug_str     0x00009a3f      0x73b kc_cass_common.o
                               0x9abe (size before relaxing)
 .debug_str     0x0000a17a      0x97f kc_cass_recv_file.o
                               0xa11c (size before relaxing)
 .debug_str     0x0000aaf9      0x175 kc_cass_send_file.o
                               0x967e (size before relaxing)
 .debug_str     0x0000ac6e      0x7b8 main.o
                               0xa2ef (size before relaxing)
 .debug_str     0x0000b426      0x17f C:\Users\Bernd\Documents\Atmel Studio\7.0\Cass2SD\Cass2SD\ff_avr\Debug_debugwire\libff_avr.a(diskio.o)
                                0x249 (size before relaxing)
 .debug_str     0x0000b5a5      0x245 C:\Users\Bernd\Documents\Atmel Studio\7.0\Cass2SD\Cass2SD\ff_avr\Debug_debugwire\libff_avr.a(ff.o)
                                0x6b6 (size before relaxing)
 .debug_str     0x0000b7ea       0xc9 C:\Users\Bernd\Documents\Atmel Studio\7.0\Cass2SD\Cass2SD\ff_avr\Debug_debugwire\libff_avr.a(mmc_avr_spi.o)
                                0x2ff (size before relaxing)
 .debug_str     0x0000b8b3      0x176 C:\Users\Bernd\Documents\Atmel Studio\7.0\Cass2SD\Cass2SD\lcd\Debug_debugwire\liblcd.a(lcd.o)
                                0x26e (size before relaxing)

.debug_loc      0x00000000     0x95e1
 *(.debug_loc)
 .debug_loc     0x00000000       0x7c debounced_keys.o
 .debug_loc     0x0000007c      0xd92 display_util.o
 .debug_loc     0x00000e0e      0x5e4 kc_cass_common.o
 .debug_loc     0x000013f2      0x2cc kc_cass_recv_file.o
 .debug_loc     0x000016be      0x2d0 kc_cass_send_file.o
 .debug_loc     0x0000198e       0x93 main.o
 .debug_loc     0x00001a21      0x38d C:\Users\Bernd\Documents\Atmel Studio\7.0\Cass2SD\Cass2SD\ff_avr\Debug_debugwire\libff_avr.a(diskio.o)
 .debug_loc     0x00001dae     0x59c7 C:\Users\Bernd\Documents\Atmel Studio\7.0\Cass2SD\Cass2SD\ff_avr\Debug_debugwire\libff_avr.a(ff.o)
 .debug_loc     0x00007775     0x16ef C:\Users\Bernd\Documents\Atmel Studio\7.0\Cass2SD\Cass2SD\ff_avr\Debug_debugwire\libff_avr.a(mmc_avr_spi.o)
 .debug_loc     0x00008e64      0x77d C:\Users\Bernd\Documents\Atmel Studio\7.0\Cass2SD\Cass2SD\lcd\Debug_debugwire\liblcd.a(lcd.o)

.debug_macinfo
 *(.debug_macinfo)

.debug_weaknames
 *(.debug_weaknames)

.debug_funcnames
 *(.debug_funcnames)

.debug_typenames
 *(.debug_typenames)

.debug_varnames
 *(.debug_varnames)

.debug_pubtypes
 *(.debug_pubtypes)

.debug_ranges   0x00000000      0x4f8
 *(.debug_ranges)
 .debug_ranges  0x00000000       0x18 debounced_keys.o
 .debug_ranges  0x00000018       0x90 display_util.o
 .debug_ranges  0x000000a8       0x88 kc_cass_common.o
 .debug_ranges  0x00000130       0x90 kc_cass_recv_file.o
 .debug_ranges  0x000001c0       0x38 kc_cass_send_file.o
 .debug_ranges  0x000001f8       0x18 main.o
 .debug_ranges  0x00000210       0x38 C:\Users\Bernd\Documents\Atmel Studio\7.0\Cass2SD\Cass2SD\ff_avr\Debug_debugwire\libff_avr.a(diskio.o)
 .debug_ranges  0x00000248      0x1a8 C:\Users\Bernd\Documents\Atmel Studio\7.0\Cass2SD\Cass2SD\ff_avr\Debug_debugwire\libff_avr.a(ff.o)
 .debug_ranges  0x000003f0       0x90 C:\Users\Bernd\Documents\Atmel Studio\7.0\Cass2SD\Cass2SD\ff_avr\Debug_debugwire\libff_avr.a(mmc_avr_spi.o)
 .debug_ranges  0x00000480       0x78 C:\Users\Bernd\Documents\Atmel Studio\7.0\Cass2SD\Cass2SD\lcd\Debug_debugwire\liblcd.a(lcd.o)

.debug_macro    0x00000000     0x3ec1
 *(.debug_macro)
 .debug_macro   0x00000000       0x99 debounced_keys.o
 .debug_macro   0x00000099      0xa54 debounced_keys.o
 .debug_macro   0x00000aed      0x1c9 debounced_keys.o
 .debug_macro   0x00000cb6       0x22 debounced_keys.o
 .debug_macro   0x00000cd8       0x40 debounced_keys.o
 .debug_macro   0x00000d18       0x10 debounced_keys.o
 .debug_macro   0x00000d28      0x302 debounced_keys.o
 .debug_macro   0x0000102a       0x9e debounced_keys.o
 .debug_macro   0x000010c8     0x1410 debounced_keys.o
 .debug_macro   0x000024d8      0x13a debounced_keys.o
 .debug_macro   0x00002612       0xbd debounced_keys.o
 .debug_macro   0x000026cf       0x34 debounced_keys.o
 .debug_macro   0x00002703       0x18 debounced_keys.o
 .debug_macro   0x0000271b       0x6c debounced_keys.o
 .debug_macro   0x00002787      0x151 display_util.o
 .debug_macro   0x000028d8       0x10 display_util.o
 .debug_macro   0x000028e8      0x2fc display_util.o
 .debug_macro   0x00002be4       0x89 display_util.o
 .debug_macro   0x00002c6d       0xaa display_util.o
 .debug_macro   0x00002d17       0xee display_util.o
 .debug_macro   0x00002e05       0x10 display_util.o
 .debug_macro   0x00002e15      0x160 display_util.o
 .debug_macro   0x00002f75       0xf6 display_util.o
 .debug_macro   0x0000306b       0x58 display_util.o
 .debug_macro   0x000030c3       0x16 display_util.o
 .debug_macro   0x000030d9       0x35 display_util.o
 .debug_macro   0x0000310e       0xe9 display_util.o
 .debug_macro   0x000031f7       0xe2 display_util.o
 .debug_macro   0x000032d9       0x16 display_util.o
 .debug_macro   0x000032ef      0x1e3 display_util.o
 .debug_macro   0x000034d2       0x70 display_util.o
 .debug_macro   0x00003542       0x46 display_util.o
 .debug_macro   0x00003588       0x22 display_util.o
 .debug_macro   0x000035aa      0x143 kc_cass_common.o
 .debug_macro   0x000036ed       0x69 kc_cass_common.o
 .debug_macro   0x00003756       0x20 kc_cass_common.o
 .debug_macro   0x00003776       0xd6 kc_cass_common.o
 .debug_macro   0x0000384c       0x1c kc_cass_common.o
 .debug_macro   0x00003868      0x1b3 kc_cass_recv_file.o
 .debug_macro   0x00003a1b       0x34 kc_cass_recv_file.o
 .debug_macro   0x00003a4f       0x10 kc_cass_recv_file.o
 .debug_macro   0x00003a5f       0x64 kc_cass_recv_file.o
 .debug_macro   0x00003ac3       0x1c kc_cass_recv_file.o
 .debug_macro   0x00003adf       0x6a kc_cass_recv_file.o
 .debug_macro   0x00003b49      0x132 kc_cass_send_file.o
 .debug_macro   0x00003c7b       0x10 kc_cass_send_file.o
 .debug_macro   0x00003c8b      0x16c main.o
 .debug_macro   0x00003df7       0x49 main.o
 .debug_macro   0x00003e40       0x81 main.o
OUTPUT(main.elf elf32-avr)
LOAD linker stubs
