Archive member included to satisfy reference by file (symbol)

C:\Users\Bernd\Documents\Atmel Studio\7.0\Cass2SD\Cass2SD\ff_avr\Debug_debugwire\libff_avr.a(diskio.o)
                              main.o (disk_timerproc)
C:\Users\Bernd\Documents\Atmel Studio\7.0\Cass2SD\Cass2SD\ff_avr\Debug_debugwire\libff_avr.a(ff.o)
                              main.o (f_mount)
C:\Users\Bernd\Documents\Atmel Studio\7.0\Cass2SD\Cass2SD\ff_avr\Debug_debugwire\libff_avr.a(mmc_avr_spi.o)
                              C:\Users\Bernd\Documents\Atmel Studio\7.0\Cass2SD\Cass2SD\ff_avr\Debug_debugwire\libff_avr.a(diskio.o) (mmc_disk_initialize)
C:\Users\Bernd\Documents\Atmel Studio\7.0\Cass2SD\Cass2SD\ff_avr\Debug_debugwire\libff_avr.a(xitoa.o)
                              main.o (xfunc_out)
C:\Users\Bernd\Documents\Atmel Studio\7.0\Cass2SD\Cass2SD\lcd\Debug_debugwire\liblcd.a(lcd.o)
                              display_util.o (lcd_gotoxy)
c:/program files (x86)/atmel/studio/7.0/toolchain/avr8/avr8-gnu-toolchain/bin/../lib/gcc/avr/5.4.0/avr5\libgcc.a(_udivmodsi4.o)
                              kc_cass_send_file.o (__udivmodsi4)
c:/program files (x86)/atmel/studio/7.0/toolchain/avr8/avr8-gnu-toolchain/bin/../lib/gcc/avr/5.4.0/avr5\libgcc.a(_exit.o)
                              C:/Program Files (x86)/Atmel/Studio/7.0/Packs/atmel/ATmega_DFP/1.2.132/gcc/dev/atmega328p/avr5/crtatmega328p.o (exit)
c:/program files (x86)/atmel/studio/7.0/toolchain/avr8/avr8-gnu-toolchain/bin/../lib/gcc/avr/5.4.0/avr5\libgcc.a(_tablejump2.o)
                              C:\Users\Bernd\Documents\Atmel Studio\7.0\Cass2SD\Cass2SD\ff_avr\Debug_debugwire\libff_avr.a(mmc_avr_spi.o) (__tablejump2__)
c:/program files (x86)/atmel/studio/7.0/toolchain/avr8/avr8-gnu-toolchain/bin/../lib/gcc/avr/5.4.0/avr5\libgcc.a(_copy_data.o)
                              debounced_keys.o (__do_copy_data)
c:/program files (x86)/atmel/studio/7.0/toolchain/avr8/avr8-gnu-toolchain/bin/../lib/gcc/avr/5.4.0/avr5\libgcc.a(_clear_bss.o)
                              debounced_keys.o (__do_clear_bss)
c:/program files (x86)/atmel/studio/7.0/toolchain/avr8/avr8-gnu-toolchain/bin/../lib/gcc/avr/5.4.0/avr5\libgcc.a(_umulhisi3.o)
                              C:\Users\Bernd\Documents\Atmel Studio\7.0\Cass2SD\Cass2SD\ff_avr\Debug_debugwire\libff_avr.a(mmc_avr_spi.o) (__umulhisi3)
c:/program files (x86)/atmel/studio/7.0/toolchain/avr8/avr8-gnu-toolchain/bin/../lib/gcc/avr/5.4.0/avr5\libgcc.a(_muluhisi3.o)
                              C:\Users\Bernd\Documents\Atmel Studio\7.0\Cass2SD\Cass2SD\ff_avr\Debug_debugwire\libff_avr.a(ff.o) (__muluhisi3)
c:/program files (x86)/atmel/studio/7.0/toolchain/avr8/avr8-gnu-toolchain/bin/../lib/gcc/avr/5.4.0/../../../../avr/lib/avr5\libc.a(strncmp_P.o)
                              kc_cass_send_file.o (strncmp_P)
c:/program files (x86)/atmel/studio/7.0/toolchain/avr8/avr8-gnu-toolchain/bin/../lib/gcc/avr/5.4.0/../../../../avr/lib/avr5\libc.a(memset.o)
                              kc_cass_send_file.o (memset)
c:/program files (x86)/atmel/studio/7.0/toolchain/avr8/avr8-gnu-toolchain/bin/../lib/gcc/avr/5.4.0/../../../../avr/lib/avr5\libc.a(strchr.o)
                              kc_cass_send_file.o (strchr)

Allocating common symbols
Common symbol       size              file

FatFs               0x233             kc_cass_common.o
Finfo               0x16              kc_cass_common.o
keys_changed_bitmap
                    0x1               debounced_keys.o
fhdl                0x22              kc_cass_common.o
file_name           0xd               kc_cass_recv_file.o
dir_name            0xd               display_util.o
Dir                 0x28              kc_cass_common.o
fr                  0x2               kc_cass_common.o
buf                 0x82              kc_cass_common.o
select_key_pressed  0x1               debounced_keys.o
keys_bitmap         0x1               debounced_keys.o

Discarded input sections

 .data          0x00000000        0x0 C:/Program Files (x86)/Atmel/Studio/7.0/Packs/atmel/ATmega_DFP/1.2.132/gcc/dev/atmega328p/avr5/crtatmega328p.o
 .bss           0x00000000        0x0 C:/Program Files (x86)/Atmel/Studio/7.0/Packs/atmel/ATmega_DFP/1.2.132/gcc/dev/atmega328p/avr5/crtatmega328p.o
 .group         0x00000000        0x8 debounced_keys.o
 .group         0x00000000        0x8 debounced_keys.o
 .group         0x00000000        0x8 debounced_keys.o
 .group         0x00000000        0x8 debounced_keys.o
 .group         0x00000000        0x8 debounced_keys.o
 .group         0x00000000        0x8 debounced_keys.o
 .group         0x00000000        0x8 debounced_keys.o
 .group         0x00000000        0x8 debounced_keys.o
 .group         0x00000000        0x8 debounced_keys.o
 .group         0x00000000        0x8 debounced_keys.o
 .group         0x00000000        0x8 debounced_keys.o
 .group         0x00000000        0x8 debounced_keys.o
 .group         0x00000000        0x8 debounced_keys.o
 .text          0x00000000        0x0 debounced_keys.o
 .data          0x00000000        0x0 debounced_keys.o
 .bss           0x00000000        0x0 debounced_keys.o
 .group         0x00000000        0x8 display_util.o
 .group         0x00000000        0x8 display_util.o
 .group         0x00000000        0x8 display_util.o
 .group         0x00000000        0x8 display_util.o
 .group         0x00000000        0x8 display_util.o
 .group         0x00000000        0x8 display_util.o
 .group         0x00000000        0x8 display_util.o
 .group         0x00000000        0x8 display_util.o
 .group         0x00000000        0x8 display_util.o
 .group         0x00000000        0x8 display_util.o
 .group         0x00000000        0x8 display_util.o
 .group         0x00000000        0x8 display_util.o
 .group         0x00000000        0x8 display_util.o
 .group         0x00000000        0x8 display_util.o
 .group         0x00000000        0x8 display_util.o
 .group         0x00000000        0x8 display_util.o
 .group         0x00000000        0x8 display_util.o
 .group         0x00000000        0x8 display_util.o
 .group         0x00000000        0x8 display_util.o
 .group         0x00000000        0x8 display_util.o
 .group         0x00000000        0x8 display_util.o
 .group         0x00000000        0x8 display_util.o
 .group         0x00000000        0x8 display_util.o
 .group         0x00000000        0x8 display_util.o
 .text          0x00000000        0x0 display_util.o
 .data          0x00000000        0x0 display_util.o
 .bss           0x00000000        0x0 display_util.o
 .text.display_debug_and_block
                0x00000000       0x70 display_util.o
 .progmem.data.pct_X_str
                0x00000000       0x15 display_util.o
 .debug_macro   0x00000000      0xa54 display_util.o
 .debug_macro   0x00000000      0x1c9 display_util.o
 .debug_macro   0x00000000     0x1410 display_util.o
 .debug_macro   0x00000000      0x13a display_util.o
 .debug_macro   0x00000000       0xbd display_util.o
 .debug_macro   0x00000000       0x34 display_util.o
 .debug_macro   0x00000000       0x18 display_util.o
 .debug_macro   0x00000000       0x6c display_util.o
 .debug_macro   0x00000000       0x22 display_util.o
 .group         0x00000000        0x8 kc_cass_common.o
 .group         0x00000000        0x8 kc_cass_common.o
 .group         0x00000000        0x8 kc_cass_common.o
 .group         0x00000000        0x8 kc_cass_common.o
 .group         0x00000000        0x8 kc_cass_common.o
 .group         0x00000000        0x8 kc_cass_common.o
 .group         0x00000000        0x8 kc_cass_common.o
 .group         0x00000000        0x8 kc_cass_common.o
 .group         0x00000000        0x8 kc_cass_common.o
 .group         0x00000000        0x8 kc_cass_common.o
 .group         0x00000000        0x8 kc_cass_common.o
 .group         0x00000000        0x8 kc_cass_common.o
 .group         0x00000000        0x8 kc_cass_common.o
 .group         0x00000000        0x8 kc_cass_common.o
 .group         0x00000000        0x8 kc_cass_common.o
 .group         0x00000000        0x8 kc_cass_common.o
 .text          0x00000000        0x0 kc_cass_common.o
 .data          0x00000000        0x0 kc_cass_common.o
 .bss           0x00000000        0x0 kc_cass_common.o
 .debug_macro   0x00000000      0xa54 kc_cass_common.o
 .debug_macro   0x00000000       0x10 kc_cass_common.o
 .debug_macro   0x00000000      0x1c9 kc_cass_common.o
 .debug_macro   0x00000000      0x2fc kc_cass_common.o
 .debug_macro   0x00000000       0x89 kc_cass_common.o
 .debug_macro   0x00000000       0xaa kc_cass_common.o
 .debug_macro   0x00000000     0x1410 kc_cass_common.o
 .debug_macro   0x00000000      0x13a kc_cass_common.o
 .debug_macro   0x00000000       0xbd kc_cass_common.o
 .debug_macro   0x00000000       0x34 kc_cass_common.o
 .debug_macro   0x00000000       0x18 kc_cass_common.o
 .debug_macro   0x00000000       0x6c kc_cass_common.o
 .debug_macro   0x00000000       0xee kc_cass_common.o
 .debug_macro   0x00000000       0xe9 kc_cass_common.o
 .debug_macro   0x00000000       0xe2 kc_cass_common.o
 .debug_macro   0x00000000       0x34 kc_cass_common.o
 .group         0x00000000        0x8 kc_cass_recv_file.o
 .group         0x00000000        0x8 kc_cass_recv_file.o
 .group         0x00000000        0x8 kc_cass_recv_file.o
 .group         0x00000000        0x8 kc_cass_recv_file.o
 .group         0x00000000        0x8 kc_cass_recv_file.o
 .group         0x00000000        0x8 kc_cass_recv_file.o
 .group         0x00000000        0x8 kc_cass_recv_file.o
 .group         0x00000000        0x8 kc_cass_recv_file.o
 .group         0x00000000        0x8 kc_cass_recv_file.o
 .group         0x00000000        0x8 kc_cass_recv_file.o
 .group         0x00000000        0x8 kc_cass_recv_file.o
 .group         0x00000000        0x8 kc_cass_recv_file.o
 .group         0x00000000        0x8 kc_cass_recv_file.o
 .group         0x00000000        0x8 kc_cass_recv_file.o
 .group         0x00000000        0x8 kc_cass_recv_file.o
 .group         0x00000000        0x8 kc_cass_recv_file.o
 .group         0x00000000        0x8 kc_cass_recv_file.o
 .group         0x00000000        0x8 kc_cass_recv_file.o
 .group         0x00000000        0x8 kc_cass_recv_file.o
 .group         0x00000000        0x8 kc_cass_recv_file.o
 .group         0x00000000        0x8 kc_cass_recv_file.o
 .group         0x00000000        0x8 kc_cass_recv_file.o
 .group         0x00000000        0x8 kc_cass_recv_file.o
 .group         0x00000000        0x8 kc_cass_recv_file.o
 .group         0x00000000        0x8 kc_cass_recv_file.o
 .group         0x00000000        0x8 kc_cass_recv_file.o
 .group         0x00000000        0x8 kc_cass_recv_file.o
 .text          0x00000000        0x0 kc_cass_recv_file.o
 .data          0x00000000        0x0 kc_cass_recv_file.o
 .bss           0x00000000        0x0 kc_cass_recv_file.o
 .text.kc_cass_recv_file_disable
                0x00000000       0x14 kc_cass_recv_file.o
 .debug_macro   0x00000000      0xa54 kc_cass_recv_file.o
 .debug_macro   0x00000000       0x10 kc_cass_recv_file.o
 .debug_macro   0x00000000      0x1c9 kc_cass_recv_file.o
 .debug_macro   0x00000000      0x2fc kc_cass_recv_file.o
 .debug_macro   0x00000000       0x9e kc_cass_recv_file.o
 .debug_macro   0x00000000     0x1410 kc_cass_recv_file.o
 .debug_macro   0x00000000      0x13a kc_cass_recv_file.o
 .debug_macro   0x00000000       0xbd kc_cass_recv_file.o
 .debug_macro   0x00000000       0x34 kc_cass_recv_file.o
 .debug_macro   0x00000000       0x18 kc_cass_recv_file.o
 .debug_macro   0x00000000       0x6c kc_cass_recv_file.o
 .debug_macro   0x00000000       0x10 kc_cass_recv_file.o
 .debug_macro   0x00000000       0x89 kc_cass_recv_file.o
 .debug_macro   0x00000000       0xee kc_cass_recv_file.o
 .debug_macro   0x00000000       0x10 kc_cass_recv_file.o
 .debug_macro   0x00000000      0x160 kc_cass_recv_file.o
 .debug_macro   0x00000000       0xf6 kc_cass_recv_file.o
 .debug_macro   0x00000000       0x22 kc_cass_recv_file.o
 .debug_macro   0x00000000       0xe9 kc_cass_recv_file.o
 .debug_macro   0x00000000       0xe2 kc_cass_recv_file.o
 .group         0x00000000        0x8 kc_cass_send_file.o
 .group         0x00000000        0x8 kc_cass_send_file.o
 .group         0x00000000        0x8 kc_cass_send_file.o
 .group         0x00000000        0x8 kc_cass_send_file.o
 .group         0x00000000        0x8 kc_cass_send_file.o
 .group         0x00000000        0x8 kc_cass_send_file.o
 .group         0x00000000        0x8 kc_cass_send_file.o
 .group         0x00000000        0x8 kc_cass_send_file.o
 .group         0x00000000        0x8 kc_cass_send_file.o
 .group         0x00000000        0x8 kc_cass_send_file.o
 .group         0x00000000        0x8 kc_cass_send_file.o
 .group         0x00000000        0x8 kc_cass_send_file.o
 .group         0x00000000        0x8 kc_cass_send_file.o
 .group         0x00000000        0x8 kc_cass_send_file.o
 .group         0x00000000        0x8 kc_cass_send_file.o
 .group         0x00000000        0x8 kc_cass_send_file.o
 .group         0x00000000        0x8 kc_cass_send_file.o
 .group         0x00000000        0x8 kc_cass_send_file.o
 .group         0x00000000        0x8 kc_cass_send_file.o
 .group         0x00000000        0x8 kc_cass_send_file.o
 .group         0x00000000        0x8 kc_cass_send_file.o
 .group         0x00000000        0x8 kc_cass_send_file.o
 .group         0x00000000        0x8 kc_cass_send_file.o
 .group         0x00000000        0x8 kc_cass_send_file.o
 .group         0x00000000        0x8 kc_cass_send_file.o
 .group         0x00000000        0x8 kc_cass_send_file.o
 .group         0x00000000        0x8 kc_cass_send_file.o
 .group         0x00000000        0x8 kc_cass_send_file.o
 .group         0x00000000        0x8 kc_cass_send_file.o
 .text          0x00000000        0x0 kc_cass_send_file.o
 .data          0x00000000        0x0 kc_cass_send_file.o
 .bss           0x00000000        0x0 kc_cass_send_file.o
 .debug_macro   0x00000000      0xa54 kc_cass_send_file.o
 .debug_macro   0x00000000       0x10 kc_cass_send_file.o
 .debug_macro   0x00000000      0x1c9 kc_cass_send_file.o
 .debug_macro   0x00000000      0x2fc kc_cass_send_file.o
 .debug_macro   0x00000000       0x9e kc_cass_send_file.o
 .debug_macro   0x00000000     0x1410 kc_cass_send_file.o
 .debug_macro   0x00000000      0x13a kc_cass_send_file.o
 .debug_macro   0x00000000       0xbd kc_cass_send_file.o
 .debug_macro   0x00000000       0x34 kc_cass_send_file.o
 .debug_macro   0x00000000       0x18 kc_cass_send_file.o
 .debug_macro   0x00000000       0x6c kc_cass_send_file.o
 .debug_macro   0x00000000       0x69 kc_cass_send_file.o
 .debug_macro   0x00000000       0x10 kc_cass_send_file.o
 .debug_macro   0x00000000       0x89 kc_cass_send_file.o
 .debug_macro   0x00000000       0xee kc_cass_send_file.o
 .debug_macro   0x00000000       0x16 kc_cass_send_file.o
 .debug_macro   0x00000000       0x20 kc_cass_send_file.o
 .debug_macro   0x00000000       0x10 kc_cass_send_file.o
 .debug_macro   0x00000000      0x160 kc_cass_send_file.o
 .debug_macro   0x00000000       0x22 kc_cass_send_file.o
 .debug_macro   0x00000000       0x16 kc_cass_send_file.o
 .debug_macro   0x00000000       0xe9 kc_cass_send_file.o
 .debug_macro   0x00000000       0xe2 kc_cass_send_file.o
 .debug_macro   0x00000000      0x1e3 kc_cass_send_file.o
 .debug_macro   0x00000000       0x34 kc_cass_send_file.o
 .debug_macro   0x00000000       0x22 kc_cass_send_file.o
 .debug_macro   0x00000000       0x46 kc_cass_send_file.o
 .group         0x00000000        0x8 main.o
 .group         0x00000000        0x8 main.o
 .group         0x00000000        0x8 main.o
 .group         0x00000000        0x8 main.o
 .group         0x00000000        0x8 main.o
 .group         0x00000000        0x8 main.o
 .group         0x00000000        0x8 main.o
 .group         0x00000000        0x8 main.o
 .group         0x00000000        0x8 main.o
 .group         0x00000000        0x8 main.o
 .group         0x00000000        0x8 main.o
 .group         0x00000000        0x8 main.o
 .group         0x00000000        0x8 main.o
 .group         0x00000000        0x8 main.o
 .group         0x00000000        0x8 main.o
 .group         0x00000000        0x8 main.o
 .group         0x00000000        0x8 main.o
 .group         0x00000000        0x8 main.o
 .group         0x00000000        0x8 main.o
 .group         0x00000000        0x8 main.o
 .group         0x00000000        0x8 main.o
 .group         0x00000000        0x8 main.o
 .group         0x00000000        0x8 main.o
 .group         0x00000000        0x8 main.o
 .group         0x00000000        0x8 main.o
 .group         0x00000000        0x8 main.o
 .group         0x00000000        0x8 main.o
 .group         0x00000000        0x8 main.o
 .group         0x00000000        0x8 main.o
 .group         0x00000000        0x8 main.o
 .group         0x00000000        0x8 main.o
 .group         0x00000000        0x8 main.o
 .text          0x00000000        0x0 main.o
 .data          0x00000000        0x0 main.o
 .bss           0x00000000        0x0 main.o
 .debug_macro   0x00000000      0xa54 main.o
 .debug_macro   0x00000000       0x10 main.o
 .debug_macro   0x00000000      0x1c9 main.o
 .debug_macro   0x00000000      0x2fc main.o
 .debug_macro   0x00000000       0x9e main.o
 .debug_macro   0x00000000     0x1410 main.o
 .debug_macro   0x00000000      0x13a main.o
 .debug_macro   0x00000000       0xbd main.o
 .debug_macro   0x00000000       0x34 main.o
 .debug_macro   0x00000000       0x18 main.o
 .debug_macro   0x00000000       0x6c main.o
 .debug_macro   0x00000000       0x69 main.o
 .debug_macro   0x00000000       0x10 main.o
 .debug_macro   0x00000000       0x89 main.o
 .debug_macro   0x00000000       0xee main.o
 .debug_macro   0x00000000       0x16 main.o
 .debug_macro   0x00000000       0x20 main.o
 .debug_macro   0x00000000       0x10 main.o
 .debug_macro   0x00000000      0x160 main.o
 .debug_macro   0x00000000       0x22 main.o
 .debug_macro   0x00000000       0x16 main.o
 .debug_macro   0x00000000       0xe9 main.o
 .debug_macro   0x00000000       0xe2 main.o
 .debug_macro   0x00000000       0xd6 main.o
 .debug_macro   0x00000000      0x1e3 main.o
 .debug_macro   0x00000000       0x46 main.o
 .debug_macro   0x00000000       0x34 main.o
 .debug_macro   0x00000000       0x1c main.o
 .debug_macro   0x00000000       0x1c main.o
 .debug_macro   0x00000000       0x34 main.o
 .text          0x00000000        0x0 C:\Users\Bernd\Documents\Atmel Studio\7.0\Cass2SD\Cass2SD\ff_avr\Debug_debugwire\libff_avr.a(diskio.o)
 .data          0x00000000        0x0 C:\Users\Bernd\Documents\Atmel Studio\7.0\Cass2SD\Cass2SD\ff_avr\Debug_debugwire\libff_avr.a(diskio.o)
 .bss           0x00000000        0x0 C:\Users\Bernd\Documents\Atmel Studio\7.0\Cass2SD\Cass2SD\ff_avr\Debug_debugwire\libff_avr.a(diskio.o)
 .text          0x00000000        0x0 C:\Users\Bernd\Documents\Atmel Studio\7.0\Cass2SD\Cass2SD\ff_avr\Debug_debugwire\libff_avr.a(ff.o)
 .data          0x00000000        0x0 C:\Users\Bernd\Documents\Atmel Studio\7.0\Cass2SD\Cass2SD\ff_avr\Debug_debugwire\libff_avr.a(ff.o)
 .bss           0x00000000        0x0 C:\Users\Bernd\Documents\Atmel Studio\7.0\Cass2SD\Cass2SD\ff_avr\Debug_debugwire\libff_avr.a(ff.o)
 .text.dir_remove
                0x00000000       0x38 C:\Users\Bernd\Documents\Atmel Studio\7.0\Cass2SD\Cass2SD\ff_avr\Debug_debugwire\libff_avr.a(ff.o)
 .text.f_stat   0x00000000       0x82 C:\Users\Bernd\Documents\Atmel Studio\7.0\Cass2SD\Cass2SD\ff_avr\Debug_debugwire\libff_avr.a(ff.o)
 .text.f_getfree
                0x00000000      0x22c C:\Users\Bernd\Documents\Atmel Studio\7.0\Cass2SD\Cass2SD\ff_avr\Debug_debugwire\libff_avr.a(ff.o)
 .text.f_truncate
                0x00000000      0x13c C:\Users\Bernd\Documents\Atmel Studio\7.0\Cass2SD\Cass2SD\ff_avr\Debug_debugwire\libff_avr.a(ff.o)
 .text.f_unlink
                0x00000000      0x182 C:\Users\Bernd\Documents\Atmel Studio\7.0\Cass2SD\Cass2SD\ff_avr\Debug_debugwire\libff_avr.a(ff.o)
 .text.f_mkdir  0x00000000      0x2e4 C:\Users\Bernd\Documents\Atmel Studio\7.0\Cass2SD\Cass2SD\ff_avr\Debug_debugwire\libff_avr.a(ff.o)
 .text.f_rename
                0x00000000      0x22a C:\Users\Bernd\Documents\Atmel Studio\7.0\Cass2SD\Cass2SD\ff_avr\Debug_debugwire\libff_avr.a(ff.o)
 .text          0x00000000        0x0 C:\Users\Bernd\Documents\Atmel Studio\7.0\Cass2SD\Cass2SD\ff_avr\Debug_debugwire\libff_avr.a(mmc_avr_spi.o)
 .data          0x00000000        0x0 C:\Users\Bernd\Documents\Atmel Studio\7.0\Cass2SD\Cass2SD\ff_avr\Debug_debugwire\libff_avr.a(mmc_avr_spi.o)
 .bss           0x00000000        0x0 C:\Users\Bernd\Documents\Atmel Studio\7.0\Cass2SD\Cass2SD\ff_avr\Debug_debugwire\libff_avr.a(mmc_avr_spi.o)
 .data          0x00000000        0x0 C:\Users\Bernd\Documents\Atmel Studio\7.0\Cass2SD\Cass2SD\ff_avr\Debug_debugwire\libff_avr.a(xitoa.o)
 .text          0x00000000        0x0 C:\Users\Bernd\Documents\Atmel Studio\7.0\Cass2SD\Cass2SD\lcd\Debug_debugwire\liblcd.a(lcd.o)
 .data          0x00000000        0x0 C:\Users\Bernd\Documents\Atmel Studio\7.0\Cass2SD\Cass2SD\lcd\Debug_debugwire\liblcd.a(lcd.o)
 .bss           0x00000000        0x0 C:\Users\Bernd\Documents\Atmel Studio\7.0\Cass2SD\Cass2SD\lcd\Debug_debugwire\liblcd.a(lcd.o)
 .text.lcd_data
                0x00000000       0x14 C:\Users\Bernd\Documents\Atmel Studio\7.0\Cass2SD\Cass2SD\lcd\Debug_debugwire\liblcd.a(lcd.o)
 .text.lcd_getxy
                0x00000000        0x8 C:\Users\Bernd\Documents\Atmel Studio\7.0\Cass2SD\Cass2SD\lcd\Debug_debugwire\liblcd.a(lcd.o)
 .text.lcd_home
                0x00000000        0x8 C:\Users\Bernd\Documents\Atmel Studio\7.0\Cass2SD\Cass2SD\lcd\Debug_debugwire\liblcd.a(lcd.o)
 .text.lcd_puts
                0x00000000       0x1e C:\Users\Bernd\Documents\Atmel Studio\7.0\Cass2SD\Cass2SD\lcd\Debug_debugwire\liblcd.a(lcd.o)
 .text.lcd_puts_p
                0x00000000       0x1e C:\Users\Bernd\Documents\Atmel Studio\7.0\Cass2SD\Cass2SD\lcd\Debug_debugwire\liblcd.a(lcd.o)
 .text          0x00000000        0x0 c:/program files (x86)/atmel/studio/7.0/toolchain/avr8/avr8-gnu-toolchain/bin/../lib/gcc/avr/5.4.0/avr5\libgcc.a(_udivmodsi4.o)
 .data          0x00000000        0x0 c:/program files (x86)/atmel/studio/7.0/toolchain/avr8/avr8-gnu-toolchain/bin/../lib/gcc/avr/5.4.0/avr5\libgcc.a(_udivmodsi4.o)
 .bss           0x00000000        0x0 c:/program files (x86)/atmel/studio/7.0/toolchain/avr8/avr8-gnu-toolchain/bin/../lib/gcc/avr/5.4.0/avr5\libgcc.a(_udivmodsi4.o)
 .text.libgcc.mul
                0x00000000        0x0 c:/program files (x86)/atmel/studio/7.0/toolchain/avr8/avr8-gnu-toolchain/bin/../lib/gcc/avr/5.4.0/avr5\libgcc.a(_udivmodsi4.o)
 .text.libgcc   0x00000000        0x0 c:/program files (x86)/atmel/studio/7.0/toolchain/avr8/avr8-gnu-toolchain/bin/../lib/gcc/avr/5.4.0/avr5\libgcc.a(_udivmodsi4.o)
 .text.libgcc.prologue
                0x00000000        0x0 c:/program files (x86)/atmel/studio/7.0/toolchain/avr8/avr8-gnu-toolchain/bin/../lib/gcc/avr/5.4.0/avr5\libgcc.a(_udivmodsi4.o)
 .text.libgcc.builtins
                0x00000000        0x0 c:/program files (x86)/atmel/studio/7.0/toolchain/avr8/avr8-gnu-toolchain/bin/../lib/gcc/avr/5.4.0/avr5\libgcc.a(_udivmodsi4.o)
 .text.libgcc.fmul
                0x00000000        0x0 c:/program files (x86)/atmel/studio/7.0/toolchain/avr8/avr8-gnu-toolchain/bin/../lib/gcc/avr/5.4.0/avr5\libgcc.a(_udivmodsi4.o)
 .text.libgcc.fixed
                0x00000000        0x0 c:/program files (x86)/atmel/studio/7.0/toolchain/avr8/avr8-gnu-toolchain/bin/../lib/gcc/avr/5.4.0/avr5\libgcc.a(_udivmodsi4.o)
 .text          0x00000000        0x0 c:/program files (x86)/atmel/studio/7.0/toolchain/avr8/avr8-gnu-toolchain/bin/../lib/gcc/avr/5.4.0/avr5\libgcc.a(_exit.o)
 .data          0x00000000        0x0 c:/program files (x86)/atmel/studio/7.0/toolchain/avr8/avr8-gnu-toolchain/bin/../lib/gcc/avr/5.4.0/avr5\libgcc.a(_exit.o)
 .bss           0x00000000        0x0 c:/program files (x86)/atmel/studio/7.0/toolchain/avr8/avr8-gnu-toolchain/bin/../lib/gcc/avr/5.4.0/avr5\libgcc.a(_exit.o)
 .text.libgcc.mul
                0x00000000        0x0 c:/program files (x86)/atmel/studio/7.0/toolchain/avr8/avr8-gnu-toolchain/bin/../lib/gcc/avr/5.4.0/avr5\libgcc.a(_exit.o)
 .text.libgcc.div
                0x00000000        0x0 c:/program files (x86)/atmel/studio/7.0/toolchain/avr8/avr8-gnu-toolchain/bin/../lib/gcc/avr/5.4.0/avr5\libgcc.a(_exit.o)
 .text.libgcc   0x00000000        0x0 c:/program files (x86)/atmel/studio/7.0/toolchain/avr8/avr8-gnu-toolchain/bin/../lib/gcc/avr/5.4.0/avr5\libgcc.a(_exit.o)
 .text.libgcc.prologue
                0x00000000        0x0 c:/program files (x86)/atmel/studio/7.0/toolchain/avr8/avr8-gnu-toolchain/bin/../lib/gcc/avr/5.4.0/avr5\libgcc.a(_exit.o)
 .text.libgcc.builtins
                0x00000000        0x0 c:/program files (x86)/atmel/studio/7.0/toolchain/avr8/avr8-gnu-toolchain/bin/../lib/gcc/avr/5.4.0/avr5\libgcc.a(_exit.o)
 .text.libgcc.fmul
                0x00000000        0x0 c:/program files (x86)/atmel/studio/7.0/toolchain/avr8/avr8-gnu-toolchain/bin/../lib/gcc/avr/5.4.0/avr5\libgcc.a(_exit.o)
 .text.libgcc.fixed
                0x00000000        0x0 c:/program files (x86)/atmel/studio/7.0/toolchain/avr8/avr8-gnu-toolchain/bin/../lib/gcc/avr/5.4.0/avr5\libgcc.a(_exit.o)
 .text          0x00000000        0x0 c:/program files (x86)/atmel/studio/7.0/toolchain/avr8/avr8-gnu-toolchain/bin/../lib/gcc/avr/5.4.0/avr5\libgcc.a(_tablejump2.o)
 .data          0x00000000        0x0 c:/program files (x86)/atmel/studio/7.0/toolchain/avr8/avr8-gnu-toolchain/bin/../lib/gcc/avr/5.4.0/avr5\libgcc.a(_tablejump2.o)
 .bss           0x00000000        0x0 c:/program files (x86)/atmel/studio/7.0/toolchain/avr8/avr8-gnu-toolchain/bin/../lib/gcc/avr/5.4.0/avr5\libgcc.a(_tablejump2.o)
 .text.libgcc.mul
                0x00000000        0x0 c:/program files (x86)/atmel/studio/7.0/toolchain/avr8/avr8-gnu-toolchain/bin/../lib/gcc/avr/5.4.0/avr5\libgcc.a(_tablejump2.o)
 .text.libgcc.div
                0x00000000        0x0 c:/program files (x86)/atmel/studio/7.0/toolchain/avr8/avr8-gnu-toolchain/bin/../lib/gcc/avr/5.4.0/avr5\libgcc.a(_tablejump2.o)
 .text.libgcc.prologue
                0x00000000        0x0 c:/program files (x86)/atmel/studio/7.0/toolchain/avr8/avr8-gnu-toolchain/bin/../lib/gcc/avr/5.4.0/avr5\libgcc.a(_tablejump2.o)
 .text.libgcc.builtins
                0x00000000        0x0 c:/program files (x86)/atmel/studio/7.0/toolchain/avr8/avr8-gnu-toolchain/bin/../lib/gcc/avr/5.4.0/avr5\libgcc.a(_tablejump2.o)
 .text.libgcc.fmul
                0x00000000        0x0 c:/program files (x86)/atmel/studio/7.0/toolchain/avr8/avr8-gnu-toolchain/bin/../lib/gcc/avr/5.4.0/avr5\libgcc.a(_tablejump2.o)
 .text.libgcc.fixed
                0x00000000        0x0 c:/program files (x86)/atmel/studio/7.0/toolchain/avr8/avr8-gnu-toolchain/bin/../lib/gcc/avr/5.4.0/avr5\libgcc.a(_tablejump2.o)
 .text          0x00000000        0x0 c:/program files (x86)/atmel/studio/7.0/toolchain/avr8/avr8-gnu-toolchain/bin/../lib/gcc/avr/5.4.0/avr5\libgcc.a(_copy_data.o)
 .data          0x00000000        0x0 c:/program files (x86)/atmel/studio/7.0/toolchain/avr8/avr8-gnu-toolchain/bin/../lib/gcc/avr/5.4.0/avr5\libgcc.a(_copy_data.o)
 .bss           0x00000000        0x0 c:/program files (x86)/atmel/studio/7.0/toolchain/avr8/avr8-gnu-toolchain/bin/../lib/gcc/avr/5.4.0/avr5\libgcc.a(_copy_data.o)
 .text.libgcc.mul
                0x00000000        0x0 c:/program files (x86)/atmel/studio/7.0/toolchain/avr8/avr8-gnu-toolchain/bin/../lib/gcc/avr/5.4.0/avr5\libgcc.a(_copy_data.o)
 .text.libgcc.div
                0x00000000        0x0 c:/program files (x86)/atmel/studio/7.0/toolchain/avr8/avr8-gnu-toolchain/bin/../lib/gcc/avr/5.4.0/avr5\libgcc.a(_copy_data.o)
 .text.libgcc   0x00000000        0x0 c:/program files (x86)/atmel/studio/7.0/toolchain/avr8/avr8-gnu-toolchain/bin/../lib/gcc/avr/5.4.0/avr5\libgcc.a(_copy_data.o)
 .text.libgcc.prologue
                0x00000000        0x0 c:/program files (x86)/atmel/studio/7.0/toolchain/avr8/avr8-gnu-toolchain/bin/../lib/gcc/avr/5.4.0/avr5\libgcc.a(_copy_data.o)
 .text.libgcc.builtins
                0x00000000        0x0 c:/program files (x86)/atmel/studio/7.0/toolchain/avr8/avr8-gnu-toolchain/bin/../lib/gcc/avr/5.4.0/avr5\libgcc.a(_copy_data.o)
 .text.libgcc.fmul
                0x00000000        0x0 c:/program files (x86)/atmel/studio/7.0/toolchain/avr8/avr8-gnu-toolchain/bin/../lib/gcc/avr/5.4.0/avr5\libgcc.a(_copy_data.o)
 .text.libgcc.fixed
                0x00000000        0x0 c:/program files (x86)/atmel/studio/7.0/toolchain/avr8/avr8-gnu-toolchain/bin/../lib/gcc/avr/5.4.0/avr5\libgcc.a(_copy_data.o)
 .text          0x00000000        0x0 c:/program files (x86)/atmel/studio/7.0/toolchain/avr8/avr8-gnu-toolchain/bin/../lib/gcc/avr/5.4.0/avr5\libgcc.a(_clear_bss.o)
 .data          0x00000000        0x0 c:/program files (x86)/atmel/studio/7.0/toolchain/avr8/avr8-gnu-toolchain/bin/../lib/gcc/avr/5.4.0/avr5\libgcc.a(_clear_bss.o)
 .bss           0x00000000        0x0 c:/program files (x86)/atmel/studio/7.0/toolchain/avr8/avr8-gnu-toolchain/bin/../lib/gcc/avr/5.4.0/avr5\libgcc.a(_clear_bss.o)
 .text.libgcc.mul
                0x00000000        0x0 c:/program files (x86)/atmel/studio/7.0/toolchain/avr8/avr8-gnu-toolchain/bin/../lib/gcc/avr/5.4.0/avr5\libgcc.a(_clear_bss.o)
 .text.libgcc.div
                0x00000000        0x0 c:/program files (x86)/atmel/studio/7.0/toolchain/avr8/avr8-gnu-toolchain/bin/../lib/gcc/avr/5.4.0/avr5\libgcc.a(_clear_bss.o)
 .text.libgcc   0x00000000        0x0 c:/program files (x86)/atmel/studio/7.0/toolchain/avr8/avr8-gnu-toolchain/bin/../lib/gcc/avr/5.4.0/avr5\libgcc.a(_clear_bss.o)
 .text.libgcc.prologue
                0x00000000        0x0 c:/program files (x86)/atmel/studio/7.0/toolchain/avr8/avr8-gnu-toolchain/bin/../lib/gcc/avr/5.4.0/avr5\libgcc.a(_clear_bss.o)
 .text.libgcc.builtins
                0x00000000        0x0 c:/program files (x86)/atmel/studio/7.0/toolchain/avr8/avr8-gnu-toolchain/bin/../lib/gcc/avr/5.4.0/avr5\libgcc.a(_clear_bss.o)
 .text.libgcc.fmul
                0x00000000        0x0 c:/program files (x86)/atmel/studio/7.0/toolchain/avr8/avr8-gnu-toolchain/bin/../lib/gcc/avr/5.4.0/avr5\libgcc.a(_clear_bss.o)
 .text.libgcc.fixed
                0x00000000        0x0 c:/program files (x86)/atmel/studio/7.0/toolchain/avr8/avr8-gnu-toolchain/bin/../lib/gcc/avr/5.4.0/avr5\libgcc.a(_clear_bss.o)
 .text          0x00000000        0x0 c:/program files (x86)/atmel/studio/7.0/toolchain/avr8/avr8-gnu-toolchain/bin/../lib/gcc/avr/5.4.0/avr5\libgcc.a(_umulhisi3.o)
 .data          0x00000000        0x0 c:/program files (x86)/atmel/studio/7.0/toolchain/avr8/avr8-gnu-toolchain/bin/../lib/gcc/avr/5.4.0/avr5\libgcc.a(_umulhisi3.o)
 .bss           0x00000000        0x0 c:/program files (x86)/atmel/studio/7.0/toolchain/avr8/avr8-gnu-toolchain/bin/../lib/gcc/avr/5.4.0/avr5\libgcc.a(_umulhisi3.o)
 .text.libgcc.div
                0x00000000        0x0 c:/program files (x86)/atmel/studio/7.0/toolchain/avr8/avr8-gnu-toolchain/bin/../lib/gcc/avr/5.4.0/avr5\libgcc.a(_umulhisi3.o)
 .text.libgcc   0x00000000        0x0 c:/program files (x86)/atmel/studio/7.0/toolchain/avr8/avr8-gnu-toolchain/bin/../lib/gcc/avr/5.4.0/avr5\libgcc.a(_umulhisi3.o)
 .text.libgcc.prologue
                0x00000000        0x0 c:/program files (x86)/atmel/studio/7.0/toolchain/avr8/avr8-gnu-toolchain/bin/../lib/gcc/avr/5.4.0/avr5\libgcc.a(_umulhisi3.o)
 .text.libgcc.builtins
                0x00000000        0x0 c:/program files (x86)/atmel/studio/7.0/toolchain/avr8/avr8-gnu-toolchain/bin/../lib/gcc/avr/5.4.0/avr5\libgcc.a(_umulhisi3.o)
 .text.libgcc.fmul
                0x00000000        0x0 c:/program files (x86)/atmel/studio/7.0/toolchain/avr8/avr8-gnu-toolchain/bin/../lib/gcc/avr/5.4.0/avr5\libgcc.a(_umulhisi3.o)
 .text.libgcc.fixed
                0x00000000        0x0 c:/program files (x86)/atmel/studio/7.0/toolchain/avr8/avr8-gnu-toolchain/bin/../lib/gcc/avr/5.4.0/avr5\libgcc.a(_umulhisi3.o)
 .text          0x00000000        0x0 c:/program files (x86)/atmel/studio/7.0/toolchain/avr8/avr8-gnu-toolchain/bin/../lib/gcc/avr/5.4.0/avr5\libgcc.a(_muluhisi3.o)
 .data          0x00000000        0x0 c:/program files (x86)/atmel/studio/7.0/toolchain/avr8/avr8-gnu-toolchain/bin/../lib/gcc/avr/5.4.0/avr5\libgcc.a(_muluhisi3.o)
 .bss           0x00000000        0x0 c:/program files (x86)/atmel/studio/7.0/toolchain/avr8/avr8-gnu-toolchain/bin/../lib/gcc/avr/5.4.0/avr5\libgcc.a(_muluhisi3.o)
 .text.libgcc.div
                0x00000000        0x0 c:/program files (x86)/atmel/studio/7.0/toolchain/avr8/avr8-gnu-toolchain/bin/../lib/gcc/avr/5.4.0/avr5\libgcc.a(_muluhisi3.o)
 .text.libgcc   0x00000000        0x0 c:/program files (x86)/atmel/studio/7.0/toolchain/avr8/avr8-gnu-toolchain/bin/../lib/gcc/avr/5.4.0/avr5\libgcc.a(_muluhisi3.o)
 .text.libgcc.prologue
                0x00000000        0x0 c:/program files (x86)/atmel/studio/7.0/toolchain/avr8/avr8-gnu-toolchain/bin/../lib/gcc/avr/5.4.0/avr5\libgcc.a(_muluhisi3.o)
 .text.libgcc.builtins
                0x00000000        0x0 c:/program files (x86)/atmel/studio/7.0/toolchain/avr8/avr8-gnu-toolchain/bin/../lib/gcc/avr/5.4.0/avr5\libgcc.a(_muluhisi3.o)
 .text.libgcc.fmul
                0x00000000        0x0 c:/program files (x86)/atmel/studio/7.0/toolchain/avr8/avr8-gnu-toolchain/bin/../lib/gcc/avr/5.4.0/avr5\libgcc.a(_muluhisi3.o)
 .text.libgcc.fixed
                0x00000000        0x0 c:/program files (x86)/atmel/studio/7.0/toolchain/avr8/avr8-gnu-toolchain/bin/../lib/gcc/avr/5.4.0/avr5\libgcc.a(_muluhisi3.o)
 .text          0x00000000        0x0 c:/program files (x86)/atmel/studio/7.0/toolchain/avr8/avr8-gnu-toolchain/bin/../lib/gcc/avr/5.4.0/../../../../avr/lib/avr5\libc.a(strncmp_P.o)
 .data          0x00000000        0x0 c:/program files (x86)/atmel/studio/7.0/toolchain/avr8/avr8-gnu-toolchain/bin/../lib/gcc/avr/5.4.0/../../../../avr/lib/avr5\libc.a(strncmp_P.o)
 .bss           0x00000000        0x0 c:/program files (x86)/atmel/studio/7.0/toolchain/avr8/avr8-gnu-toolchain/bin/../lib/gcc/avr/5.4.0/../../../../avr/lib/avr5\libc.a(strncmp_P.o)
 .text          0x00000000        0x0 c:/program files (x86)/atmel/studio/7.0/toolchain/avr8/avr8-gnu-toolchain/bin/../lib/gcc/avr/5.4.0/../../../../avr/lib/avr5\libc.a(memset.o)
 .data          0x00000000        0x0 c:/program files (x86)/atmel/studio/7.0/toolchain/avr8/avr8-gnu-toolchain/bin/../lib/gcc/avr/5.4.0/../../../../avr/lib/avr5\libc.a(memset.o)
 .bss           0x00000000        0x0 c:/program files (x86)/atmel/studio/7.0/toolchain/avr8/avr8-gnu-toolchain/bin/../lib/gcc/avr/5.4.0/../../../../avr/lib/avr5\libc.a(memset.o)
 .text          0x00000000        0x0 c:/program files (x86)/atmel/studio/7.0/toolchain/avr8/avr8-gnu-toolchain/bin/../lib/gcc/avr/5.4.0/../../../../avr/lib/avr5\libc.a(strchr.o)
 .data          0x00000000        0x0 c:/program files (x86)/atmel/studio/7.0/toolchain/avr8/avr8-gnu-toolchain/bin/../lib/gcc/avr/5.4.0/../../../../avr/lib/avr5\libc.a(strchr.o)
 .bss           0x00000000        0x0 c:/program files (x86)/atmel/studio/7.0/toolchain/avr8/avr8-gnu-toolchain/bin/../lib/gcc/avr/5.4.0/../../../../avr/lib/avr5\libc.a(strchr.o)

Memory Configuration

Name             Origin             Length             Attributes
text             0x00000000         0x00020000         xr
data             0x00800060         0x0000ffa0         rw !x
eeprom           0x00810000         0x00010000         rw !x
fuse             0x00820000         0x00000003         rw !x
lock             0x00830000         0x00000400         rw !x
signature        0x00840000         0x00000400         rw !x
user_signatures  0x00850000         0x00000400         rw !x
*default*        0x00000000         0xffffffff

Linker script and memory map

Address of section .data set to 0x800100
LOAD C:/Program Files (x86)/Atmel/Studio/7.0/Packs/atmel/ATmega_DFP/1.2.132/gcc/dev/atmega328p/avr5/crtatmega328p.o
LOAD debounced_keys.o
LOAD display_util.o
LOAD kc_cass_common.o
LOAD kc_cass_recv_file.o
LOAD kc_cass_send_file.o
LOAD main.o
START GROUP
LOAD c:/program files (x86)/atmel/studio/7.0/toolchain/avr8/avr8-gnu-toolchain/bin/../lib/gcc/avr/5.4.0/../../../../avr/lib/avr5\libm.a
LOAD C:\Users\Bernd\Documents\Atmel Studio\7.0\Cass2SD\Cass2SD\ff_avr\Debug_debugwire\libff_avr.a
LOAD C:\Users\Bernd\Documents\Atmel Studio\7.0\Cass2SD\Cass2SD\lcd\Debug_debugwire\liblcd.a
END GROUP
START GROUP
LOAD c:/program files (x86)/atmel/studio/7.0/toolchain/avr8/avr8-gnu-toolchain/bin/../lib/gcc/avr/5.4.0/avr5\libgcc.a
LOAD c:/program files (x86)/atmel/studio/7.0/toolchain/avr8/avr8-gnu-toolchain/bin/../lib/gcc/avr/5.4.0/../../../../avr/lib/avr5\libm.a
LOAD c:/program files (x86)/atmel/studio/7.0/toolchain/avr8/avr8-gnu-toolchain/bin/../lib/gcc/avr/5.4.0/../../../../avr/lib/avr5\libc.a
LOAD C:/Program Files (x86)/Atmel/Studio/7.0/Packs/atmel/ATmega_DFP/1.2.132/gcc/dev/atmega328p/avr5\libatmega328p.a
END GROUP
                0x00020000                __TEXT_REGION_LENGTH__ = DEFINED (__TEXT_REGION_LENGTH__)?__TEXT_REGION_LENGTH__:0x20000
                0x0000ffa0                __DATA_REGION_LENGTH__ = DEFINED (__DATA_REGION_LENGTH__)?__DATA_REGION_LENGTH__:0xffa0
                0x00010000                __EEPROM_REGION_LENGTH__ = DEFINED (__EEPROM_REGION_LENGTH__)?__EEPROM_REGION_LENGTH__:0x10000
                [0x00000003]                __FUSE_REGION_LENGTH__ = DEFINED (__FUSE_REGION_LENGTH__)?__FUSE_REGION_LENGTH__:0x400
                0x00000400                __LOCK_REGION_LENGTH__ = DEFINED (__LOCK_REGION_LENGTH__)?__LOCK_REGION_LENGTH__:0x400
                0x00000400                __SIGNATURE_REGION_LENGTH__ = DEFINED (__SIGNATURE_REGION_LENGTH__)?__SIGNATURE_REGION_LENGTH__:0x400
                0x00000400                __USER_SIGNATURE_REGION_LENGTH__ = DEFINED (__USER_SIGNATURE_REGION_LENGTH__)?__USER_SIGNATURE_REGION_LENGTH__:0x400

.hash
 *(.hash)

.dynsym
 *(.dynsym)

.dynstr
 *(.dynstr)

.gnu.version
 *(.gnu.version)

.gnu.version_d
 *(.gnu.version_d)

.gnu.version_r
 *(.gnu.version_r)

.rel.init
 *(.rel.init)

.rela.init
 *(.rela.init)

.rel.text
 *(.rel.text)
 *(.rel.text.*)
 *(.rel.gnu.linkonce.t*)

.rela.text
 *(.rela.text)
 *(.rela.text.*)
 *(.rela.gnu.linkonce.t*)

.rel.fini
 *(.rel.fini)

.rela.fini
 *(.rela.fini)

.rel.rodata
 *(.rel.rodata)
 *(.rel.rodata.*)
 *(.rel.gnu.linkonce.r*)

.rela.rodata
 *(.rela.rodata)
 *(.rela.rodata.*)
 *(.rela.gnu.linkonce.r*)

.rel.data
 *(.rel.data)
 *(.rel.data.*)
 *(.rel.gnu.linkonce.d*)

.rela.data
 *(.rela.data)
 *(.rela.data.*)
 *(.rela.gnu.linkonce.d*)

.rel.ctors
 *(.rel.ctors)

.rela.ctors
 *(.rela.ctors)

.rel.dtors
 *(.rel.dtors)

.rela.dtors
 *(.rela.dtors)

.rel.got
 *(.rel.got)

.rela.got
 *(.rela.got)

.rel.bss
 *(.rel.bss)

.rela.bss
 *(.rela.bss)

.rel.plt
 *(.rel.plt)

.rela.plt
 *(.rela.plt)

.text           0x00000000     0x59e6
 *(.vectors)
 .vectors       0x00000000       0x68 C:/Program Files (x86)/Atmel/Studio/7.0/Packs/atmel/ATmega_DFP/1.2.132/gcc/dev/atmega328p/avr5/crtatmega328p.o
                0x00000000                __vector_default
                0x00000000                __vectors
 *(.vectors)
 *(.progmem.gcc*)
 .progmem.gcc_sw_table.mmc_disk_ioctl
                0x00000068       0x74 C:\Users\Bernd\Documents\Atmel Studio\7.0\Cass2SD\Cass2SD\ff_avr\Debug_debugwire\libff_avr.a(mmc_avr_spi.o)
                0x000000dc                . = ALIGN (0x2)
                0x000000dc                __trampolines_start = .
 *(.trampolines)
 .trampolines   0x000000dc        0x0 linker stubs
 *(.trampolines*)
                0x000000dc                __trampolines_end = .
 *libprintf_flt.a:*(.progmem.data)
 *libc.a:*(.progmem.data)
 *(.progmem*)
 .progmem.data.__c.2300
                0x000000dc        0x5 display_util.o
 .progmem.data.__c.2295
                0x000000e1        0x6 display_util.o
 .progmem.data.__c.2293
                0x000000e7        0x7 display_util.o
 .progmem.data.__c.2291
                0x000000ee        0x5 display_util.o
 .progmem.data.__c.2289
                0x000000f3       0x11 display_util.o
 .progmem.data.__c.2283
                0x00000104        0x5 display_util.o
 .progmem.data.__c.2278
                0x00000109        0xf display_util.o
 .progmem.data.__c.2266
                0x00000118        0x7 display_util.o
 .progmem.data.__c.2252
                0x0000011f        0x6 display_util.o
 .progmem.data.__c.2250
                0x00000125        0x6 display_util.o
 .progmem.data.str.2236
                0x0000012b       0xd1 display_util.o
 .progmem.data.pct_d_str
                0x000001fc        0x3 display_util.o
                0x000001fc                pct_d_str
 .progmem.data.pct_s_str
                0x000001ff        0x3 display_util.o
                0x000001ff                pct_s_str
 .progmem.data.empty_dir_str
                0x00000202        0xc display_util.o
                0x00000202                empty_dir_str
 .progmem.data.dir_str
                0x0000020e        0x6 display_util.o
                0x0000020e                dir_str
 .progmem.data.dotdotdir_str
                0x00000214        0xb display_util.o
                0x00000214                dotdotdir_str
 .progmem.data.tap_header_str
                0x0000021f       0x11 kc_cass_common.o
                0x0000021f                tap_header_str
 .progmem.data.__c.2491
                0x00000230        0xe kc_cass_send_file.o
 .progmem.data.__c.2489
                0x0000023e        0x7 kc_cass_send_file.o
                0x00000246                . = ALIGN (0x2)
 *fill*         0x00000245        0x1 
 *(.jumptables)
 *(.jumptables*)
 *(.lowtext)
 *(.lowtext*)
                0x00000246                __ctors_start = .
 *(.ctors)
                0x00000246                __ctors_end = .
                0x00000246                __dtors_start = .
 *(.dtors)
                0x00000246                __dtors_end = .
 SORT(*)(.ctors)
 SORT(*)(.dtors)
 *(.init0)
 .init0         0x00000246        0x0 C:/Program Files (x86)/Atmel/Studio/7.0/Packs/atmel/ATmega_DFP/1.2.132/gcc/dev/atmega328p/avr5/crtatmega328p.o
                0x00000246                __init
 *(.init0)
 *(.init1)
 *(.init1)
 *(.init2)
 .init2         0x00000246        0xc C:/Program Files (x86)/Atmel/Studio/7.0/Packs/atmel/ATmega_DFP/1.2.132/gcc/dev/atmega328p/avr5/crtatmega328p.o
 *(.init2)
 *(.init3)
 *(.init3)
 *(.init4)
 .init4         0x00000252       0x16 c:/program files (x86)/atmel/studio/7.0/toolchain/avr8/avr8-gnu-toolchain/bin/../lib/gcc/avr/5.4.0/avr5\libgcc.a(_copy_data.o)
                0x00000252                __do_copy_data
 .init4         0x00000268       0x10 c:/program files (x86)/atmel/studio/7.0/toolchain/avr8/avr8-gnu-toolchain/bin/../lib/gcc/avr/5.4.0/avr5\libgcc.a(_clear_bss.o)
                0x00000268                __do_clear_bss
 *(.init4)
 *(.init5)
 *(.init5)
 *(.init6)
 *(.init6)
 *(.init7)
 *(.init7)
 *(.init8)
 *(.init8)
 *(.init9)
 .init9         0x00000278        0x8 C:/Program Files (x86)/Atmel/Studio/7.0/Packs/atmel/ATmega_DFP/1.2.132/gcc/dev/atmega328p/avr5/crtatmega328p.o
 *(.init9)
 *(.text)
 .text          0x00000280        0x2 C:/Program Files (x86)/Atmel/Studio/7.0/Packs/atmel/ATmega_DFP/1.2.132/gcc/dev/atmega328p/avr5/crtatmega328p.o
                0x00000280                __vector_22
                0x00000280                __vector_24
                0x00000280                __vector_12
                0x00000280                __bad_interrupt
                0x00000280                __vector_6
                0x00000280                __vector_3
                0x00000280                __vector_23
                0x00000280                __vector_25
                0x00000280                __vector_13
                0x00000280                __vector_17
                0x00000280                __vector_19
                0x00000280                __vector_5
                0x00000280                __vector_4
                0x00000280                __vector_9
                0x00000280                __vector_2
                0x00000280                __vector_21
                0x00000280                __vector_15
                0x00000280                __vector_8
                0x00000280                __vector_10
                0x00000280                __vector_16
                0x00000280                __vector_18
                0x00000280                __vector_20
 .text          0x00000282      0x26a C:\Users\Bernd\Documents\Atmel Studio\7.0\Cass2SD\Cass2SD\ff_avr\Debug_debugwire\libff_avr.a(xitoa.o)
                0x00000282                xputc
                0x000002a4                xputs
                0x000002b2                xitoa
                0x000003d6                xprintf
                0x000003f0                xsprintf
                0x00000436                xatoi
                0x000004ec                . = ALIGN (0x2)
 *(.text.*)
 .text.keys_init
                0x000004ec       0xe2 debounced_keys.o
                0x000004ec                keys_init
 .text.handle_keys
                0x000005ce      0x158 debounced_keys.o
                0x000005ce                handle_keys
 .text.display_fresult
                0x00000726       0x7e display_util.o
                0x00000726                display_fresult
 .text.disp_fr_err
                0x000007a4       0x20 display_util.o
                0x000007a4                disp_fr_err
 .text.display_fileinfo
                0x000007c4       0xc6 display_util.o
                0x000007c4                display_fileinfo
 .text.display_sendinfo
                0x0000088a       0xc6 display_util.o
                0x0000088a                display_sendinfo
 .text.display_upd_sendinfo
                0x00000950       0x26 display_util.o
                0x00000950                display_upd_sendinfo
 .text.display_recvinfo
                0x00000976       0x74 display_util.o
                0x00000976                display_recvinfo
 .text.display_upd_recvinfo
                0x000009ea       0x26 display_util.o
                0x000009ea                display_upd_recvinfo
 .text.disp_err
                0x00000a10       0x60 display_util.o
                0x00000a10                disp_err
 .text.calculate_checksum
                0x00000a70       0x1a kc_cass_common.o
                0x00000a70                calculate_checksum
 .text.config_and_start_timer_recv_file
                0x00000a8a       0x28 kc_cass_recv_file.o
 .text.stop_timer_recv_file
                0x00000ab2       0x10 kc_cass_recv_file.o
 .text.reset_state
                0x00000ac2       0x36 kc_cass_recv_file.o
 .text.get_filename_from_fcb
                0x00000af8       0x82 kc_cass_recv_file.o
 .text.__vector_11
                0x00000b7a       0x4c kc_cass_recv_file.o
                0x00000b7a                __vector_11
 .text.__vector_1
                0x00000bc6       0xe2 kc_cass_recv_file.o
                0x00000bc6                __vector_1
 .text.kc_cass_recv_file_init
                0x00000ca8       0x2e kc_cass_recv_file.o
                0x00000ca8                kc_cass_recv_file_init
 .text.kc_cass_handle_recv_file
                0x00000cd6      0x202 kc_cass_recv_file.o
                0x00000cd6                kc_cass_handle_recv_file
 .text.config_and_start_timer_sendfile
                0x00000ed8       0x14 kc_cass_send_file.o
 .text.send_bit
                0x00000eec       0x46 kc_cass_send_file.o
 .text.send_byte
                0x00000f32       0x44 kc_cass_send_file.o
 .text.check_basic_fcb
                0x00000f76       0x2a kc_cass_send_file.o
 .text.detect_block_len
                0x00000fa0       0x92 kc_cass_send_file.o
 .text.check_tap_types
                0x00001032      0x11e kc_cass_send_file.o
 .text.check_non_tap_types
                0x00001150      0x3ae kc_cass_send_file.o
 .text.load_first_block_and_check_type
                0x000014fe      0x106 kc_cass_send_file.o
 .text.__vector_14
                0x00001604       0x56 kc_cass_send_file.o
                0x00001604                __vector_14
 .text.kc_cass_send_file_init
                0x0000165a        0xe kc_cass_send_file.o
                0x0000165a                kc_cass_send_file_init
 .text.send_file
                0x00001668      0x192 kc_cass_send_file.o
                0x00001668                send_file
 .text.disk_and_debounce_timer_init
                0x000017fa       0x18 main.o
 .text.power_save_config
                0x00001812       0x36 main.o
 .text.display_prev
                0x00001848       0x6e main.o
 .text.display_next
                0x000018b6       0x5a main.o
 .text.__vector_7
                0x00001910       0xc6 main.o
                0x00001910                __vector_7
 .text.main     0x000019d6      0x146 main.o
                0x000019d6                main
 .text.disk_status
                0x00001b1c        0xe C:\Users\Bernd\Documents\Atmel Studio\7.0\Cass2SD\Cass2SD\ff_avr\Debug_debugwire\libff_avr.a(diskio.o)
                0x00001b1c                disk_status
 .text.disk_initialize
                0x00001b2a        0xe C:\Users\Bernd\Documents\Atmel Studio\7.0\Cass2SD\Cass2SD\ff_avr\Debug_debugwire\libff_avr.a(diskio.o)
                0x00001b2a                disk_initialize
 .text.disk_read
                0x00001b38       0x22 C:\Users\Bernd\Documents\Atmel Studio\7.0\Cass2SD\Cass2SD\ff_avr\Debug_debugwire\libff_avr.a(diskio.o)
                0x00001b38                disk_read
 .text.disk_write
                0x00001b5a       0x22 C:\Users\Bernd\Documents\Atmel Studio\7.0\Cass2SD\Cass2SD\ff_avr\Debug_debugwire\libff_avr.a(diskio.o)
                0x00001b5a                disk_write
 .text.disk_ioctl
                0x00001b7c       0x14 C:\Users\Bernd\Documents\Atmel Studio\7.0\Cass2SD\Cass2SD\ff_avr\Debug_debugwire\libff_avr.a(diskio.o)
                0x00001b7c                disk_ioctl
 .text.disk_timerproc
                0x00001b90        0x6 C:\Users\Bernd\Documents\Atmel Studio\7.0\Cass2SD\Cass2SD\ff_avr\Debug_debugwire\libff_avr.a(diskio.o)
                0x00001b90                disk_timerproc
 .text.ld_word  0x00001b96       0x14 C:\Users\Bernd\Documents\Atmel Studio\7.0\Cass2SD\Cass2SD\ff_avr\Debug_debugwire\libff_avr.a(ff.o)
 .text.ld_dword
                0x00001baa       0x36 C:\Users\Bernd\Documents\Atmel Studio\7.0\Cass2SD\Cass2SD\ff_avr\Debug_debugwire\libff_avr.a(ff.o)
 .text.st_word  0x00001be0        0x8 C:\Users\Bernd\Documents\Atmel Studio\7.0\Cass2SD\Cass2SD\ff_avr\Debug_debugwire\libff_avr.a(ff.o)
 .text.st_dword
                0x00001be8        0xc C:\Users\Bernd\Documents\Atmel Studio\7.0\Cass2SD\Cass2SD\ff_avr\Debug_debugwire\libff_avr.a(ff.o)
 .text.mem_cpy  0x00001bf4       0x1e C:\Users\Bernd\Documents\Atmel Studio\7.0\Cass2SD\Cass2SD\ff_avr\Debug_debugwire\libff_avr.a(ff.o)
 .text.mem_set  0x00001c12       0x12 C:\Users\Bernd\Documents\Atmel Studio\7.0\Cass2SD\Cass2SD\ff_avr\Debug_debugwire\libff_avr.a(ff.o)
 .text.mem_cmp  0x00001c24       0x30 C:\Users\Bernd\Documents\Atmel Studio\7.0\Cass2SD\Cass2SD\ff_avr\Debug_debugwire\libff_avr.a(ff.o)
 .text.chk_chr  0x00001c54       0x22 C:\Users\Bernd\Documents\Atmel Studio\7.0\Cass2SD\Cass2SD\ff_avr\Debug_debugwire\libff_avr.a(ff.o)
 .text.clust2sect
                0x00001c76       0x50 C:\Users\Bernd\Documents\Atmel Studio\7.0\Cass2SD\Cass2SD\ff_avr\Debug_debugwire\libff_avr.a(ff.o)
 .text.ld_clust
                0x00001cc6       0x56 C:\Users\Bernd\Documents\Atmel Studio\7.0\Cass2SD\Cass2SD\ff_avr\Debug_debugwire\libff_avr.a(ff.o)
 .text.st_clust
                0x00001d1c       0x46 C:\Users\Bernd\Documents\Atmel Studio\7.0\Cass2SD\Cass2SD\ff_avr\Debug_debugwire\libff_avr.a(ff.o)
 .text.get_fileinfo
                0x00001d62       0xac C:\Users\Bernd\Documents\Atmel Studio\7.0\Cass2SD\Cass2SD\ff_avr\Debug_debugwire\libff_avr.a(ff.o)
 .text.create_name
                0x00001e0e      0x1c8 C:\Users\Bernd\Documents\Atmel Studio\7.0\Cass2SD\Cass2SD\ff_avr\Debug_debugwire\libff_avr.a(ff.o)
 .text.get_ldnumber
                0x00001fd6       0x6e C:\Users\Bernd\Documents\Atmel Studio\7.0\Cass2SD\Cass2SD\ff_avr\Debug_debugwire\libff_avr.a(ff.o)
 .text.validate
                0x00002044       0x58 C:\Users\Bernd\Documents\Atmel Studio\7.0\Cass2SD\Cass2SD\ff_avr\Debug_debugwire\libff_avr.a(ff.o)
 .text.sync_window
                0x0000209c       0xd0 C:\Users\Bernd\Documents\Atmel Studio\7.0\Cass2SD\Cass2SD\ff_avr\Debug_debugwire\libff_avr.a(ff.o)
 .text.move_window
                0x0000216c       0x80 C:\Users\Bernd\Documents\Atmel Studio\7.0\Cass2SD\Cass2SD\ff_avr\Debug_debugwire\libff_avr.a(ff.o)
 .text.check_fs
                0x000021ec       0x86 C:\Users\Bernd\Documents\Atmel Studio\7.0\Cass2SD\Cass2SD\ff_avr\Debug_debugwire\libff_avr.a(ff.o)
 .text.find_volume
                0x00002272      0x594 C:\Users\Bernd\Documents\Atmel Studio\7.0\Cass2SD\Cass2SD\ff_avr\Debug_debugwire\libff_avr.a(ff.o)
 .text.put_fat  0x00002806      0x252 C:\Users\Bernd\Documents\Atmel Studio\7.0\Cass2SD\Cass2SD\ff_avr\Debug_debugwire\libff_avr.a(ff.o)
 .text.get_fat  0x00002a58      0x1c0 C:\Users\Bernd\Documents\Atmel Studio\7.0\Cass2SD\Cass2SD\ff_avr\Debug_debugwire\libff_avr.a(ff.o)
 .text.dir_sdi  0x00002c18      0x1da C:\Users\Bernd\Documents\Atmel Studio\7.0\Cass2SD\Cass2SD\ff_avr\Debug_debugwire\libff_avr.a(ff.o)
 .text.create_chain
                0x00002df2      0x204 C:\Users\Bernd\Documents\Atmel Studio\7.0\Cass2SD\Cass2SD\ff_avr\Debug_debugwire\libff_avr.a(ff.o)
 .text.remove_chain
                0x00002ff6      0x136 C:\Users\Bernd\Documents\Atmel Studio\7.0\Cass2SD\Cass2SD\ff_avr\Debug_debugwire\libff_avr.a(ff.o)
 .text.dir_next
                0x0000312c      0x288 C:\Users\Bernd\Documents\Atmel Studio\7.0\Cass2SD\Cass2SD\ff_avr\Debug_debugwire\libff_avr.a(ff.o)
 .text.dir_find
                0x000033b4       0x86 C:\Users\Bernd\Documents\Atmel Studio\7.0\Cass2SD\Cass2SD\ff_avr\Debug_debugwire\libff_avr.a(ff.o)
 .text.follow_path
                0x0000343a      0x132 C:\Users\Bernd\Documents\Atmel Studio\7.0\Cass2SD\Cass2SD\ff_avr\Debug_debugwire\libff_avr.a(ff.o)
 .text.dir_alloc
                0x0000356c       0x80 C:\Users\Bernd\Documents\Atmel Studio\7.0\Cass2SD\Cass2SD\ff_avr\Debug_debugwire\libff_avr.a(ff.o)
 .text.dir_register
                0x000035ec       0x6a C:\Users\Bernd\Documents\Atmel Studio\7.0\Cass2SD\Cass2SD\ff_avr\Debug_debugwire\libff_avr.a(ff.o)
 .text.dir_read
                0x00003656       0x96 C:\Users\Bernd\Documents\Atmel Studio\7.0\Cass2SD\Cass2SD\ff_avr\Debug_debugwire\libff_avr.a(ff.o)
 .text.sync_fs  0x000036ec       0xea C:\Users\Bernd\Documents\Atmel Studio\7.0\Cass2SD\Cass2SD\ff_avr\Debug_debugwire\libff_avr.a(ff.o)
 .text.f_mount  0x000037d6       0x9a C:\Users\Bernd\Documents\Atmel Studio\7.0\Cass2SD\Cass2SD\ff_avr\Debug_debugwire\libff_avr.a(ff.o)
                0x000037d6                f_mount
 .text.f_open   0x00003870      0x358 C:\Users\Bernd\Documents\Atmel Studio\7.0\Cass2SD\Cass2SD\ff_avr\Debug_debugwire\libff_avr.a(ff.o)
                0x00003870                f_open
 .text.f_read   0x00003bc8      0x2f2 C:\Users\Bernd\Documents\Atmel Studio\7.0\Cass2SD\Cass2SD\ff_avr\Debug_debugwire\libff_avr.a(ff.o)
                0x00003bc8                f_read
 .text.f_write  0x00003eba      0x3ca C:\Users\Bernd\Documents\Atmel Studio\7.0\Cass2SD\Cass2SD\ff_avr\Debug_debugwire\libff_avr.a(ff.o)
                0x00003eba                f_write
 .text.f_sync   0x00004284       0xb6 C:\Users\Bernd\Documents\Atmel Studio\7.0\Cass2SD\Cass2SD\ff_avr\Debug_debugwire\libff_avr.a(ff.o)
                0x00004284                f_sync
 .text.f_close  0x0000433a       0x3a C:\Users\Bernd\Documents\Atmel Studio\7.0\Cass2SD\Cass2SD\ff_avr\Debug_debugwire\libff_avr.a(ff.o)
                0x0000433a                f_close
 .text.f_chdir  0x00004374       0xb4 C:\Users\Bernd\Documents\Atmel Studio\7.0\Cass2SD\Cass2SD\ff_avr\Debug_debugwire\libff_avr.a(ff.o)
                0x00004374                f_chdir
 .text.f_getcwd
                0x00004428      0x20a C:\Users\Bernd\Documents\Atmel Studio\7.0\Cass2SD\Cass2SD\ff_avr\Debug_debugwire\libff_avr.a(ff.o)
                0x00004428                f_getcwd
 .text.f_lseek  0x00004632      0x394 C:\Users\Bernd\Documents\Atmel Studio\7.0\Cass2SD\Cass2SD\ff_avr\Debug_debugwire\libff_avr.a(ff.o)
                0x00004632                f_lseek
 .text.f_opendir
                0x000049c6       0xd8 C:\Users\Bernd\Documents\Atmel Studio\7.0\Cass2SD\Cass2SD\ff_avr\Debug_debugwire\libff_avr.a(ff.o)
                0x000049c6                f_opendir
 .text.f_closedir
                0x00004a9e       0x32 C:\Users\Bernd\Documents\Atmel Studio\7.0\Cass2SD\Cass2SD\ff_avr\Debug_debugwire\libff_avr.a(ff.o)
                0x00004a9e                f_closedir
 .text.f_readdir
                0x00004ad0       0x8a C:\Users\Bernd\Documents\Atmel Studio\7.0\Cass2SD\Cass2SD\ff_avr\Debug_debugwire\libff_avr.a(ff.o)
                0x00004ad0                f_readdir
 .text.xchg_spi
                0x00004b5a        0xc C:\Users\Bernd\Documents\Atmel Studio\7.0\Cass2SD\Cass2SD\ff_avr\Debug_debugwire\libff_avr.a(mmc_avr_spi.o)
 .text.rcvr_spi_multi
                0x00004b66       0x30 C:\Users\Bernd\Documents\Atmel Studio\7.0\Cass2SD\Cass2SD\ff_avr\Debug_debugwire\libff_avr.a(mmc_avr_spi.o)
 .text.xmit_spi_multi
                0x00004b96       0x28 C:\Users\Bernd\Documents\Atmel Studio\7.0\Cass2SD\Cass2SD\ff_avr\Debug_debugwire\libff_avr.a(mmc_avr_spi.o)
 .text.wait_ready
                0x00004bbe       0x36 C:\Users\Bernd\Documents\Atmel Studio\7.0\Cass2SD\Cass2SD\ff_avr\Debug_debugwire\libff_avr.a(mmc_avr_spi.o)
 .text.deselect
                0x00004bf4        0xc C:\Users\Bernd\Documents\Atmel Studio\7.0\Cass2SD\Cass2SD\ff_avr\Debug_debugwire\libff_avr.a(mmc_avr_spi.o)
 .text.select   0x00004c00       0x2a C:\Users\Bernd\Documents\Atmel Studio\7.0\Cass2SD\Cass2SD\ff_avr\Debug_debugwire\libff_avr.a(mmc_avr_spi.o)
 .text.rcvr_datablock
                0x00004c2a       0x48 C:\Users\Bernd\Documents\Atmel Studio\7.0\Cass2SD\Cass2SD\ff_avr\Debug_debugwire\libff_avr.a(mmc_avr_spi.o)
 .text.xmit_datablock
                0x00004c72       0x4c C:\Users\Bernd\Documents\Atmel Studio\7.0\Cass2SD\Cass2SD\ff_avr\Debug_debugwire\libff_avr.a(mmc_avr_spi.o)
 .text.send_cmd
                0x00004cbe       0x82 C:\Users\Bernd\Documents\Atmel Studio\7.0\Cass2SD\Cass2SD\ff_avr\Debug_debugwire\libff_avr.a(mmc_avr_spi.o)
 .text.mmc_disk_initialize
                0x00004d40      0x1aa C:\Users\Bernd\Documents\Atmel Studio\7.0\Cass2SD\Cass2SD\ff_avr\Debug_debugwire\libff_avr.a(mmc_avr_spi.o)
                0x00004d40                mmc_disk_initialize
 .text.mmc_disk_status
                0x00004eea        0x6 C:\Users\Bernd\Documents\Atmel Studio\7.0\Cass2SD\Cass2SD\ff_avr\Debug_debugwire\libff_avr.a(mmc_avr_spi.o)
                0x00004eea                mmc_disk_status
 .text.mmc_disk_read
                0x00004ef0       0x9a C:\Users\Bernd\Documents\Atmel Studio\7.0\Cass2SD\Cass2SD\ff_avr\Debug_debugwire\libff_avr.a(mmc_avr_spi.o)
                0x00004ef0                mmc_disk_read
 .text.mmc_disk_write
                0x00004f8a       0xd8 C:\Users\Bernd\Documents\Atmel Studio\7.0\Cass2SD\Cass2SD\ff_avr\Debug_debugwire\libff_avr.a(mmc_avr_spi.o)
                0x00004f8a                mmc_disk_write
 .text.mmc_disk_ioctl
                0x00005062      0x702 C:\Users\Bernd\Documents\Atmel Studio\7.0\Cass2SD\Cass2SD\ff_avr\Debug_debugwire\libff_avr.a(mmc_avr_spi.o)
                0x00005062                mmc_disk_ioctl
 .text.mmc_disk_timerproc
                0x00005764       0x28 C:\Users\Bernd\Documents\Atmel Studio\7.0\Cass2SD\Cass2SD\ff_avr\Debug_debugwire\libff_avr.a(mmc_avr_spi.o)
                0x00005764                mmc_disk_timerproc
 .text.toggle_e
                0x0000578c       0x16 C:\Users\Bernd\Documents\Atmel Studio\7.0\Cass2SD\Cass2SD\lcd\Debug_debugwire\liblcd.a(lcd.o)
 .text.lcd_write
                0x000057a2       0x46 C:\Users\Bernd\Documents\Atmel Studio\7.0\Cass2SD\Cass2SD\lcd\Debug_debugwire\liblcd.a(lcd.o)
 .text.lcd_read
                0x000057e8       0x5c C:\Users\Bernd\Documents\Atmel Studio\7.0\Cass2SD\Cass2SD\lcd\Debug_debugwire\liblcd.a(lcd.o)
 .text.lcd_waitbusy
                0x00005844       0x16 C:\Users\Bernd\Documents\Atmel Studio\7.0\Cass2SD\Cass2SD\lcd\Debug_debugwire\liblcd.a(lcd.o)
 .text.lcd_command
                0x0000585a       0x10 C:\Users\Bernd\Documents\Atmel Studio\7.0\Cass2SD\Cass2SD\lcd\Debug_debugwire\liblcd.a(lcd.o)
                0x0000585a                lcd_command
 .text.lcd_gotoxy
                0x0000586a       0x10 C:\Users\Bernd\Documents\Atmel Studio\7.0\Cass2SD\Cass2SD\lcd\Debug_debugwire\liblcd.a(lcd.o)
                0x0000586a                lcd_gotoxy
 .text.lcd_clrscr
                0x0000587a        0x6 C:\Users\Bernd\Documents\Atmel Studio\7.0\Cass2SD\Cass2SD\lcd\Debug_debugwire\liblcd.a(lcd.o)
                0x0000587a                lcd_clrscr
 .text.lcd_putc
                0x00005880       0x24 C:\Users\Bernd\Documents\Atmel Studio\7.0\Cass2SD\Cass2SD\lcd\Debug_debugwire\liblcd.a(lcd.o)
                0x00005880                lcd_putc
 .text.lcd_init
                0x000058a4       0x7c C:\Users\Bernd\Documents\Atmel Studio\7.0\Cass2SD\Cass2SD\lcd\Debug_debugwire\liblcd.a(lcd.o)
                0x000058a4                lcd_init
 .text.libgcc.div
                0x00005920       0x44 c:/program files (x86)/atmel/studio/7.0/toolchain/avr8/avr8-gnu-toolchain/bin/../lib/gcc/avr/5.4.0/avr5\libgcc.a(_udivmodsi4.o)
                0x00005920                __udivmodsi4
 .text.libgcc   0x00005964        0xc c:/program files (x86)/atmel/studio/7.0/toolchain/avr8/avr8-gnu-toolchain/bin/../lib/gcc/avr/5.4.0/avr5\libgcc.a(_tablejump2.o)
                0x00005964                __tablejump2__
 .text.libgcc.mul
                0x00005970       0x1e c:/program files (x86)/atmel/studio/7.0/toolchain/avr8/avr8-gnu-toolchain/bin/../lib/gcc/avr/5.4.0/avr5\libgcc.a(_umulhisi3.o)
                0x00005970                __umulhisi3
 .text.libgcc.mul
                0x0000598e       0x14 c:/program files (x86)/atmel/studio/7.0/toolchain/avr8/avr8-gnu-toolchain/bin/../lib/gcc/avr/5.4.0/avr5\libgcc.a(_muluhisi3.o)
                0x0000598e                __muluhisi3
 .text.avr-libc
                0x000059a2       0x1c c:/program files (x86)/atmel/studio/7.0/toolchain/avr8/avr8-gnu-toolchain/bin/../lib/gcc/avr/5.4.0/../../../../avr/lib/avr5\libc.a(strncmp_P.o)
                0x000059a2                strncmp_P
 .text.avr-libc
                0x000059be        0xe c:/program files (x86)/atmel/studio/7.0/toolchain/avr8/avr8-gnu-toolchain/bin/../lib/gcc/avr/5.4.0/../../../../avr/lib/avr5\libc.a(memset.o)
                0x000059be                memset
 .text.avr-libc
                0x000059cc       0x16 c:/program files (x86)/atmel/studio/7.0/toolchain/avr8/avr8-gnu-toolchain/bin/../lib/gcc/avr/5.4.0/../../../../avr/lib/avr5\libc.a(strchr.o)
                0x000059cc                strchr
                0x000059e2                . = ALIGN (0x2)
 *(.fini9)
 .fini9         0x000059e2        0x0 c:/program files (x86)/atmel/studio/7.0/toolchain/avr8/avr8-gnu-toolchain/bin/../lib/gcc/avr/5.4.0/avr5\libgcc.a(_exit.o)
                0x000059e2                _exit
                0x000059e2                exit
 *(.fini9)
 *(.fini8)
 *(.fini8)
 *(.fini7)
 *(.fini7)
 *(.fini6)
 *(.fini6)
 *(.fini5)
 *(.fini5)
 *(.fini4)
 *(.fini4)
 *(.fini3)
 *(.fini3)
 *(.fini2)
 *(.fini2)
 *(.fini1)
 *(.fini1)
 *(.fini0)
 .fini0         0x000059e2        0x4 c:/program files (x86)/atmel/studio/7.0/toolchain/avr8/avr8-gnu-toolchain/bin/../lib/gcc/avr/5.4.0/avr5\libgcc.a(_exit.o)
 *(.fini0)
                0x000059e6                _etext = .

.data           0x00800100       0xf4 load address 0x000059e6
                0x00800100                PROVIDE (__data_start, .)
 *(.data)
 *(.data*)
 .data.key_pin_map
                0x00800100        0x6 debounced_keys.o
                0x00800100                key_pin_map
 .data.is_begin_measure
                0x00800106        0x1 kc_cass_recv_file.o
                0x00800106                is_begin_measure
 .data.kc_file_type
                0x00800107        0x2 kc_cass_send_file.o
                0x00800107                kc_file_type
 .data.block_len
                0x00800109        0x1 kc_cass_send_file.o
                0x00800109                block_len
 .data.start_buf_ptr
                0x0080010a        0x2 kc_cass_send_file.o
                0x0080010a                start_buf_ptr
 .data.Stat     0x0080010c        0x1 C:\Users\Bernd\Documents\Atmel Studio\7.0\Cass2SD\Cass2SD\ff_avr\Debug_debugwire\libff_avr.a(mmc_avr_spi.o)
 *(.rodata)
 *(.rodata*)
 .rodata.str1.1
                0x0080010d       0x26 display_util.o
                                 0x29 (size before relaxing)
 .rodata.str1.1
                0x00800133       0x5d kc_cass_recv_file.o
 .rodata.str1.1
                0x00800190       0x3c kc_cass_send_file.o
                                 0x42 (size before relaxing)
 .rodata.str1.1
                0x008001cc       0x18 main.o
                                 0x1b (size before relaxing)
 .rodata.str1.1
                0x008001e4        0xf C:\Users\Bernd\Documents\Atmel Studio\7.0\Cass2SD\Cass2SD\ff_avr\Debug_debugwire\libff_avr.a(ff.o)
 *(.gnu.linkonce.d*)
                0x008001f4                . = ALIGN (0x2)
 *fill*         0x008001f3        0x1 
                0x008001f4                _edata = .
                0x008001f4                PROVIDE (__data_end, .)

.bss            0x008001f4      0x354
                0x008001f4                PROVIDE (__bss_start, .)
 *(.bss)
 .bss           0x008001f4        0x2 C:\Users\Bernd\Documents\Atmel Studio\7.0\Cass2SD\Cass2SD\ff_avr\Debug_debugwire\libff_avr.a(xitoa.o)
                0x008001f4                xfunc_out
 *(.bss*)
 .bss.keys_debounce_last_state_bitmap
                0x008001f6        0x1 debounced_keys.o
 .bss.debounce_counter
                0x008001f7        0x3 debounced_keys.o
 .bss.display_task
                0x008001fa        0x2 debounced_keys.o
                0x008001fa                display_task
 .bss.dir_idx   0x008001fc        0x2 display_util.o
                0x008001fc                dir_idx
 .bss.vorton_cntr
                0x008001fe        0x2 kc_cass_recv_file.o
                0x008001fe                vorton_cntr
 .bss.next_bit  0x00800200        0x1 kc_cass_recv_file.o
                0x00800200                next_bit
 .bss.recv_byte
                0x00800201        0x1 kc_cass_recv_file.o
                0x00800201                recv_byte
 .bss.timeout_occured
                0x00800202        0x1 kc_cass_recv_file.o
                0x00800202                timeout_occured
 .bss.is_start_new_block
                0x00800203        0x1 kc_cass_recv_file.o
                0x00800203                is_start_new_block
 .bss.is_byte_complete
                0x00800204        0x1 kc_cass_recv_file.o
                0x00800204                is_byte_complete
 .bss.buf_idx   0x00800205        0x1 kc_cass_recv_file.o
                0x00800205                buf_idx
 .bss.is_in_recv_state
                0x00800206        0x1 kc_cass_recv_file.o
                0x00800206                is_in_recv_state
 .bss.is_first_block
                0x00800207        0x1 kc_cass_recv_file.o
                0x00800207                is_first_block
 .bss.number_of_blocks
                0x00800208        0x1 kc_cass_send_file.o
                0x00800208                number_of_blocks
 .bss.bytes_read
                0x00800209        0x2 kc_cass_send_file.o
                0x00800209                bytes_read
 .bss.send_state
                0x0080020b        0x2 kc_cass_send_file.o
                0x0080020b                send_state
 .bss.Fsid      0x0080020d        0x2 C:\Users\Bernd\Documents\Atmel Studio\7.0\Cass2SD\Cass2SD\ff_avr\Debug_debugwire\libff_avr.a(ff.o)
 .bss.FatFs     0x0080020f        0x2 C:\Users\Bernd\Documents\Atmel Studio\7.0\Cass2SD\Cass2SD\ff_avr\Debug_debugwire\libff_avr.a(ff.o)
 .bss.CardType  0x00800211        0x1 C:\Users\Bernd\Documents\Atmel Studio\7.0\Cass2SD\Cass2SD\ff_avr\Debug_debugwire\libff_avr.a(mmc_avr_spi.o)
 .bss.Timer2    0x00800212        0x1 C:\Users\Bernd\Documents\Atmel Studio\7.0\Cass2SD\Cass2SD\ff_avr\Debug_debugwire\libff_avr.a(mmc_avr_spi.o)
 .bss.Timer1    0x00800213        0x1 C:\Users\Bernd\Documents\Atmel Studio\7.0\Cass2SD\Cass2SD\ff_avr\Debug_debugwire\libff_avr.a(mmc_avr_spi.o)
 *(COMMON)
 COMMON         0x00800214        0x3 debounced_keys.o
                0x00800214                keys_changed_bitmap
                0x00800215                select_key_pressed
                0x00800216                keys_bitmap
 COMMON         0x00800217        0xd display_util.o
                0x00800217                dir_name
 COMMON         0x00800224      0x317 kc_cass_common.o
                0x00800224                FatFs
                0x00800457                Finfo
                0x0080046d                fhdl
                0x0080048f                Dir
                0x008004b7                fr
                0x008004b9                buf
 COMMON         0x0080053b        0xd kc_cass_recv_file.o
                0x0080053b                file_name
                0x00800548                PROVIDE (__bss_end, .)
                0x000059e6                __data_load_start = LOADADDR (.data)
                0x00005ada                __data_load_end = (__data_load_start + SIZEOF (.data))

.noinit         0x00800548        0x0
                [!provide]                PROVIDE (__noinit_start, .)
 *(.noinit*)
                [!provide]                PROVIDE (__noinit_end, .)
                0x00800548                _end = .
                [!provide]                PROVIDE (__heap_start, .)

.eeprom         0x00810000        0x0
 *(.eeprom*)
                0x00810000                __eeprom_end = .

.fuse
 *(.fuse)
 *(.lfuse)
 *(.hfuse)
 *(.efuse)

.lock
 *(.lock*)

.signature
 *(.signature*)

.user_signatures
 *(.user_signatures*)

.stab
 *(.stab)

.stabstr
 *(.stabstr)

.stab.excl
 *(.stab.excl)

.stab.exclstr
 *(.stab.exclstr)

.stab.index
 *(.stab.index)

.stab.indexstr
 *(.stab.indexstr)

.comment        0x00000000       0x30
 *(.comment)
 .comment       0x00000000       0x30 debounced_keys.o
                                 0x31 (size before relaxing)
 .comment       0x00000030       0x31 display_util.o
 .comment       0x00000030       0x31 kc_cass_common.o
 .comment       0x00000030       0x31 kc_cass_recv_file.o
 .comment       0x00000030       0x31 kc_cass_send_file.o
 .comment       0x00000030       0x31 main.o
 .comment       0x00000030       0x31 C:\Users\Bernd\Documents\Atmel Studio\7.0\Cass2SD\Cass2SD\ff_avr\Debug_debugwire\libff_avr.a(diskio.o)
 .comment       0x00000030       0x31 C:\Users\Bernd\Documents\Atmel Studio\7.0\Cass2SD\Cass2SD\ff_avr\Debug_debugwire\libff_avr.a(ff.o)
 .comment       0x00000030       0x31 C:\Users\Bernd\Documents\Atmel Studio\7.0\Cass2SD\Cass2SD\ff_avr\Debug_debugwire\libff_avr.a(mmc_avr_spi.o)
 .comment       0x00000030       0x31 C:\Users\Bernd\Documents\Atmel Studio\7.0\Cass2SD\Cass2SD\lcd\Debug_debugwire\liblcd.a(lcd.o)

.note.gnu.avr.deviceinfo
                0x00000000       0x40
 .note.gnu.avr.deviceinfo
                0x00000000       0x40 C:/Program Files (x86)/Atmel/Studio/7.0/Packs/atmel/ATmega_DFP/1.2.132/gcc/dev/atmega328p/avr5/crtatmega328p.o

.note.gnu.build-id
 *(.note.gnu.build-id)

.debug
 *(.debug)

.line
 *(.line)

.debug_srcinfo
 *(.debug_srcinfo)

.debug_sfnames
 *(.debug_sfnames)

.debug_aranges  0x00000000      0x4e8
 *(.debug_aranges)
 .debug_aranges
                0x00000000       0x28 debounced_keys.o
 .debug_aranges
                0x00000028       0x60 display_util.o
 .debug_aranges
                0x00000088       0x20 kc_cass_common.o
 .debug_aranges
                0x000000a8       0x60 kc_cass_recv_file.o
 .debug_aranges
                0x00000108       0x70 kc_cass_send_file.o
 .debug_aranges
                0x00000178       0x48 main.o
 .debug_aranges
                0x000001c0       0x48 C:\Users\Bernd\Documents\Atmel Studio\7.0\Cass2SD\Cass2SD\ff_avr\Debug_debugwire\libff_avr.a(diskio.o)
 .debug_aranges
                0x00000208      0x1a8 C:\Users\Bernd\Documents\Atmel Studio\7.0\Cass2SD\Cass2SD\ff_avr\Debug_debugwire\libff_avr.a(ff.o)
 .debug_aranges
                0x000003b0       0x90 C:\Users\Bernd\Documents\Atmel Studio\7.0\Cass2SD\Cass2SD\ff_avr\Debug_debugwire\libff_avr.a(mmc_avr_spi.o)
 .debug_aranges
                0x00000440       0x20 C:\Users\Bernd\Documents\Atmel Studio\7.0\Cass2SD\Cass2SD\ff_avr\Debug_debugwire\libff_avr.a(xitoa.o)
 .debug_aranges
                0x00000460       0x88 C:\Users\Bernd\Documents\Atmel Studio\7.0\Cass2SD\Cass2SD\lcd\Debug_debugwire\liblcd.a(lcd.o)

.debug_pubnames
 *(.debug_pubnames)

.debug_info     0x00000000     0x87cf
 *(.debug_info .gnu.linkonce.wi.*)
 .debug_info    0x00000000      0x5f4 C:/Program Files (x86)/Atmel/Studio/7.0/Packs/atmel/ATmega_DFP/1.2.132/gcc/dev/atmega328p/avr5/crtatmega328p.o
 .debug_info    0x000005f4      0x205 debounced_keys.o
 .debug_info    0x000007f9      0x891 display_util.o
 .debug_info    0x0000108a      0x550 kc_cass_common.o
 .debug_info    0x000015da      0x9cf kc_cass_recv_file.o
 .debug_info    0x00001fa9      0xe76 kc_cass_send_file.o
 .debug_info    0x00002e1f      0x919 main.o
 .debug_info    0x00003738      0x33c C:\Users\Bernd\Documents\Atmel Studio\7.0\Cass2SD\Cass2SD\ff_avr\Debug_debugwire\libff_avr.a(diskio.o)
 .debug_info    0x00003a74     0x3674 C:\Users\Bernd\Documents\Atmel Studio\7.0\Cass2SD\Cass2SD\ff_avr\Debug_debugwire\libff_avr.a(ff.o)
 .debug_info    0x000070e8      0xed6 C:\Users\Bernd\Documents\Atmel Studio\7.0\Cass2SD\Cass2SD\ff_avr\Debug_debugwire\libff_avr.a(mmc_avr_spi.o)
 .debug_info    0x00007fbe       0x84 C:\Users\Bernd\Documents\Atmel Studio\7.0\Cass2SD\Cass2SD\ff_avr\Debug_debugwire\libff_avr.a(xitoa.o)
 .debug_info    0x00008042      0x78d C:\Users\Bernd\Documents\Atmel Studio\7.0\Cass2SD\Cass2SD\lcd\Debug_debugwire\liblcd.a(lcd.o)

.debug_abbrev   0x00000000     0x1968
 *(.debug_abbrev)
 .debug_abbrev  0x00000000      0x5a2 C:/Program Files (x86)/Atmel/Studio/7.0/Packs/atmel/ATmega_DFP/1.2.132/gcc/dev/atmega328p/avr5/crtatmega328p.o
 .debug_abbrev  0x000005a2       0xf3 debounced_keys.o
 .debug_abbrev  0x00000695      0x252 display_util.o
 .debug_abbrev  0x000008e7      0x127 kc_cass_common.o
 .debug_abbrev  0x00000a0e      0x219 kc_cass_recv_file.o
 .debug_abbrev  0x00000c27      0x35e kc_cass_send_file.o
 .debug_abbrev  0x00000f85      0x249 main.o
 .debug_abbrev  0x000011ce      0x10c C:\Users\Bernd\Documents\Atmel Studio\7.0\Cass2SD\Cass2SD\ff_avr\Debug_debugwire\libff_avr.a(diskio.o)
 .debug_abbrev  0x000012da      0x204 C:\Users\Bernd\Documents\Atmel Studio\7.0\Cass2SD\Cass2SD\ff_avr\Debug_debugwire\libff_avr.a(ff.o)
 .debug_abbrev  0x000014de      0x218 C:\Users\Bernd\Documents\Atmel Studio\7.0\Cass2SD\Cass2SD\ff_avr\Debug_debugwire\libff_avr.a(mmc_avr_spi.o)
 .debug_abbrev  0x000016f6       0x14 C:\Users\Bernd\Documents\Atmel Studio\7.0\Cass2SD\Cass2SD\ff_avr\Debug_debugwire\libff_avr.a(xitoa.o)
 .debug_abbrev  0x0000170a      0x25e C:\Users\Bernd\Documents\Atmel Studio\7.0\Cass2SD\Cass2SD\lcd\Debug_debugwire\liblcd.a(lcd.o)

.debug_line     0x00000000     0x5e08
 *(.debug_line .debug_line.* .debug_line_end)
 .debug_line    0x00000000      0x133 C:/Program Files (x86)/Atmel/Studio/7.0/Packs/atmel/ATmega_DFP/1.2.132/gcc/dev/atmega328p/avr5/crtatmega328p.o
 .debug_line    0x00000133      0x37b debounced_keys.o
 .debug_line    0x000004ae      0x5f6 display_util.o
 .debug_line    0x00000aa4      0x2c4 kc_cass_common.o
 .debug_line    0x00000d68      0x799 kc_cass_recv_file.o
 .debug_line    0x00001501      0xa78 kc_cass_send_file.o
 .debug_line    0x00001f79      0x66c main.o
 .debug_line    0x000025e5      0x133 C:\Users\Bernd\Documents\Atmel Studio\7.0\Cass2SD\Cass2SD\ff_avr\Debug_debugwire\libff_avr.a(diskio.o)
 .debug_line    0x00002718     0x21b0 C:\Users\Bernd\Documents\Atmel Studio\7.0\Cass2SD\Cass2SD\ff_avr\Debug_debugwire\libff_avr.a(ff.o)
 .debug_line    0x000048c8      0x9e8 C:\Users\Bernd\Documents\Atmel Studio\7.0\Cass2SD\Cass2SD\ff_avr\Debug_debugwire\libff_avr.a(mmc_avr_spi.o)
 .debug_line    0x000052b0      0x742 C:\Users\Bernd\Documents\Atmel Studio\7.0\Cass2SD\Cass2SD\ff_avr\Debug_debugwire\libff_avr.a(xitoa.o)
 .debug_line    0x000059f2      0x416 C:\Users\Bernd\Documents\Atmel Studio\7.0\Cass2SD\Cass2SD\lcd\Debug_debugwire\liblcd.a(lcd.o)

.debug_frame    0x00000000     0x15c8
 *(.debug_frame)
 .debug_frame   0x00000000       0x34 debounced_keys.o
 .debug_frame   0x00000034      0x248 display_util.o
 .debug_frame   0x0000027c       0x24 kc_cass_common.o
 .debug_frame   0x000002a0      0x14c kc_cass_recv_file.o
 .debug_frame   0x000003ec      0x17c kc_cass_send_file.o
 .debug_frame   0x00000568       0xc8 main.o
 .debug_frame   0x00000630       0x8c C:\Users\Bernd\Documents\Atmel Studio\7.0\Cass2SD\Cass2SD\ff_avr\Debug_debugwire\libff_avr.a(diskio.o)
 .debug_frame   0x000006bc      0xbd8 C:\Users\Bernd\Documents\Atmel Studio\7.0\Cass2SD\Cass2SD\ff_avr\Debug_debugwire\libff_avr.a(ff.o)
 .debug_frame   0x00001294      0x1fc C:\Users\Bernd\Documents\Atmel Studio\7.0\Cass2SD\Cass2SD\ff_avr\Debug_debugwire\libff_avr.a(mmc_avr_spi.o)
 .debug_frame   0x00001490      0x138 C:\Users\Bernd\Documents\Atmel Studio\7.0\Cass2SD\Cass2SD\lcd\Debug_debugwire\liblcd.a(lcd.o)

.debug_str      0x00000000     0xaec4
 *(.debug_str)
 .debug_str     0x00000000      0x208 C:/Program Files (x86)/Atmel/Studio/7.0/Packs/atmel/ATmega_DFP/1.2.132/gcc/dev/atmega328p/avr5/crtatmega328p.o
 .debug_str     0x00000208     0x68e4 debounced_keys.o
                               0x6995 (size before relaxing)
 .debug_str     0x00006aec     0x2751 display_util.o
                               0x90b8 (size before relaxing)
 .debug_str     0x0000923d       0xf9 kc_cass_common.o
                               0x8241 (size before relaxing)
 .debug_str     0x00009336      0x81a kc_cass_recv_file.o
                               0x90a9 (size before relaxing)
 .debug_str     0x00009b50      0x596 kc_cass_send_file.o
                               0x983a (size before relaxing)
 .debug_str     0x0000a0e6      0x809 main.o
                               0x9eca (size before relaxing)
 .debug_str     0x0000a8ef      0x17f C:\Users\Bernd\Documents\Atmel Studio\7.0\Cass2SD\Cass2SD\ff_avr\Debug_debugwire\libff_avr.a(diskio.o)
                                0x249 (size before relaxing)
 .debug_str     0x0000aa6e      0x221 C:\Users\Bernd\Documents\Atmel Studio\7.0\Cass2SD\Cass2SD\ff_avr\Debug_debugwire\libff_avr.a(ff.o)
                                0x682 (size before relaxing)
 .debug_str     0x0000ac8f       0xb6 C:\Users\Bernd\Documents\Atmel Studio\7.0\Cass2SD\Cass2SD\ff_avr\Debug_debugwire\libff_avr.a(mmc_avr_spi.o)
                                0x2ec (size before relaxing)
 .debug_str     0x0000ad45      0x17f C:\Users\Bernd\Documents\Atmel Studio\7.0\Cass2SD\Cass2SD\lcd\Debug_debugwire\liblcd.a(lcd.o)
                                0x26e (size before relaxing)

.debug_loc      0x00000000     0x8d00
 *(.debug_loc)
 .debug_loc     0x00000000       0x7c debounced_keys.o
 .debug_loc     0x0000007c      0xadc display_util.o
 .debug_loc     0x00000b58       0x3e kc_cass_common.o
 .debug_loc     0x00000b96      0x2af kc_cass_recv_file.o
 .debug_loc     0x00000e45      0x667 kc_cass_send_file.o
 .debug_loc     0x000014ac      0x166 main.o
 .debug_loc     0x00001612      0x38d C:\Users\Bernd\Documents\Atmel Studio\7.0\Cass2SD\Cass2SD\ff_avr\Debug_debugwire\libff_avr.a(diskio.o)
 .debug_loc     0x0000199f     0x54f5 C:\Users\Bernd\Documents\Atmel Studio\7.0\Cass2SD\Cass2SD\ff_avr\Debug_debugwire\libff_avr.a(ff.o)
 .debug_loc     0x00006e94     0x16ef C:\Users\Bernd\Documents\Atmel Studio\7.0\Cass2SD\Cass2SD\ff_avr\Debug_debugwire\libff_avr.a(mmc_avr_spi.o)
 .debug_loc     0x00008583      0x77d C:\Users\Bernd\Documents\Atmel Studio\7.0\Cass2SD\Cass2SD\lcd\Debug_debugwire\liblcd.a(lcd.o)

.debug_macinfo
 *(.debug_macinfo)

.debug_weaknames
 *(.debug_weaknames)

.debug_funcnames
 *(.debug_funcnames)

.debug_typenames
 *(.debug_typenames)

.debug_varnames
 *(.debug_varnames)

.debug_pubtypes
 *(.debug_pubtypes)

.debug_ranges   0x00000000      0x470
 *(.debug_ranges)
 .debug_ranges  0x00000000       0x18 debounced_keys.o
 .debug_ranges  0x00000018       0x50 display_util.o
 .debug_ranges  0x00000068       0x28 kc_cass_common.o
 .debug_ranges  0x00000090       0x68 kc_cass_recv_file.o
 .debug_ranges  0x000000f8       0x78 kc_cass_send_file.o
 .debug_ranges  0x00000170       0x38 main.o
 .debug_ranges  0x000001a8       0x38 C:\Users\Bernd\Documents\Atmel Studio\7.0\Cass2SD\Cass2SD\ff_avr\Debug_debugwire\libff_avr.a(diskio.o)
 .debug_ranges  0x000001e0      0x198 C:\Users\Bernd\Documents\Atmel Studio\7.0\Cass2SD\Cass2SD\ff_avr\Debug_debugwire\libff_avr.a(ff.o)
 .debug_ranges  0x00000378       0x80 C:\Users\Bernd\Documents\Atmel Studio\7.0\Cass2SD\Cass2SD\ff_avr\Debug_debugwire\libff_avr.a(mmc_avr_spi.o)
 .debug_ranges  0x000003f8       0x78 C:\Users\Bernd\Documents\Atmel Studio\7.0\Cass2SD\Cass2SD\lcd\Debug_debugwire\liblcd.a(lcd.o)

.debug_macro    0x00000000     0x3c71
 *(.debug_macro)
 .debug_macro   0x00000000       0x99 debounced_keys.o
 .debug_macro   0x00000099      0xa54 debounced_keys.o
 .debug_macro   0x00000aed      0x1c9 debounced_keys.o
 .debug_macro   0x00000cb6       0x22 debounced_keys.o
 .debug_macro   0x00000cd8       0x40 debounced_keys.o
 .debug_macro   0x00000d18       0x10 debounced_keys.o
 .debug_macro   0x00000d28      0x302 debounced_keys.o
 .debug_macro   0x0000102a       0x9e debounced_keys.o
 .debug_macro   0x000010c8     0x1410 debounced_keys.o
 .debug_macro   0x000024d8      0x13a debounced_keys.o
 .debug_macro   0x00002612       0xbd debounced_keys.o
 .debug_macro   0x000026cf       0x34 debounced_keys.o
 .debug_macro   0x00002703       0x18 debounced_keys.o
 .debug_macro   0x0000271b       0x6c debounced_keys.o
 .debug_macro   0x00002787      0x122 display_util.o
 .debug_macro   0x000028a9       0x10 display_util.o
 .debug_macro   0x000028b9      0x2fc display_util.o
 .debug_macro   0x00002bb5       0x89 display_util.o
 .debug_macro   0x00002c3e       0xaa display_util.o
 .debug_macro   0x00002ce8       0xee display_util.o
 .debug_macro   0x00002dd6       0x10 display_util.o
 .debug_macro   0x00002de6      0x160 display_util.o
 .debug_macro   0x00002f46       0xf6 display_util.o
 .debug_macro   0x0000303c       0xe9 display_util.o
 .debug_macro   0x00003125       0xe2 display_util.o
 .debug_macro   0x00003207       0x16 display_util.o
 .debug_macro   0x0000321d      0x1e3 display_util.o
 .debug_macro   0x00003400       0x34 display_util.o
 .debug_macro   0x00003434       0x1c display_util.o
 .debug_macro   0x00003450       0x46 display_util.o
 .debug_macro   0x00003496       0xca kc_cass_common.o
 .debug_macro   0x00003560      0x153 kc_cass_recv_file.o
 .debug_macro   0x000036b3       0x69 kc_cass_recv_file.o
 .debug_macro   0x0000371c       0x16 kc_cass_recv_file.o
 .debug_macro   0x00003732       0x20 kc_cass_recv_file.o
 .debug_macro   0x00003752       0x10 kc_cass_recv_file.o
 .debug_macro   0x00003762       0x28 kc_cass_recv_file.o
 .debug_macro   0x0000378a       0x22 kc_cass_recv_file.o
 .debug_macro   0x000037ac       0x34 kc_cass_recv_file.o
 .debug_macro   0x000037e0      0x169 kc_cass_send_file.o
 .debug_macro   0x00003949       0xd6 kc_cass_send_file.o
 .debug_macro   0x00003a1f       0x1c kc_cass_send_file.o
 .debug_macro   0x00003a3b      0x16c main.o
 .debug_macro   0x00003ba7       0x49 main.o
 .debug_macro   0x00003bf0       0x81 main.o
OUTPUT(main.elf elf32-avr)
LOAD linker stubs
